
 Start         Length     Name                   Class
 0001:00000000 0000D5D8H .text                   CODE
 0002:00000000 0000056CH .data                   DATA
 0002:0000056C 00000089H .bss                    BSS


Detailed map of segments

 0001:00000000 00000206 C=CODE     S=.text    G=(none)   M=System   ACBP=A9
 0001:00000208 000001EC C=CODE     S=.text    G=(none)   M=SysInit  ACBP=A9
 0001:000003F4 0000000E C=CODE     S=.text    G=(none)   M=Types    ACBP=A9
 0001:00000404 00000098 C=CODE     S=.text    G=(none)   M=Windows  ACBP=A9
 0001:0000049C 00000038 C=CODE     S=.text    G=(none)   M=Messages ACBP=A9
 0001:000004D4 0000000E C=CODE     S=.text    G=(none)   M=ActiveX  ACBP=A9
 0001:000004E4 0000000E C=CODE     S=.text    G=(none)   M=SysConst ACBP=A9
 0001:000004F4 0000010E C=CODE     S=.text    G=(none)   M=SysUtils ACBP=A9
 0001:00000604 0000000E C=CODE     S=.text    G=(none)   M=VarUtils ACBP=A9
 0001:00000614 0000000E C=CODE     S=.text    G=(none)   M=Variants ACBP=A9
 0001:00000624 0000000E C=CODE     S=.text    G=(none)   M=RTLConsts ACBP=A9
 0001:00000634 0000000E C=CODE     S=.text    G=(none)   M=TypInfo  ACBP=A9
 0001:00000644 000000B6 C=CODE     S=.text    G=(none)   M=Classes  ACBP=A9
 0001:000006FC 0000000E C=CODE     S=.text    G=(none)   M=Consts   ACBP=A9
 0001:0000070C 000000A6 C=CODE     S=.text    G=(none)   M=Graphics ACBP=A9
 0001:000007B4 0000000E C=CODE     S=.text    G=(none)   M=StdVCL   ACBP=A9
 0001:000007C4 0000000E C=CODE     S=.text    G=(none)   M=ComConst ACBP=A9
 0001:000007D4 0000000E C=CODE     S=.text    G=(none)   M=ComObj   ACBP=A9
 0001:000007E4 0000000E C=CODE     S=.text    G=(none)   M=Math     ACBP=A9
 0001:000007F4 0000000E C=CODE     S=.text    G=(none)   M=Contnrs  ACBP=A9
 0001:00000804 00000038 C=CODE     S=.text    G=(none)   M=CommCtrl ACBP=A9
 0001:0000083C 0000000E C=CODE     S=.text    G=(none)   M=HelpIntfs ACBP=A9
 0001:0000084C 0000000E C=CODE     S=.text    G=(none)   M=MultiMon ACBP=A9
 0001:0000085C 00000038 C=CODE     S=.text    G=(none)   M=Imm      ACBP=A9
 0001:00000894 0000000E C=CODE     S=.text    G=(none)   M=WinHelpViewer ACBP=A9
 0001:000008A4 00000038 C=CODE     S=.text    G=(none)   M=UrlMon   ACBP=A9
 0001:000008DC 00000038 C=CODE     S=.text    G=(none)   M=WinInet  ACBP=A9
 0001:00000914 00000038 C=CODE     S=.text    G=(none)   M=RegStr   ACBP=A9
 0001:0000094C 00000038 C=CODE     S=.text    G=(none)   M=ShellAPI ACBP=A9
 0001:00000984 00000038 C=CODE     S=.text    G=(none)   M=ShlObj   ACBP=A9
 0001:000009BC 00000038 C=CODE     S=.text    G=(none)   M=WinSpool ACBP=A9
 0001:000009F4 0000000E C=CODE     S=.text    G=(none)   M=Printers ACBP=A9
 0001:00000A04 000000D6 C=CODE     S=.text    G=(none)   M=StdCtrls ACBP=A9
 0001:00000ADC 00000038 C=CODE     S=.text    G=(none)   M=CommDlg  ACBP=A9
 0001:00000B14 00000038 C=CODE     S=.text    G=(none)   M=Dlgs     ACBP=A9
 0001:00000B4C 0000005E C=CODE     S=.text    G=(none)   M=ExtCtrls ACBP=A9
 0001:00000BAC 0000000E C=CODE     S=.text    G=(none)   M=Dialogs  ACBP=A9
 0001:00000BBC 0000000E C=CODE     S=.text    G=(none)   M=StrUtils ACBP=A9
 0001:00000BCC 0000000E C=CODE     S=.text    G=(none)   M=Clipbrd  ACBP=A9
 0001:00000BDC 0000000E C=CODE     S=.text    G=(none)   M=StdActns ACBP=A9
 0001:00000BEC 0000000E C=CODE     S=.text    G=(none)   M=FlatSB   ACBP=A9
 0001:00000BFC 00000026 C=CODE     S=.text    G=(none)   M=Menus    ACBP=A9
 0001:00000C24 00000166 C=CODE     S=.text    G=(none)   M=Forms    ACBP=A9
 0001:00000D8C 0000000E C=CODE     S=.text    G=(none)   M=ImgList  ACBP=A9
 0001:00000D9C 0000000E C=CODE     S=.text    G=(none)   M=ActnList ACBP=A9
 0001:00000DAC 0000027E C=CODE     S=.text    G=(none)   M=Controls ACBP=A9
 0001:0000102C 0000000E C=CODE     S=.text    G=(none)   M=ToolWin  ACBP=A9
 0001:0000103C 00000038 C=CODE     S=.text    G=(none)   M=RichEdit ACBP=A9
 0001:00001074 0000000E C=CODE     S=.text    G=(none)   M=IniFiles ACBP=A9
 0001:00001084 0000000E C=CODE     S=.text    G=(none)   M=Registry ACBP=A9
 0001:00001094 0000002E C=CODE     S=.text    G=(none)   M=Buttons  ACBP=A9
 0001:000010C4 0000000E C=CODE     S=.text    G=(none)   M=ExtDlgs  ACBP=A9
 0001:000010D4 0000000E C=CODE     S=.text    G=(none)   M=Mapi     ACBP=A9
 0001:000010E4 0000000E C=CODE     S=.text    G=(none)   M=ExtActns ACBP=A9
 0001:000010F4 0000000E C=CODE     S=.text    G=(none)   M=ComStrs  ACBP=A9
 0001:00001104 0000000E C=CODE     S=.text    G=(none)   M=ListActns ACBP=A9
 0001:00001114 0000008E C=CODE     S=.text    G=(none)   M=ComCtrls ACBP=A9
 0001:000011A4 00000066 C=CODE     S=.text    G=(none)   M=Grids    ACBP=A9
 0001:0000120C 0000005E C=CODE     S=.text    G=(none)   M=Mask     ACBP=A9
 0001:0000126C 0000000E C=CODE     S=.text    G=(none)   M=MaskUtils ACBP=A9
 0001:0000127C 0000000E C=CODE     S=.text    G=(none)   M=CheckLst ACBP=A9
 0001:0000128C 00000066 C=CODE     S=.text    G=(none)   M=Calendar ACBP=A9
 0001:000012F4 000003DC C=CODE     S=.text    G=(none)   M=ORDtTmCal ACBP=A9
 0001:000016D0 00000046 C=CODE     S=.text    G=(none)   M=ORCtrls  ACBP=A9
 0001:00001718 0000000E C=CODE     S=.text    G=(none)   M=Accessibility_TLB ACBP=A9
 0001:00001728 0000000E C=CODE     S=.text    G=(none)   M=uAccessAPI ACBP=A9
 0001:00001738 0000000E C=CODE     S=.text    G=(none)   M=Chart    ACBP=A9
 0001:00001748 0000000E C=CODE     S=.text    G=(none)   M=TeCanvas ACBP=A9
 0001:00001758 0000000E C=CODE     S=.text    G=(none)   M=TeeFunci ACBP=A9
 0001:00001768 0000001E C=CODE     S=.text    G=(none)   M=TeEngine ACBP=A9
 0001:00001788 0000000E C=CODE     S=.text    G=(none)   M=TeeProcs ACBP=A9
 0001:00001798 0000000E C=CODE     S=.text    G=(none)   M=TeeConst ACBP=A9
 0001:000017A8 000052A8 C=CODE     S=.text    G=(none)   M=ORFn     ACBP=A9
 0001:00006A50 0000004E C=CODE     S=.text    G=(none)   M=Trpcb    ACBP=A9
 0001:00006AA0 0000000E C=CODE     S=.text    G=(none)   M=Xwbut1   ACBP=A9
 0001:00006AB0 0000000E C=CODE     S=.text    G=(none)   M=MFunStr  ACBP=A9
 0001:00006AC0 0000000E C=CODE     S=.text    G=(none)   M=Hash     ACBP=A9
 0001:00006AD0 0000000E C=CODE     S=.text    G=(none)   M=Loginfrm ACBP=A9
 0001:00006AE0 0000000E C=CODE     S=.text    G=(none)   M=XWBRich20 ACBP=A9
 0001:00006AF0 0000000E C=CODE     S=.text    G=(none)   M=frmSignonMessage ACBP=A9
 0001:00006B00 0000000E C=CODE     S=.text    G=(none)   M=Sgnoncnf ACBP=A9
 0001:00006B10 0000000E C=CODE     S=.text    G=(none)   M=fSgnonDlg ACBP=A9
 0001:00006B20 00000016 C=CODE     S=.text    G=(none)   M=Rpcconf1 ACBP=A9
 0001:00006B38 0000000E C=CODE     S=.text    G=(none)   M=RpcNet   ACBP=A9
 0001:00006B48 00000050 C=CODE     S=.text    G=(none)   M=WinSock  ACBP=A9
 0001:00006B98 0000000E C=CODE     S=.text    G=(none)   M=AddServer ACBP=A9
 0001:00006BA8 0000000E C=CODE     S=.text    G=(none)   M=fRPCBErrMsg ACBP=A9
 0001:00006BB8 0000000E C=CODE     S=.text    G=(none)   M=VCEdit   ACBP=A9
 0001:00006BC8 0000000E C=CODE     S=.text    G=(none)   M=RpcSLogin ACBP=A9
 0001:00006BD8 0000000E C=CODE     S=.text    G=(none)   M=CCOWRPCBroker ACBP=A9
 0001:00006BE8 0000000E C=CODE     S=.text    G=(none)   M=AxCtrls  ACBP=A9
 0001:00006BF8 0000000E C=CODE     S=.text    G=(none)   M=OleConst ACBP=A9
 0001:00006C08 0000000E C=CODE     S=.text    G=(none)   M=OleCtrls ACBP=A9
 0001:00006C18 0000000E C=CODE     S=.text    G=(none)   M=VERGENCECONTEXTORLib_TLB ACBP=A9
 0001:00006C28 0000000E C=CODE     S=.text    G=(none)   M=OleServer ACBP=A9
 0001:00006C38 0000000E C=CODE     S=.text    G=(none)   M=Rpcberr  ACBP=A9
 0001:00006C48 0000000E C=CODE     S=.text    G=(none)   M=Wsockc   ACBP=A9
 0001:00006C58 0000000E C=CODE     S=.text    G=(none)   M=fDebugInfo ACBP=A9
 0001:00006C68 0000000E C=CODE     S=.text    G=(none)   M=SelDiv   ACBP=A9
 0001:00006C78 0000000E C=CODE     S=.text    G=(none)   M=CCOW_const ACBP=A9
 0001:00006C88 00001484 C=CODE     S=.text    G=(none)   M=ORNet    ACBP=A9
 0001:0000810C 00004584 C=CODE     S=.text    G=(none)   M=ORDtTm   ACBP=A9
 0001:0000C690 00000BD8 C=CODE     S=.text    G=(none)   M=ORDtTmRng ACBP=A9
 0001:0000D268 0000036D C=CODE     S=.text    G=(none)   M=ORDateLib60 ACBP=A9
 0002:00000000 00000028 C=DATA     S=.data    G=DGROUP   M=SysInit  ACBP=A9
 0002:00000028 000004F4 C=DATA     S=.data    G=DGROUP   M=ORFn     ACBP=A9
 0002:0000051C 0000000A C=DATA     S=.data    G=DGROUP   M=ORNet    ACBP=A9
 0002:00000528 00000030 C=DATA     S=.data    G=DGROUP   M=ORDtTm   ACBP=A9
 0002:00001000 00000018 C=BSS      S=.bss     G=DGROUP   M=SysInit  ACBP=A9
 0002:00001018 00000004 C=BSS      S=.bss     G=DGROUP   M=Windows  ACBP=A9
 0002:0000101C 00000004 C=BSS      S=.bss     G=DGROUP   M=Messages ACBP=A9
 0002:00001020 00000004 C=BSS      S=.bss     G=DGROUP   M=CommCtrl ACBP=A9
 0002:00001024 00000004 C=BSS      S=.bss     G=DGROUP   M=Imm      ACBP=A9
 0002:00001028 00000004 C=BSS      S=.bss     G=DGROUP   M=UrlMon   ACBP=A9
 0002:0000102C 00000004 C=BSS      S=.bss     G=DGROUP   M=WinInet  ACBP=A9
 0002:00001030 00000004 C=BSS      S=.bss     G=DGROUP   M=RegStr   ACBP=A9
 0002:00001034 00000004 C=BSS      S=.bss     G=DGROUP   M=ShellAPI ACBP=A9
 0002:00001038 00000004 C=BSS      S=.bss     G=DGROUP   M=ShlObj   ACBP=A9
 0002:0000103C 00000004 C=BSS      S=.bss     G=DGROUP   M=WinSpool ACBP=A9
 0002:00001040 00000004 C=BSS      S=.bss     G=DGROUP   M=CommDlg  ACBP=A9
 0002:00001044 00000004 C=BSS      S=.bss     G=DGROUP   M=Dlgs     ACBP=A9
 0002:00001048 00000004 C=BSS      S=.bss     G=DGROUP   M=RichEdit ACBP=A9
 0002:0000104C 00000004 C=BSS      S=.bss     G=DGROUP   M=ORDtTmCal ACBP=A9
 0002:00001050 0000000C C=BSS      S=.bss     G=DGROUP   M=ORFn     ACBP=A9
 0002:0000105C 00000004 C=BSS      S=.bss     G=DGROUP   M=WinSock  ACBP=A9
 0002:00001060 00000015 C=BSS      S=.bss     G=DGROUP   M=ORNet    ACBP=A9
 0002:00001078 0000000C C=BSS      S=.bss     G=DGROUP   M=ORDtTm   ACBP=A9
 0002:00001084 00000004 C=BSS      S=.bss     G=DGROUP   M=ORDtTmRng ACBP=A9


  Address         Publics by Name

 0002:0000105C       .1
 0002:00001068       .1
 0002:0000101C       .1
 0002:00001024       .1
 0002:00001050       .1
 0002:00001010       .1
 0002:00001028       .1
 0002:0000102C       .1
 0002:00001030       .1
 0002:00001034       .1
 0002:00001038       .1
 0002:00001020       .1
 0002:00001040       .1
 0002:00001044       .1
 0002:00001048       .1
 0002:0000104C       .2
 0002:0000103C       .3
 0002:00001084       .3
 0002:00001018       .3
 0002:00001078       .6
 0001:0000D5B0       @GetPackageInfoTable
 0001:00000340       @InitPkg
 0001:000003A4       @PackageLoad
 0001:0000D5B8       @PackageLoad
 0001:000003B0       @PackageUnload
 0001:0000D5C4       @PackageUnload
 0001:00008D38       ActiveBroker
 0001:00000240       AllocTlsBuffer
 0001:00007A14       AuthorizedOption
 0001:00004904       BaseFont
 0002:00000028       BOOLCHAR
 0002:00000524       BoolChar
 0001:00007998       CallBroker
 0001:000073B0       CallBrokerInContext
 0001:00007FB8       CallRPCWhenIdle
 0001:00007D44       CallV
 0001:000067D8       CallWhenIdle
 0001:00006848       CallWhenIdleNotifyWhenDone
 0001:00002610       CharAt
 0001:00000834       CommCtrl
 0001:00000B0C       CommDlg
 0001:000039E8       ComparePieces
 0001:00007A5C       ConnectToServer
 0001:00002654       ContainsAlpha
 0001:000026B4       ContainsVisibleChar
 0001:0000270C       ConvertSpecialStrings
 0002:00000114       CRC32_TABLE
 0001:00002830       CRCForFile
 0001:000028E0       CRCForStrings
 0001:00000404       CreateFont
 0001:00001900       DateTimeToFMDateTime
 0002:00000528       DaysInMonth
 0001:0000A784       DaysPerMonth
 0001:0000040C       DeleteObject
 0001:00004020       DelimCount
 0001:00000B44       Dlgs
 0001:00007F10       DottedIPStr
 0001:0000043C       DrawText
 0001:00006C88       EnsureBroker
 0001:000002EC       ExitProcessTLS
 0001:000002C4       ExitThreadTLS
 0001:00002BF8       ExpandTabsFilter
 0001:00003048       ExtractDefault
 0001:00002F40       ExtractFloat
 0001:00002E44       ExtractInteger
 0001:000031F0       ExtractItems
 0001:0000338C       ExtractText
 0002:00001054       FBaseFont
 0001:000029E4       FilteredString
 0001:000009BC       Finalization
 0001:00000984       Finalization
 0001:0000094C       Finalization
 0001:00000ADC       Finalization
 0001:00000914       Finalization
 0001:00000B14       Finalization
 0001:000008DC       Finalization
 0001:000008A4       Finalization
 0001:0000103C       Finalization
 0001:00006988       Finalization
 0001:00008008       Finalization
 0001:0000C644       Finalization
 0001:0000049C       Finalization
 0001:0000D230       Finalization
 0001:00001698       Finalization
 0001:0000085C       Finalization
 0001:00000464       Finalization
 0001:00006B60       Finalization
 0001:00000804       Finalization
 0001:000003BC       Finalization
 0001:00001C60       FMDateTimeOffsetBy
 0001:000019D0       FMDateTimeToDateTime
 0001:000049DC       FontWidthPixel
 0001:00004964       FontWidthSubPixel
 0001:00005588       ForceInsideWorkArea
 0001:00001D04       FormatFMDateTime
 0001:00002304       FormatFMDateTimeStr
 0001:00000208       FreeLibrary
 0001:00000444       GetDC
 0001:00000414       GetDeviceCaps
 0001:00006B50       gethostbyname
 0001:00006B58       gethostname
 0001:00007ED4       GetRPCMax
 0001:0000414C       GetStrings
 0001:0000041C       GetTextExtentPoint32
 0001:00000424       GetTextFace
 0001:0000042C       GetTextMetrics
 0001:0000024C       GetTlsSize
 0001:00002584       HigherOf
 0002:0000100C       HInstance
 0002:00000518       IdleCaller
 0001:0000088C       Imm
 0001:00006B48       inet_ntoa
 0001:00004748       InfoBox
 0001:00000310       InitializeModule
 0001:00000298       InitProcessTLS
 0001:00000254       InitThreadTLS
 0001:0000044C       InvalidateRect
 0001:00003528       InvertStringList
 0001:00007388       IsBaseContext
 0001:0000234C       IsFMDateTime
 0001:0000A738       IsLeapYear
 0001:00006388       KillObj
 0001:0000478C       LimitEditWidth
 0001:00004578       LimitStringLength
 0001:000060D4       ListGridDrawCell
 0001:000061C4       ListGridDrawLines
 0001:00006304       ListGridRowHeight
 0001:00007EDC       LoadRPCData
 0001:00000210       LocalAlloc
 0001:00000218       LocalFree
 0001:000025AC       LowerOf
 0001:00004918       MainFont
 0001:00004A2C       MainFontHeight
 0001:0000494C       MainFontSize
 0001:00004A14       MainFontWidth
 0001:00002434       MakeFMDateTime
 0001:000068BC       menuHideAllBut
 0001:000004CC       Messages
 0001:00003590       MixedCase
 0001:000037AC       MixedCaseByPiece
 0001:00003714       MixedCaseList
 0002:00000000       Module
 0002:00001000       ModuleIsLib
 0002:00001001       ModuleIsPackage
 0002:0000005C       MONTH_NAMES_LONG
 0002:0000002C       MONTH_NAMES_SHORT
 0001:00007CE8       MRef
 0001:00005C94       NumCharsFitInWidth
 0001:0000D5D0       ORDateLib60
 0001:0000C674       ORDtTm
 0001:000016C8       ORDtTmCal
 0001:0000D260       ORDtTmRng
 0001:000069F8       ORFn
 0001:00008088       ORNet
 0001:00003878       Piece
 0001:0000391C       Pieces
 0001:00003B68       PiecesToList
 0001:00005DE8       PopupComponent
 0001:00004444       QuickCopy
 0001:00006080       ReadOnlyColor
 0001:00004A6C       RedrawActivate
 0001:00004A50       RedrawSuspend
 0001:00005E3C       ReformatMemoParagraph
 0001:0000D13C       Register
 0001:00001668       Register
 0001:0000C5CC       Register
 0001:00000944       RegStr
 0001:00008F30       RelativeDateTime
 0001:00000454       ReleaseDC
 0002:000000F4       ReplaceChars
 0001:00004A94       ResetSelectedForList
 0001:000057A4       ResizeAnchoredFormToFont
 0001:0000520C       ResizeChartFonts
 0001:00004DB8       ResizeCheckListBox
 0001:00004D4C       ResizeComboBox
 0001:00004DEC       ResizeDescendants
 0001:000053F8       ResizeFontsInDescendants
 0001:000056A4       ResizeFormToFont
 0001:00004C34       ResizeHeaderControl
 0001:00004B34       ResizeHeight
 0001:00004D84       ResizeListBox
 0001:00004CB0       ResizeListView
 0001:00004BB4       ResizeToFont
 0001:00004AE0       ResizeWidth
 0001:00007EBC       RetainedRPCCount
 0001:00003C14       ReverseStr
 0001:0000106C       RichEdit
 0002:00001060       RPCBrokerV
 0001:00007F84       RPCIdleCallDone
 0002:00001064       RPCLastCall
 0001:00007D94       sCallV
 0002:000000D4       SearchChars
 0001:00000434       SelectObject
 0001:0000045C       SendMessage
 0001:00008D64       ServerFMNow
 0001:00008E08       ServerNow
 0001:00008E88       ServerParseFMDate
 0001:00008E40       ServerToday
 0001:000079AC       SetBrokerServer
 0001:000058B8       SetEqualTabStops
 0001:00006CF4       SetList
 0001:00002474       SetListFMDateTime
 0001:00006DAC       SetParams
 0001:00003CA4       SetPiece
 0001:00003DE0       SetPieces
 0001:00007EC8       SetRetainedRPCMax
 0001:0000097C       ShellAPI
 0001:000009B4       ShlObj
 0001:00005A14       ShowMsgOn
 0001:00003EB4       SortByPiece
 0001:000059C4       StatusText
 0001:000025D4       StrToFloatDef
 0001:000003EC       SysInit
 0001:00007E20       tCallV
 0001:00005AB0       TextHeightByFont
 0001:00005A44       TextWidthByFont
 0001:0000669C       TIdleCaller.Add
 0001:00006640       TIdleCaller.AppIdle
 0001:000064D4       TIdleCaller.Create
 0001:000065BC       TIdleCaller.Destroy
 0001:00006708       TIdleCaller.TimerDone
 0001:00000220       TlsAlloc
 0002:00001014       tlsBuffer
 0001:00000228       TlsFree
 0001:00000230       TlsGetValue
 0002:00001004       TlsIndex
 0002:FFBF1000       TlsLast
 0002:00000018       TlsProc
 0001:00000238       TlsSetValue
 0001:00001470       TORCalendar.DrawCell
 0001:000015F4       TORCalendar.KeyDown
 0001:00009E00       TORDateBox.ButtonClick
 0001:00009F78       TORDateBox.Change
 0001:00009B58       TORDateBox.Create
 0001:0000A714       TORDateBox.GetCaption
 0001:00009FDC       TORDateBox.GetFMDateTime
 0001:0000A070       TORDateBox.GetRelativeTime
 0001:0000A5E4       TORDateBox.IsValid
 0001:00009F94       TORDateBox.KeyDown
 0001:0000A66C       TORDateBox.SetCaption
 0001:0000A194       TORDateBox.SetDateOnly
 0001:0000A2F8       TORDateBox.SetEditRect
 0001:0000A240       TORDateBox.SetFMDateTime
 0001:0000A26C       TORDateBox.SetRequireTime
 0001:00009D30       TORDateBox.SetTemplateField
 0001:0000A370       TORDateBox.UpdateText
 0001:0000A480       TORDateBox.Validate
 0001:00009C90       TORDateBox.WMSize
 0001:0000BC78       TORDateCombo.BtnClicked
 0001:0000BB44       TORDateCombo.CheckDays
 0001:0000C3EC       TORDateCombo.CMFontChanged
 0001:0000A9AC       TORDateCombo.Create
 0001:0000C25C       TORDateCombo.DateText
 0001:0000B950       TORDateCombo.DayChanged
 0001:0000AA4C       TORDateCombo.Destroy
 0001:0000C3A8       TORDateCombo.DoChange
 0001:0000C0D0       TORDateCombo.GetFMDate
 0001:0000AAC8       TORDateCombo.GetYearSize
 0001:0000AB0C       TORDateCombo.InitDays
 0001:0000ACC8       TORDateCombo.InitMonths
 0001:0000BC28       TORDateCombo.Loaded
 0001:0000B9A0       TORDateCombo.MonthChanged
 0001:0000BC50       TORDateCombo.Paint
 0001:0000AE30       TORDateCombo.Rebuild
 0001:0000C3D4       TORDateCombo.Resized
 0001:0000B544       TORDateCombo.SetDay
 0001:0000C150       TORDateCombo.SetFMDate
 0001:0000B600       TORDateCombo.SetIncludeBtn
 0001:0000B634       TORDateCombo.SetIncludeDay
 0001:0000B690       TORDateCombo.SetIncludeMonth
 0001:0000B770       TORDateCombo.SetLongMonths
 0001:0000B6E8       TORDateCombo.SetMonth
 0001:0000C610       TORDateCombo.SetTemplateField
 0001:0000B7A4       TORDateCombo.SetYear
 0001:0000C410       TORDateCombo.Text
 0001:0000B9F8       TORDateCombo.YearChanged
 0001:0000BFE0       TORDateCombo.YearKeyPress
 0001:0000BE34       TORDateCombo.YearUDChange
 0001:0000A964       TORDateComboEdit.SetTemplateField
 0001:00009B28       TORDateEdit.CreateParams
 0001:0000CB24       TORDateRangeDlg.Create
 0001:0000CBF4       TORDateRangeDlg.Execute
 0001:0000CE6C       TORDateRangeDlg.SetDateOnly
 0001:0000CF5C       TORDateRangeDlg.SetFMDateStart
 0001:0000CFC0       TORDateRangeDlg.SetFMDateStop
 0001:0000CEF8       TORDateRangeDlg.SetRequireTime
 0001:0000D024       TORDateRangeDlg.SetTextOfStart
 0001:0000D044       TORDateRangeDlg.SetTextOfStop
 0001:0000970C       TORDateTimeDlg.Create
 0001:00009778       TORDateTimeDlg.Execute
 0001:00009A6C       TORDateTimeDlg.GetFMDateTime
 0001:00009A90       TORDateTimeDlg.SetDateOnly
 0001:00009ACC       TORDateTimeDlg.SetFMDateTime
 0001:00009AFC       TORDateTimeDlg.SetRequireTime
 0001:0000D130       TORfrmDateRange.cmdCancelClick
 0001:0000D064       TORfrmDateRange.cmdOKClick
 0001:0000D16C       TORfrmDateRange.FormCreate
 0001:0000D210       TORfrmDateRange.FormDestroy
 0001:000090E4       TORfrmDtTm.calSelectChange
 0001:000096EC       TORfrmDtTm.cmdCancelClick
 0001:000094E4       TORfrmDtTm.cmdMidnightClick
 0001:00009444       TORfrmDtTm.cmdNowClick
 0001:00009518       TORfrmDtTm.cmdOKClick
 0001:0000925C       TORfrmDtTm.cmdTodayClick
 0001:000090A4       TORfrmDtTm.FormCreate
 0001:000091EC       TORfrmDtTm.imgNextMonthClick
 0001:000091A4       TORfrmDtTm.imgNextMonthMouseDown
 0001:00009234       TORfrmDtTm.imgNextMonthMouseUp
 0001:000091CC       TORfrmDtTm.imgPrevMonthClick
 0001:0000917C       TORfrmDtTm.imgPrevMonthMouseDown
 0001:0000920C       TORfrmDtTm.imgPrevMonthMouseUp
 0001:00009310       TORfrmDtTm.lstHourClick
 0001:00009354       TORfrmDtTm.lstMinuteClick
 0001:000092C0       TORfrmDtTm.txtTimeChange
 0001:00001C98       TrimFormatCount
 0002:0000051C       uBaseContext
 0002:0000106C       uCallList
 0002:00000520       uCurrentContext
 0002:00000514       uHaveReadOnlyColor
 0002:00001070       uMaxCalls
 0001:0000031C       UninitializeModule
 0001:000072D0       UpdateContext
 0001:000027A8       UpdateCrc32
 0002:00001058       uReadOnlyColor
 0001:000008D4       UrlMon
 0002:0000107C       uServerToday
 0002:00001074       uShowRPCs
 0001:000044F4       ValidFileName
 0001:00000494       Windows
 0001:0000090C       WinInet
 0001:00006B90       WinSock
 0001:000009EC       WinSpool
 0001:00005B1C       WrappedTextHeightByFont


  Address         Publics by Value

 0002:FFBF1000       TlsLast
 0001:00000208       FreeLibrary
 0001:00000210       LocalAlloc
 0001:00000218       LocalFree
 0001:00000220       TlsAlloc
 0001:00000228       TlsFree
 0001:00000230       TlsGetValue
 0001:00000238       TlsSetValue
 0001:00000240       AllocTlsBuffer
 0001:0000024C       GetTlsSize
 0001:00000254       InitThreadTLS
 0001:00000298       InitProcessTLS
 0001:000002C4       ExitThreadTLS
 0001:000002EC       ExitProcessTLS
 0001:00000310       InitializeModule
 0001:0000031C       UninitializeModule
 0001:00000340       @InitPkg
 0001:000003A4       @PackageLoad
 0001:000003B0       @PackageUnload
 0001:000003BC       Finalization
 0001:000003EC       SysInit
 0001:00000404       CreateFont
 0001:0000040C       DeleteObject
 0001:00000414       GetDeviceCaps
 0001:0000041C       GetTextExtentPoint32
 0001:00000424       GetTextFace
 0001:0000042C       GetTextMetrics
 0001:00000434       SelectObject
 0001:0000043C       DrawText
 0001:00000444       GetDC
 0001:0000044C       InvalidateRect
 0001:00000454       ReleaseDC
 0001:0000045C       SendMessage
 0001:00000464       Finalization
 0001:00000494       Windows
 0001:0000049C       Finalization
 0001:000004CC       Messages
 0001:00000804       Finalization
 0001:00000834       CommCtrl
 0001:0000085C       Finalization
 0001:0000088C       Imm
 0001:000008A4       Finalization
 0001:000008D4       UrlMon
 0001:000008DC       Finalization
 0001:0000090C       WinInet
 0001:00000914       Finalization
 0001:00000944       RegStr
 0001:0000094C       Finalization
 0001:0000097C       ShellAPI
 0001:00000984       Finalization
 0001:000009B4       ShlObj
 0001:000009BC       Finalization
 0001:000009EC       WinSpool
 0001:00000ADC       Finalization
 0001:00000B0C       CommDlg
 0001:00000B14       Finalization
 0001:00000B44       Dlgs
 0001:0000103C       Finalization
 0001:0000106C       RichEdit
 0001:00001470       TORCalendar.DrawCell
 0001:000015F4       TORCalendar.KeyDown
 0001:00001668       Register
 0001:00001698       Finalization
 0001:000016C8       ORDtTmCal
 0001:00001900       DateTimeToFMDateTime
 0001:000019D0       FMDateTimeToDateTime
 0001:00001C60       FMDateTimeOffsetBy
 0001:00001C98       TrimFormatCount
 0001:00001D04       FormatFMDateTime
 0001:00002304       FormatFMDateTimeStr
 0001:0000234C       IsFMDateTime
 0001:00002434       MakeFMDateTime
 0001:00002474       SetListFMDateTime
 0001:00002584       HigherOf
 0001:000025AC       LowerOf
 0001:000025D4       StrToFloatDef
 0001:00002610       CharAt
 0001:00002654       ContainsAlpha
 0001:000026B4       ContainsVisibleChar
 0001:0000270C       ConvertSpecialStrings
 0001:000027A8       UpdateCrc32
 0001:00002830       CRCForFile
 0001:000028E0       CRCForStrings
 0001:000029E4       FilteredString
 0001:00002BF8       ExpandTabsFilter
 0001:00002E44       ExtractInteger
 0001:00002F40       ExtractFloat
 0001:00003048       ExtractDefault
 0001:000031F0       ExtractItems
 0001:0000338C       ExtractText
 0001:00003528       InvertStringList
 0001:00003590       MixedCase
 0001:00003714       MixedCaseList
 0001:000037AC       MixedCaseByPiece
 0001:00003878       Piece
 0001:0000391C       Pieces
 0001:000039E8       ComparePieces
 0001:00003B68       PiecesToList
 0001:00003C14       ReverseStr
 0001:00003CA4       SetPiece
 0001:00003DE0       SetPieces
 0001:00003EB4       SortByPiece
 0001:00004020       DelimCount
 0001:0000414C       GetStrings
 0001:00004444       QuickCopy
 0001:000044F4       ValidFileName
 0001:00004578       LimitStringLength
 0001:00004748       InfoBox
 0001:0000478C       LimitEditWidth
 0001:00004904       BaseFont
 0001:00004918       MainFont
 0001:0000494C       MainFontSize
 0001:00004964       FontWidthSubPixel
 0001:000049DC       FontWidthPixel
 0001:00004A14       MainFontWidth
 0001:00004A2C       MainFontHeight
 0001:00004A50       RedrawSuspend
 0001:00004A6C       RedrawActivate
 0001:00004A94       ResetSelectedForList
 0001:00004AE0       ResizeWidth
 0001:00004B34       ResizeHeight
 0001:00004BB4       ResizeToFont
 0001:00004C34       ResizeHeaderControl
 0001:00004CB0       ResizeListView
 0001:00004D4C       ResizeComboBox
 0001:00004D84       ResizeListBox
 0001:00004DB8       ResizeCheckListBox
 0001:00004DEC       ResizeDescendants
 0001:0000520C       ResizeChartFonts
 0001:000053F8       ResizeFontsInDescendants
 0001:00005588       ForceInsideWorkArea
 0001:000056A4       ResizeFormToFont
 0001:000057A4       ResizeAnchoredFormToFont
 0001:000058B8       SetEqualTabStops
 0001:000059C4       StatusText
 0001:00005A14       ShowMsgOn
 0001:00005A44       TextWidthByFont
 0001:00005AB0       TextHeightByFont
 0001:00005B1C       WrappedTextHeightByFont
 0001:00005C94       NumCharsFitInWidth
 0001:00005DE8       PopupComponent
 0001:00005E3C       ReformatMemoParagraph
 0001:00006080       ReadOnlyColor
 0001:000060D4       ListGridDrawCell
 0001:000061C4       ListGridDrawLines
 0001:00006304       ListGridRowHeight
 0001:00006388       KillObj
 0001:000064D4       TIdleCaller.Create
 0001:000065BC       TIdleCaller.Destroy
 0001:00006640       TIdleCaller.AppIdle
 0001:0000669C       TIdleCaller.Add
 0001:00006708       TIdleCaller.TimerDone
 0001:000067D8       CallWhenIdle
 0001:00006848       CallWhenIdleNotifyWhenDone
 0001:000068BC       menuHideAllBut
 0001:00006988       Finalization
 0001:000069F8       ORFn
 0001:00006B48       inet_ntoa
 0001:00006B50       gethostbyname
 0001:00006B58       gethostname
 0001:00006B60       Finalization
 0001:00006B90       WinSock
 0001:00006C88       EnsureBroker
 0001:00006CF4       SetList
 0001:00006DAC       SetParams
 0001:000072D0       UpdateContext
 0001:00007388       IsBaseContext
 0001:000073B0       CallBrokerInContext
 0001:00007998       CallBroker
 0001:000079AC       SetBrokerServer
 0001:00007A14       AuthorizedOption
 0001:00007A5C       ConnectToServer
 0001:00007CE8       MRef
 0001:00007D44       CallV
 0001:00007D94       sCallV
 0001:00007E20       tCallV
 0001:00007EBC       RetainedRPCCount
 0001:00007EC8       SetRetainedRPCMax
 0001:00007ED4       GetRPCMax
 0001:00007EDC       LoadRPCData
 0001:00007F10       DottedIPStr
 0001:00007F84       RPCIdleCallDone
 0001:00007FB8       CallRPCWhenIdle
 0001:00008008       Finalization
 0001:00008088       ORNet
 0001:00008D38       ActiveBroker
 0001:00008D64       ServerFMNow
 0001:00008E08       ServerNow
 0001:00008E40       ServerToday
 0001:00008E88       ServerParseFMDate
 0001:00008F30       RelativeDateTime
 0001:000090A4       TORfrmDtTm.FormCreate
 0001:000090E4       TORfrmDtTm.calSelectChange
 0001:0000917C       TORfrmDtTm.imgPrevMonthMouseDown
 0001:000091A4       TORfrmDtTm.imgNextMonthMouseDown
 0001:000091CC       TORfrmDtTm.imgPrevMonthClick
 0001:000091EC       TORfrmDtTm.imgNextMonthClick
 0001:0000920C       TORfrmDtTm.imgPrevMonthMouseUp
 0001:00009234       TORfrmDtTm.imgNextMonthMouseUp
 0001:0000925C       TORfrmDtTm.cmdTodayClick
 0001:000092C0       TORfrmDtTm.txtTimeChange
 0001:00009310       TORfrmDtTm.lstHourClick
 0001:00009354       TORfrmDtTm.lstMinuteClick
 0001:00009444       TORfrmDtTm.cmdNowClick
 0001:000094E4       TORfrmDtTm.cmdMidnightClick
 0001:00009518       TORfrmDtTm.cmdOKClick
 0001:000096EC       TORfrmDtTm.cmdCancelClick
 0001:0000970C       TORDateTimeDlg.Create
 0001:00009778       TORDateTimeDlg.Execute
 0001:00009A6C       TORDateTimeDlg.GetFMDateTime
 0001:00009A90       TORDateTimeDlg.SetDateOnly
 0001:00009ACC       TORDateTimeDlg.SetFMDateTime
 0001:00009AFC       TORDateTimeDlg.SetRequireTime
 0001:00009B28       TORDateEdit.CreateParams
 0001:00009B58       TORDateBox.Create
 0001:00009C90       TORDateBox.WMSize
 0001:00009D30       TORDateBox.SetTemplateField
 0001:00009E00       TORDateBox.ButtonClick
 0001:00009F78       TORDateBox.Change
 0001:00009F94       TORDateBox.KeyDown
 0001:00009FDC       TORDateBox.GetFMDateTime
 0001:0000A070       TORDateBox.GetRelativeTime
 0001:0000A194       TORDateBox.SetDateOnly
 0001:0000A240       TORDateBox.SetFMDateTime
 0001:0000A26C       TORDateBox.SetRequireTime
 0001:0000A2F8       TORDateBox.SetEditRect
 0001:0000A370       TORDateBox.UpdateText
 0001:0000A480       TORDateBox.Validate
 0001:0000A5E4       TORDateBox.IsValid
 0001:0000A66C       TORDateBox.SetCaption
 0001:0000A714       TORDateBox.GetCaption
 0001:0000A738       IsLeapYear
 0001:0000A784       DaysPerMonth
 0001:0000A964       TORDateComboEdit.SetTemplateField
 0001:0000A9AC       TORDateCombo.Create
 0001:0000AA4C       TORDateCombo.Destroy
 0001:0000AAC8       TORDateCombo.GetYearSize
 0001:0000AB0C       TORDateCombo.InitDays
 0001:0000ACC8       TORDateCombo.InitMonths
 0001:0000AE30       TORDateCombo.Rebuild
 0001:0000B544       TORDateCombo.SetDay
 0001:0000B600       TORDateCombo.SetIncludeBtn
 0001:0000B634       TORDateCombo.SetIncludeDay
 0001:0000B690       TORDateCombo.SetIncludeMonth
 0001:0000B6E8       TORDateCombo.SetMonth
 0001:0000B770       TORDateCombo.SetLongMonths
 0001:0000B7A4       TORDateCombo.SetYear
 0001:0000B950       TORDateCombo.DayChanged
 0001:0000B9A0       TORDateCombo.MonthChanged
 0001:0000B9F8       TORDateCombo.YearChanged
 0001:0000BB44       TORDateCombo.CheckDays
 0001:0000BC28       TORDateCombo.Loaded
 0001:0000BC50       TORDateCombo.Paint
 0001:0000BC78       TORDateCombo.BtnClicked
 0001:0000BE34       TORDateCombo.YearUDChange
 0001:0000BFE0       TORDateCombo.YearKeyPress
 0001:0000C0D0       TORDateCombo.GetFMDate
 0001:0000C150       TORDateCombo.SetFMDate
 0001:0000C25C       TORDateCombo.DateText
 0001:0000C3A8       TORDateCombo.DoChange
 0001:0000C3D4       TORDateCombo.Resized
 0001:0000C3EC       TORDateCombo.CMFontChanged
 0001:0000C410       TORDateCombo.Text
 0001:0000C5CC       Register
 0001:0000C610       TORDateCombo.SetTemplateField
 0001:0000C644       Finalization
 0001:0000C674       ORDtTm
 0001:0000CB24       TORDateRangeDlg.Create
 0001:0000CBF4       TORDateRangeDlg.Execute
 0001:0000CE6C       TORDateRangeDlg.SetDateOnly
 0001:0000CEF8       TORDateRangeDlg.SetRequireTime
 0001:0000CF5C       TORDateRangeDlg.SetFMDateStart
 0001:0000CFC0       TORDateRangeDlg.SetFMDateStop
 0001:0000D024       TORDateRangeDlg.SetTextOfStart
 0001:0000D044       TORDateRangeDlg.SetTextOfStop
 0001:0000D064       TORfrmDateRange.cmdOKClick
 0001:0000D130       TORfrmDateRange.cmdCancelClick
 0001:0000D13C       Register
 0001:0000D16C       TORfrmDateRange.FormCreate
 0001:0000D210       TORfrmDateRange.FormDestroy
 0001:0000D230       Finalization
 0001:0000D260       ORDtTmRng
 0001:0000D5B0       @GetPackageInfoTable
 0001:0000D5B8       @PackageLoad
 0001:0000D5C4       @PackageUnload
 0001:0000D5D0       ORDateLib60
 0002:00000000       Module
 0002:00000018       TlsProc
 0002:00000028       BOOLCHAR
 0002:0000002C       MONTH_NAMES_SHORT
 0002:0000005C       MONTH_NAMES_LONG
 0002:000000D4       SearchChars
 0002:000000F4       ReplaceChars
 0002:00000114       CRC32_TABLE
 0002:00000514       uHaveReadOnlyColor
 0002:00000518       IdleCaller
 0002:0000051C       uBaseContext
 0002:00000520       uCurrentContext
 0002:00000524       BoolChar
 0002:00000528       DaysInMonth
 0002:00001000       ModuleIsLib
 0002:00001001       ModuleIsPackage
 0002:00001004       TlsIndex
 0002:0000100C       HInstance
 0002:00001010       .1
 0002:00001014       tlsBuffer
 0002:00001018       .3
 0002:0000101C       .1
 0002:00001020       .1
 0002:00001024       .1
 0002:00001028       .1
 0002:0000102C       .1
 0002:00001030       .1
 0002:00001034       .1
 0002:00001038       .1
 0002:0000103C       .3
 0002:00001040       .1
 0002:00001044       .1
 0002:00001048       .1
 0002:0000104C       .2
 0002:00001050       .1
 0002:00001054       FBaseFont
 0002:00001058       uReadOnlyColor
 0002:0000105C       .1
 0002:00001060       RPCBrokerV
 0002:00001064       RPCLastCall
 0002:00001068       .1
 0002:0000106C       uCallList
 0002:00001070       uMaxCalls
 0002:00001074       uShowRPCs
 0002:00001078       .6
 0002:0000107C       uServerToday
 0002:00001084       .3


Line numbers for ORDtTmCal(ORDtTmCal.pas) segment .text

    25 0001:00001470    26 0001:0000149F    27 0001:000014AE    29 0001:000014B4
    30 0001:000014CE    32 0001:0000150F    33 0001:00001529    35 0001:00001537
    38 0001:000015CF    41 0001:000015F4    42 0001:00001601    43 0001:0000160D
    44 0001:00001613    45 0001:00001637    46 0001:0000163D    47 0001:00001661
    51 0001:00001668    52 0001:0000166C    53 0001:00001683    55 0001:000016C8
    55 0001:000016CF

Line numbers for ORFn(ORFn.pas) segment .text

   192 0001:00001900   193 0001:00001906   194 0001:0000191A   195 0001:00001932
   196 0001:00001976   197 0001:000019AE   198 0001:000019C3   205 0001:000019D0
   206 0001:000019ED   207 0001:00001A1F   208 0001:00001A61   209 0001:00001A84
   210 0001:00001AB6   213 0001:00001B4D   216 0001:00001BDA   217 0001:00001C09
   223 0001:00001C60   224 0001:00001C69   225 0001:00001C78   226 0001:00001C91
   238 0001:00001C98   239 0001:00001C9E   240 0001:00001CA3   242 0001:00001CC5
   243 0001:00001CDA   244 0001:00001CE5   245 0001:00001CFD   247 0001:00001D04
   248 0001:00001D30   249 0001:00001D38   250 0001:00001D4A   251 0001:00001D79
   252 0001:00001DA8   253 0001:00001DCB   254 0001:00001DEE   255 0001:00001E11
   256 0001:00001E34   258 0001:00001E5C   260 0001:00001EC9   263 0001:00001EDD
   264 0001:00001F0F   261 0001:00001F21   266 0001:00001F36   268 0001:00001F62
   269 0001:00001F74   270 0001:00001F9C   272 0001:00001FD0   273 0001:00001FE2
   274 0001:00002000   276 0001:0000202A   277 0001:00002046   278 0001:0000206E
   279 0001:000020A2   280 0001:000020E0   282 0001:00002128   283 0001:0000213A
   284 0001:00002158   286 0001:00002182   287 0001:00002194   288 0001:000021B2
   290 0001:000021DC   291 0001:000021F2   292 0001:0000222D   295 0001:0000224E
   296 0001:00002286   257 0001:00002298   299 0001:000022DD   304 0001:00002304
   305 0001:00002313   306 0001:0000231E   308 0001:0000232A   309 0001:00002336
   311 0001:00002347   316 0001:0000234C   317 0001:0000236B   318 0001:0000236F
   319 0001:00002380   320 0001:000023B0   321 0001:000023DC   322 0001:0000240B
   323 0001:0000242F   326 0001:00002434   327 0001:0000243D   328 0001:00002449
   329 0001:00002470   337 0001:00002474   338 0001:000024A5   340 0001:000024CA
   341 0001:000024D8   342 0001:000024EA   344 0001:000024F6   345 0001:00002510
   346 0001:0000251C   348 0001:00002527   349 0001:00002539   350 0001:00002547
   338 0001:0000254A   351 0001:0000257D   357 0001:00002584   358 0001:00002590
   359 0001:00002596   360 0001:000025A7   364 0001:000025AC   365 0001:000025B8
   366 0001:000025BE   367 0001:000025CF   370 0001:000025D4   371 0001:000025DD
   372 0001:000025F3   373 0001:0000260A   379 0001:00002610   380 0001:0000261C
   381 0001:0000264F   387 0001:00002654   388 0001:0000265D   389 0001:00002661
   391 0001:0000269D   392 0001:000026A1   393 0001:000026A3   389 0001:000026A6
   394 0001:000026AE   400 0001:000026B4   401 0001:000026BD   402 0001:000026C1
   404 0001:000026F7   405 0001:000026FB   406 0001:000026FD   402 0001:00002700
   407 0001:00002708   411 0001:0000270C   412 0001:0000272B   414 0001:00002730
   415 0001:00002777   412 0001:0000277A   416 0001:0000279D   421 0001:000027A8
   422 0001:000027B7   423 0001:000027BD   424 0001:000027D9   425 0001:0000281D
   423 0001:00002820   426 0001:00002828   436 0001:00002830   437 0001:0000284F
   438 0001:00002856   439 0001:00002863   441 0001:00002873   442 0001:00002886
   443 0001:0000289D   444 0001:000028A6   445 0001:000028AE   446 0001:000028B6
   447 0001:000028D9   453 0001:000028E0   454 0001:00002900   455 0001:00002907
   456 0001:0000292C   457 0001:00002950   458 0001:000029A5   456 0001:000029A8
   458 0001:000029AD   455 0001:000029B0   459 0001:000029DE   464 0001:000029E4
   465 0001:00002A10   466 0001:00002A18   467 0001:00002A32   468 0001:00002A92
   469 0001:00002ABE   468 0001:00002AD1   470 0001:00002ADB   471 0001:00002B0D
   472 0001:00002B1F   473 0001:00002B31   474 0001:00002B61   466 0001:00002B64
   475 0001:00002B6D   476 0001:00002BDA   482 0001:00002BF8   483 0001:00002C27
   485 0001:00002C4C   486 0001:00002C5A   487 0001:00002C62   488 0001:00002C7C
   489 0001:00002CD1   490 0001:00002D12   491 0001:00002D41   492 0001:00002D50
   493 0001:00002D5F   494 0001:00002D8C   487 0001:00002D8F   495 0001:00002D98
   496 0001:00002DDD   498 0001:00002DEB   483 0001:00002DEE   499 0001:00002E26
   505 0001:00002E44   506 0001:00002E6A   507 0001:00002EAA   508 0001:00002EE8
   509 0001:00002F3B   515 0001:00002F40   516 0001:00002F66   517 0001:00002FAA
   518 0001:00002FEC   519 0001:00003044   524 0001:00003048   525 0001:00003074
   526 0001:0000307C   527 0001:00003083   528 0001:000030C8   529 0001:000030D3
   530 0001:00003115   531 0001:00003166   532 0001:00003171   533 0001:000031DF
   538 0001:000031F0   539 0001:0000321B   540 0001:00003222   541 0001:00003267
   542 0001:00003272   543 0001:000032B4   544 0001:00003310   545 0001:0000331B
   546 0001:0000337B   551 0001:0000338C   552 0001:000033B7   553 0001:000033BE
   554 0001:00003403   555 0001:0000340E   556 0001:00003450   557 0001:000034AC
   558 0001:000034B7   559 0001:00003517   564 0001:00003528   565 0001:00003532
   566 0001:0000358B   571 0001:00003590   572 0001:0000359D   573 0001:000035A8
   574 0001:000035C4   576 0001:00003616   577 0001:0000365F   578 0001:000036B1
   573 0001:000036F8   580 0001:00003701   581 0001:0000370C   586 0001:00003714
   587 0001:00003734   588 0001:000037A6   594 0001:000037AC   595 0001:000037D5
   597 0001:000037F6   598 0001:00003804   599 0001:00003821   600 0001:00003833
   601 0001:00003841   595 0001:00003844   602 0001:00003873   609 0001:00003878
   610 0001:00003887   611 0001:0000388E   612 0001:00003899   615 0001:000038A9
   616 0001:000038B4   617 0001:000038BD   613 0001:000038CB   619 0001:000038D9
   620 0001:000038EA   621 0001:00003914   627 0001:0000391C   628 0001:00003942
   629 0001:0000394A   630 0001:00003998   631 0001:000039E1   638 0001:000039E8
   639 0001:00003A35   640 0001:00003A3A   641 0001:00003A3F   643 0001:00003A4B
   644 0001:00003A51   647 0001:00003AAF   649 0001:00003B0B   650 0001:00003B11
   641 0001:00003B1C   654 0001:00003B5A   660 0001:00003B68   661 0001:00003B93
   664 0001:00003B9D   665 0001:00003BB1   666 0001:00003BBC   662 0001:00003BDD
   668 0001:00003C0E   673 0001:00003C14   674 0001:00003C21   675 0001:00003C3D
   676 0001:00003C42   678 0001:00003C52   679 0001:00003C5D   680 0001:00003C96
   676 0001:00003C99   681 0001:00003C9F   688 0001:00003CA4   689 0001:00003CCD
   690 0001:00003CD4   691 0001:00003CE1   694 0001:00003CF1   695 0001:00003CFC
   696 0001:00003D05   692 0001:00003D13   698 0001:00003D21   699 0001:00003D32
   700 0001:00003D3A   701 0001:00003D6C   702 0001:00003DD8   709 0001:00003DE0
   710 0001:00003E1C   711 0001:00003E2E   710 0001:00003E7D   712 0001:00003EA7
   717 0001:00003EB4   718 0001:00003EE0   719 0001:00003F01   718 0001:00003F61
   720 0001:00003F66   721 0001:00003F71   722 0001:00003F92   721 0001:00003FF4
   723 0001:0000401B   729 0001:00004020   730 0001:0000403F   731 0001:00004044
   732 0001:0000404B   733 0001:00004056   734 0001:00004075   736 0001:0000407D
   738 0001:0000409C   739 0001:000040A7   742 0001:000040B6   734 0001:000040C1
   744 0001:000040E9   765 0001:0000414C   766 0001:00004177   767 0001:000041A6
   768 0001:000041BC   769 0001:000041CE   771 0001:000041ED   772 0001:000041FF
   774 0001:00004224   775 0001:00004236   777 0001:0000425A   778 0001:0000426C
   780 0001:00004291   784 0001:000042A3   785 0001:000042C3   787 0001:000042CF
   788 0001:000042E7   793 0001:000042F3   795 0001:0000434B   796 0001:00004386
   799 0001:00004444   800 0001:00004451   801 0001:00004455   802 0001:00004459
   803 0001:0000445E   804 0001:00004468   805 0001:00004472   806 0001:00004481
   807 0001:0000448F   808 0001:0000449A   809 0001:000044A6   811 0001:000044BE
   813 0001:000044CE   814 0001:000044DE   815 0001:000044EE   821 0001:000044F4
   822 0001:00004500   823 0001:0000450B   826 0001:00004514   827 0001:00004546
   829 0001:00004553   824 0001:00004563   831 0001:00004572   839 0001:00004578
   840 0001:000045A1   841 0001:000045B0   842 0001:000045BE   844 0001:000045E5
   846 0001:00004606   849 0001:00004618   852 0001:00004620   853 0001:0000464E
   854 0001:0000465A   855 0001:00004683   847 0001:00004693   857 0001:000046A4
   859 0001:000046BD   860 0001:000046D8   842 0001:000046DB   861 0001:000046E4
   862 0001:000046EE   864 0001:00004708   866 0001:00004742   914 0001:00004748
   915 0001:00004758   916 0001:00004788   927 0001:0000478C   928 0001:000047AB
   929 0001:000047B6   930 0001:000047C3   933 0001:000047FC   934 0001:00004801
   935 0001:00004821   936 0001:00004841   937 0001:00004861   938 0001:00004867
   939 0001:00004875   941 0001:0000489B   943 0001:000048B4   944 0001:000048C6
   946 0001:000048FD   949 0001:00004904   950 0001:00004908   951 0001:00004913
   954 0001:00004918   955 0001:0000491C   956 0001:00004929   957 0001:0000493B
   958 0001:00004946   962 0001:0000494C   963 0001:00004950   964 0001:00004960
   970 0001:00004964   971 0001:0000496D   973 0001:00004982   974 0001:00004992
   977 0001:000049DC   979 0001:000049E5   980 0001:00004A0C   983 0001:00004A14
   984 0001:00004A18   985 0001:00004A28   990 0001:00004A2C   991 0001:00004A30
   992 0001:00004A4C   995 0001:00004A50   996 0001:00004A57   997 0001:00004A66
  1000 0001:00004A6C  1001 0001:00004A73  1002 0001:00004A82  1003 0001:00004A8F
  1008 0001:00004A94  1009 0001:00004A9D  1010 0001:00004AD9  1013 0001:00004AE0
  1014 0001:00004AEF  1016 0001:00004B2C  1019 0001:00004B34  1020 0001:00004B43
  1022 0001:00004BA9  1029 0001:00004BB4  1030 0001:00004BC3  1031 0001:00004BD2
  1032 0001:00004BDF  1033 0001:00004BEA  1034 0001:00004C01  1035 0001:00004C18
  1041 0001:00004C34  1042 0001:00004C43  1043 0001:00004C6A  1042 0001:00004CA4
  1044 0001:00004CA9  1049 0001:00004CB0  1050 0001:00004CBF  1051 0001:00004CCC
  1052 0001:00004CF3  1051 0001:00004D43  1053 0001:00004D48  1056 0001:00004D4C
  1057 0001:00004D5B  1058 0001:00004D80  1061 0001:00004D84  1062 0001:00004D93
  1063 0001:00004DB2  1066 0001:00004DB8  1067 0001:00004DC7  1068 0001:00004DE6
  1076 0001:00004DEC  1077 0001:00004DFB  1078 0001:00004E04  1079 0001:00004E10
  1080 0001:00004E18  1096 0001:00004E26  1097 0001:00004E2F  1098 0001:00004E38
  1099 0001:00004E3E  1100 0001:00004E44  1102 0001:00004E56  1103 0001:00004E6D
  1105 0001:00004E84  1106 0001:00004EA9  1108 0001:00004EB7  1110 0001:00004ECD
  1111 0001:00004EDD  1113 0001:00004F0E  1114 0001:00004F29  1115 0001:00004F32
  1117 0001:00004F63  1118 0001:00004F7E  1119 0001:00004F8E  1121 0001:00004FBF
  1122 0001:00004FDA  1123 0001:00004FE3  1125 0001:00005014  1128 0001:0000502F
  1129 0001:00005053  1130 0001:00005061  1131 0001:00005073  1132 0001:00005081
  1133 0001:00005093  1134 0001:000050A1  1135 0001:000050B3  1136 0001:000050C1
  1137 0001:000050D3  1138 0001:000050E1  1139 0001:000050F3  1140 0001:00005101
  1143 0001:00005140  1144 0001:00005156  1145 0001:00005168  1146 0001:000051A0
  1148 0001:000051D6  1105 0001:000051D9  1150 0001:000051EF  1152 0001:000051FF
  1157 0001:0000520C  1159 0001:0000521C  1160 0001:0000523E  1161 0001:0000525C
  1162 0001:0000527B  1163 0001:00005296  1164 0001:000052B8  1165 0001:000052D6
  1166 0001:000052F5  1167 0001:00005310  1168 0001:0000532F  1169 0001:0000534A
  1170 0001:00005369  1171 0001:00005384  1172 0001:000053A5  1173 0001:000053C9
  1171 0001:000053EE  1175 0001:000053F3  1183 0001:000053F8  1184 0001:00005408
  1185 0001:0000542D  1186 0001:0000543B  1188 0001:00005451  1189 0001:0000546E
  1190 0001:00005477  1191 0001:0000548C  1192 0001:0000549A  1193 0001:000054A8
  1194 0001:000054B0  1195 0001:000054C8  1196 0001:000054E0  1197 0001:000054EE
  1201 0001:000054FE  1202 0001:00005510  1205 0001:00005520  1206 0001:00005542
  1208 0001:00005557  1209 0001:00005569  1210 0001:00005577  1184 0001:0000557A
  1211 0001:00005583  1216 0001:00005588  1217 0001:00005591  1220 0001:000055A0
  1222 0001:000055AB  1223 0001:000055CE  1226 0001:000055D7  1228 0001:000055E2
  1229 0001:00005605  1232 0001:0000560E  1233 0001:00005619  1235 0001:00005622
  1237 0001:0000562D  1238 0001:0000564E  1240 0001:00005657  1242 0001:00005661
  1243 0001:00005683  1245 0001:0000568B  1246 0001:00005696  1247 0001:0000569F
  1252 0001:000056A4  1254 0001:000056AD  1255 0001:000056D3  1256 0001:000056F9
  1257 0001:00005727  1258 0001:00005755  1259 0001:00005760  1260 0001:00005768
  1261 0001:00005773  1264 0001:00005788  1266 0001:0000579F  1271 0001:000057A4
  1273 0001:000057AD  1274 0001:000057D3  1275 0001:000057F9  1276 0001:00005827
  1277 0001:00005855  1278 0001:00005860  1279 0001:00005868  1280 0001:00005873
  1281 0001:00005888  1284 0001:0000589D  1286 0001:000058B4  1296 0001:000058B8
  1297 0001:000058D7  1299 0001:000058ED  1300 0001:000058F7  1301 0001:00005905
  1302 0001:00005910  1303 0001:00005935  1304 0001:00005959  1306 0001:000059BA
  1311 0001:000059C4  1312 0001:000059CB  1313 0001:000059EB  1314 0001:00005A10
  1317 0001:00005A14  1318 0001:00005A23  1319 0001:00005A29  1320 0001:00005A3F
  1328 0001:00005A44  1329 0001:00005A50  1330 0001:00005A5A  1331 0001:00005A6A
  1332 0001:00005A89  1333 0001:00005A8F  1334 0001:00005A9C  1335 0001:00005AAA
  1343 0001:00005AB0  1344 0001:00005ABC  1345 0001:00005AC6  1346 0001:00005AD6
  1347 0001:00005AF5  1348 0001:00005AFB  1349 0001:00005B08  1350 0001:00005B16
  1357 0001:00005B1C  1365 0001:00005B41  1366 0001:00005B46  1367 0001:00005B4B
  1368 0001:00005B61  1383 0001:00005BD9  1384 0001:00005BDF  1385 0001:00005BF4
  1386 0001:00005C02  1389 0001:00005C45  1390 0001:00005C4B  1391 0001:00005C5D
  1394 0001:00005C8E  1405 0001:00005C94  1406 0001:00005CB7  1407 0001:00005CC1
  1408 0001:00005CD1  1409 0001:00005CDF  1410 0001:00005CEA  1411 0001:00005CEF
  1413 0001:00005CF5  1414 0001:00005D09  1415 0001:00005D28  1417 0001:00005D30
  1418 0001:00005D36  1419 0001:00005D4D  1423 0001:00005D59  1424 0001:00005D5F
  1425 0001:00005D80  1427 0001:00005D8A  1429 0001:00005DA1  1430 0001:00005DAE
  1432 0001:00005DE1  1435 0001:00005DE8  1436 0001:00005DF4  1438 0001:00005E1B
  1440 0001:00005E26  1441 0001:00005E36  1448 0001:00005E3C  1451 0001:00005E5E
  1453 0001:00005E82  1454 0001:00005E8D  1455 0001:00005EEE  1456 0001:00005F34
  1457 0001:00005F46  1458 0001:00005F54  1460 0001:00005F5C  1461 0001:00005F86
  1462 0001:00005F9D  1463 0001:00005FBE  1464 0001:00006013  1465 0001:00006020
  1466 0001:0000602B  1467 0001:00006035  1469 0001:00006062  1476 0001:00006080
  1477 0001:00006085  1479 0001:0000608E  1480 0001:00006095  1481 0001:000060AF
  1483 0001:000060BB  1485 0001:000060C5  1486 0001:000060D0  1495 0001:000060D4
  1496 0001:000060E3  1497 0001:000060F1  1498 0001:000060F6  1499 0001:00006138
  1500 0001:00006143  1501 0001:0000616E  1502 0001:00006174  1503 0001:0000617D
  1504 0001:00006184  1505 0001:000061BB  1512 0001:000061C4  1515 0001:000061D3
  1516 0001:000061E1  1518 0001:000061E7  1519 0001:000061FD  1521 0001:00006213
  1522 0001:00006224  1523 0001:0000623A  1524 0001:00006258  1525 0001:00006276
  1526 0001:0000627D  1528 0001:000062A4  1529 0001:000062C2  1530 0001:000062E0
  1531 0001:000062F4  1526 0001:000062F7  1533 0001:000062FC  1539 0001:00006304
  1540 0001:00006313  1541 0001:00006321  1542 0001:00006342  1544 0001:00006381
  1562 0001:00006388  1563 0001:00006394  1564 0001:0000639C  1566 0001:000063A6
  1568 0001:000063B0  1570 0001:000063C2  1571 0001:000063C8  1572 0001:000063E4
  1573 0001:000063F3  1571 0001:00006406  1576 0001:0000640E  1578 0001:00006420
  1579 0001:00006426  1580 0001:00006440  1581 0001:0000644F  1579 0001:00006462
  1584 0001:00006468  1585 0001:00006470  1587 0001:00006477  1614 0001:000064D4
  1615 0001:000064EC  1616 0001:000064F6  1617 0001:00006508  1618 0001:0000651A
  1619 0001:0000652E  1620 0001:0000653B  1621 0001:0000654B  1622 0001:0000655F
  1623 0001:00006566  1624 0001:00006583  1625 0001:000065B8  1628 0001:000065BC
  1629 0001:000065CD  1630 0001:000065E9  1631 0001:000065F6  1632 0001:00006603
  1633 0001:00006610  1634 0001:0000661D  1635 0001:00006639  1638 0001:00006640
  1639 0001:00006650  1641 0001:00006668  1642 0001:00006675  1644 0001:0000667C
  1645 0001:00006686  1646 0001:00006695  1649 0001:0000669C  1650 0001:000066C2
  1651 0001:000066D3  1652 0001:00006701  1659 0001:00006708  1660 0001:0000672B
  1661 0001:00006738  1662 0001:00006748  1663 0001:00006758  1664 0001:00006768
  1665 0001:00006778  1666 0001:00006785  1668 0001:00006792  1669 0001:00006798
  1670 0001:0000679E  1671 0001:000067A4  1673 0001:000067AA  1674 0001:000067D3
  1678 0001:000067D8  1679 0001:000067FA  1680 0001:00006803  1681 0001:00006814
  1682 0001:00006844  1685 0001:00006848  1686 0001:0000686D  1687 0001:00006876
  1688 0001:00006887  1689 0001:000068B8  1695 0001:000068BC  1696 0001:000068DC
  1698 0001:00006901  1699 0001:00006905  1701 0001:0000692B  1703 0001:0000694F
  1704 0001:00006953  1706 0001:00006955  1699 0001:00006958  1707 0001:0000695D
  1708 0001:00006963  1709 0001:00006975  1696 0001:00006978  1710 0001:0000697D
  1718 0001:00006988  1719 0001:000069AB  1721 0001:000069F6  1712 0001:000069F8
  1713 0001:00006A04  1714 0001:00006A15  1715 0001:00006A24  1717 0001:00006A33

Line numbers for ORNet(ORNet.pas) segment .text

    64 0001:00006C88    65 0001:00006C8B    70 0001:00006C94    75 0001:00006CAD
    76 0001:00006CB9    77 0001:00006CCB    78 0001:00006CD7    79 0001:00006CE3
    82 0001:00006CEF    88 0001:00006CF4    89 0001:00006D16    91 0001:00006D29
    92 0001:00006D30    94 0001:00006DA5   103 0001:00006DAC   104 0001:00006DE9
   105 0001:00006DFB   106 0001:00006E1D   109 0001:00006E22   110 0001:00006E2E
   111 0001:00006E58   113 0001:00006E7A   114 0001:00006E90   115 0001:00006EE9
   116 0001:00006F1D   117 0001:00006F46   118 0001:00006F4B   120 0001:00006F6A
   123 0001:00006F8B   124 0001:00006FA0   125 0001:00006FBE   127 0001:00006FFB
   129 0001:00007010   130 0001:0000701D   132 0001:00007056   133 0001:0000707A
   136 0001:00007086   137 0001:000070BA   138 0001:000070BF   139 0001:000070D0
   140 0001:000070EB   141 0001:0000710E   143 0001:00007123   144 0001:00007130
   146 0001:00007165   147 0001:00007189   150 0001:00007192   151 0001:000071C8
   153 0001:000071DE   111 0001:000071DF   155 0001:000071E6   156 0001:0000721D
   161 0001:000072D0   162 0001:000072EE   163 0001:000072FE   166 0001:00007302
   167 0001:00007311   168 0001:00007315   170 0001:00007324   171 0001:00007348
   173 0001:0000735A   175 0001:00007383   178 0001:00007388   179 0001:0000738B
   180 0001:000073AC   187 0001:000073B0   188 0001:000073F0   189 0001:00007428
   190 0001:00007453   192 0001:00007461   193 0001:0000746D   195 0001:00007472
   197 0001:00007482   198 0001:00007491   199 0001:00007499   201 0001:000074A5
   202 0001:000074B4   203 0001:000074D9   204 0001:000074EB   205 0001:0000750F
   206 0001:0000751C   207 0001:00007529   209 0001:00007554   211 0001:00007579
   212 0001:00007588   214 0001:00007597   215 0001:000075A6   218 0001:000075B3
   219 0001:000075EE   221 0001:0000760A   223 0001:00007638   224 0001:00007657
   225 0001:00007677   226 0001:000076A5   221 0001:000076A6   228 0001:000076A9
   207 0001:000076AA   230 0001:000076B3   231 0001:000076C1   235 0001:000076E6
   237 0001:000076E8   239 0001:000076F1   240 0001:00007701   242 0001:00007720
   258 0001:00007725   261 0001:00007744   262 0001:00007751   263 0001:0000775E
   264 0001:00007771   265 0001:0000777E   266 0001:0000778E   267 0001:000077F8
   270 0001:00007998   271 0001:0000799B   272 0001:000079A5   273 0001:000079AA
   277 0001:000079AC   278 0001:000079BE   281 0001:000079C3   282 0001:000079E5
   283 0001:000079F4   284 0001:000079FF   286 0001:00007A0B   290 0001:00007A14
   291 0001:00007A1B   292 0001:00007A20   293 0001:00007A2E   295 0001:00007A32
   296 0001:00007A3B   297 0001:00007A47   299 0001:00007A55   308 0001:00007A5C
   309 0001:00007A80   310 0001:00007A82   311 0001:00007A86   312 0001:00007A8E
   313 0001:00007A96   315 0001:00007AAA   316 0001:00007AD2   317 0001:00007AFD
   318 0001:00007B25   319 0001:00007B60   320 0001:00007B9B   313 0001:00007B9C
   321 0001:00007BA3   323 0001:00007BAF   324 0001:00007BBA   327 0001:00007BC3
   328 0001:00007BD1   329 0001:00007BEB   330 0001:00007BF5   331 0001:00007C04
   335 0001:00007C2E   336 0001:00007C48   339 0001:00007C73   343 0001:00007CE8
   344 0001:00007D08   345 0001:00007D34   351 0001:00007D44   352 0001:00007D52
   353 0001:00007D5D   354 0001:00007D6D   355 0001:00007D79   356 0001:00007D7E
   357 0001:00007D8C   363 0001:00007D94   364 0001:00007DA8   365 0001:00007DB3
   366 0001:00007DC3   367 0001:00007DD0   368 0001:00007DD5   369 0001:00007E06
   370 0001:00007E14   376 0001:00007E20   377 0001:00007E2E   378 0001:00007E48
   379 0001:00007E53   380 0001:00007E63   381 0001:00007E70   382 0001:00007E75
   383 0001:00007E87   384 0001:00007E95   435 0001:00007EBC   436 0001:00007EC4
   440 0001:00007EC8   441 0001:00007ED1   445 0001:00007ED4   446 0001:00007ED9
   449 0001:00007EDC   450 0001:00007EE5   451 0001:00007F09   463 0001:00007F10
   464 0001:00007F1D   469 0001:00007F29   471 0001:00007F3E   472 0001:00007F4A
   477 0001:00007F4E   480 0001:00007F53   485 0001:00007F63   488 0001:00007F84
   489 0001:00007F95   490 0001:00007FB6   493 0001:00007FB8   494 0001:00007FD8
   495 0001:00008004   505 0001:00008008   507 0001:00008029   508 0001:00008037
   505 0001:00008040   510 0001:00008048   512 0001:00008082   497 0001:00008088
   498 0001:000080A2   499 0001:000080A9   500 0001:000080B8   501 0001:000080C9
   502 0001:000080D3   504 0001:000080EF

Line numbers for ORDtTm(ORDtTm.pas) segment .text

   227 0001:00008D38   228 0001:00008D3C   229 0001:00008D40   230 0001:00008D61
   233 0001:00008D64   234 0001:00008D7D   235 0001:00008D86   236 0001:00008DB3
   237 0001:00008DE8   240 0001:00008E08   241 0001:00008E0E   242 0001:00008E17
   243 0001:00008E2E   244 0001:00008E3A   247 0001:00008E40   248 0001:00008E46
   249 0001:00008E68   250 0001:00008E80   261 0001:00008E88   262 0001:00008EA4
   263 0001:00008EAD   264 0001:00008EE7   265 0001:00008F0F   272 0001:00008F30
   273 0001:00008F52   274 0001:00008F83   275 0001:00008FA6   276 0001:00008FBB
   277 0001:00008FD6   278 0001:00008FEE   279 0001:0000901A   280 0001:00009061
   285 0001:000090A4   286 0001:000090B0   287 0001:000090B8   288 0001:000090CB
   289 0001:000090D5   290 0001:000090E0   293 0001:000090E4   294 0001:00009103
   295 0001:00009136   296 0001:0000915D   300 0001:0000917C   301 0001:0000918B
   302 0001:0000919B   306 0001:000091A4   307 0001:000091B3   308 0001:000091C3
   311 0001:000091CC   312 0001:000091D8   313 0001:000091E6   316 0001:000091EC
   317 0001:000091F8   318 0001:00009206   322 0001:0000920C   323 0001:0000921B
   324 0001:0000922B   328 0001:00009234   329 0001:00009243   330 0001:00009253
   333 0001:0000925C   334 0001:00009268   335 0001:00009282   336 0001:00009296
   337 0001:000092AA   338 0001:000092BA   341 0001:000092C0   342 0001:000092CC
   344 0001:000092D8   345 0001:000092EC   347 0001:00009300   348 0001:0000930A
   351 0001:00009310   352 0001:0000931C   353 0001:00009344   354 0001:0000934F
   360 0001:00009354   361 0001:00009373   372 0001:0000938C   374 0001:000093A0
   375 0001:000093BE   380 0001:000093C8   382 0001:00009403   383 0001:0000942A
   386 0001:00009444   387 0001:00009463   389 0001:0000947D   390 0001:000094A7
   391 0001:000094CE   394 0001:000094E4   396 0001:000094F0   397 0001:00009503
   402 0001:00009518   403 0001:00009537   405 0001:00009560   406 0001:00009571
   408 0001:00009576   410 0001:00009597   411 0001:000095B3   412 0001:000095FC
   413 0001:00009606   415 0001:00009617   416 0001:0000964E   419 0001:000096EC
   420 0001:000096F8   421 0001:00009705   426 0001:0000970C   427 0001:00009727
   428 0001:00009734   429 0001:0000973D   430 0001:0000974B   431 0001:00009772
   438 0001:00009778   439 0001:00009795   440 0001:000097AC   443 0001:000097BA
   444 0001:000097DA   446 0001:000097F0   447 0001:00009817   448 0001:0000982A
   450 0001:00009837   451 0001:00009847   452 0001:00009857   453 0001:00009867
   454 0001:00009877   455 0001:00009887   456 0001:000098BE   457 0001:000098F5
   458 0001:0000990F   460 0001:0000993E   461 0001:0000994E   463 0001:00009958
   464 0001:00009973   465 0001:000099B6   466 0001:000099C2   467 0001:000099D4
   471 0001:00009A00   473 0001:00009A45   476 0001:00009A6C   477 0001:00009A75
   478 0001:00009A8A   481 0001:00009A90   482 0001:00009A9C   483 0001:00009AA5
   485 0001:00009AAE   486 0001:00009AB5   488 0001:00009AC7   491 0001:00009ACC
   492 0001:00009AD3   493 0001:00009AF3   496 0001:00009AFC   497 0001:00009B08
   498 0001:00009B11   499 0001:00009B21   505 0001:00009B28   506 0001:00009B34
   507 0001:00009B3F   508 0001:00009B53   514 0001:00009B58   515 0001:00009B73
   516 0001:00009B80   517 0001:00009B98   518 0001:00009BA9   519 0001:00009BBC
   520 0001:00009BCF   521 0001:00009BEB   522 0001:00009BFB   523 0001:00009C19
   524 0001:00009C29   525 0001:00009C56   531 0001:00009C90   532 0001:00009C9D
   533 0001:00009CA8   535 0001:00009CB4   536 0001:00009CC0   538 0001:00009CC7
   539 0001:00009CCE   541 0001:00009D22   542 0001:00009D2A   548 0001:00009D30
   549 0001:00009D3C   551 0001:00009D4E   552 0001:00009D5A   553 0001:00009D72
   555 0001:00009D78   556 0001:00009D93   557 0001:00009D9E   561 0001:00009DAA
   562 0001:00009DBD   563 0001:00009DD2   566 0001:00009DDC   572 0001:00009E00
   573 0001:00009E22   574 0001:00009E39   576 0001:00009E50   577 0001:00009E67
   579 0001:00009E9D   580 0001:00009EAE   581 0001:00009EC5   582 0001:00009ED6
   584 0001:00009EE2   585 0001:00009EF4   586 0001:00009EFC   588 0001:00009F18
   589 0001:00009F20   590 0001:00009F35   591 0001:00009F62   594 0001:00009F78
   595 0001:00009F7F   596 0001:00009F87   597 0001:00009F91   600 0001:00009F94
   601 0001:00009FA4   602 0001:00009FB2   603 0001:00009FBB   604 0001:00009FCD
   606 0001:00009FD5   609 0001:00009FDC   610 0001:00009FFB   611 0001:0000A003
   612 0001:0000A031   613 0001:0000A06B   616 0001:0000A070   617 0001:0000A08F
   618 0001:0000A097   619 0001:0000A0B5   620 0001:0000A0E9   622 0001:0000A100
   623 0001:0000A11D   625 0001:0000A17E   628 0001:0000A194   629 0001:0000A1A0
   630 0001:0000A1AC   632 0001:0000A1B8   633 0001:0000A1C2   634 0001:0000A1DA
   636 0001:0000A201   637 0001:0000A209   640 0001:0000A240   641 0001:0000A247
   642 0001:0000A25C   643 0001:0000A264   646 0001:0000A26C   647 0001:0000A278
   648 0001:0000A284   650 0001:0000A290   651 0001:0000A2B7   653 0001:0000A2C1
   659 0001:0000A2F8   660 0001:0000A301   661 0001:0000A31A   662 0001:0000A32F
   663 0001:0000A348   664 0001:0000A34D   665 0001:0000A352   666 0001:0000A36B
   669 0001:0000A370   670 0001:0000A38A   672 0001:0000A3A2   673 0001:0000A3D0
   674 0001:0000A3F9   676 0001:0000A446   679 0001:0000A480   680 0001:0000A4A2
   681 0001:0000A4AA   683 0001:0000A4C5   684 0001:0000A4E2   685 0001:0000A503
   686 0001:0000A535   688 0001:0000A589   693 0001:0000A5E4   694 0001:0000A603
   695 0001:0000A60E   696 0001:0000A624   697 0001:0000A667   700 0001:0000A66C
   701 0001:0000A678   702 0001:0000A684   703 0001:0000A69C   704 0001:0000A6AC
   705 0001:0000A6BC   706 0001:0000A6CC   707 0001:0000A6DC   708 0001:0000A6F0
   710 0001:0000A6FE   711 0001:0000A70F   714 0001:0000A714   715 0001:0000A720
   716 0001:0000A731   719 0001:0000A738   720 0001:0000A741   721 0001:0000A77E
   727 0001:0000A784   728 0001:0000A790   729 0001:0000A79C   732 0001:0000A7A3
   733 0001:0000A7BC   735 0001:0000A7DC   758 0001:0000A964   759 0001:0000A970
   761 0001:0000A97E   762 0001:0000A98A   763 0001:0000A990   765 0001:0000A99C
   767 0001:0000A9A6   772 0001:0000A9AC   773 0001:0000A9C7   774 0001:0000A9D4
   775 0001:0000A9E8   776 0001:0000A9F2   777 0001:0000A9FC   778 0001:0000AA06
   779 0001:0000AA10   780 0001:0000AA41   783 0001:0000AA4C   784 0001:0000AA5D
   785 0001:0000AA6C   786 0001:0000AA7B   787 0001:0000AA8A   788 0001:0000AA99
   789 0001:0000AAA8   790 0001:0000AAC4   793 0001:0000AAC8   794 0001:0000AAD1
   795 0001:0000AAF6   801 0001:0000AB0C   802 0001:0000AB2B   803 0001:0000AB30
   805 0001:0000AB40   808 0001:0000AB66   809 0001:0000AB7E   811 0001:0000AB99
   806 0001:0000ABCC   814 0001:0000ABE7   813 0001:0000AC1B   815 0001:0000AC34
   816 0001:0000AC3A   817 0001:0000AC5C   818 0001:0000AC74   820 0001:0000ACA9
   826 0001:0000ACC8   827 0001:0000ACE8   828 0001:0000ACED   830 0001:0000ACFD
   831 0001:0000AD11   832 0001:0000AD2A   834 0001:0000AD31   835 0001:0000AD3D
   837 0001:0000AD6C   838 0001:0000AD99   840 0001:0000AD9F   841 0001:0000ADD1
   842 0001:0000ADD9   844 0001:0000ADDF   832 0001:0000ADE2   845 0001:0000ADEC
   846 0001:0000ADF2   848 0001:0000AE1D   854 0001:0000AE30   855 0001:0000AE39
   857 0001:0000AE49   858 0001:0000AE53   859 0001:0000AE61   860 0001:0000AE73
   861 0001:0000AE81   862 0001:0000AE99   863 0001:0000AEA5   864 0001:0000AEB0
   865 0001:0000AEB5   867 0001:0000AEC5   869 0001:0000AED5   870 0001:0000AEED
   871 0001:0000AEFE   872 0001:0000AF0E   873 0001:0000AF1E   874 0001:0000AF2E
   875 0001:0000AF41   877 0001:0000AF5D   878 0001:0000AF71   879 0001:0000AF88
   880 0001:0000AF95   881 0001:0000AFA6   882 0001:0000AFB7   883 0001:0000AFCE
   885 0001:0000AFE5   887 0001:0000AFF5   889 0001:0000B001   890 0001:0000B019
   891 0001:0000B02A   892 0001:0000B03A   893 0001:0000B04A   894 0001:0000B066
   896 0001:0000B079   897 0001:0000B08D   898 0001:0000B0A4   899 0001:0000B0B1
   900 0001:0000B0C2   901 0001:0000B0D3   902 0001:0000B0E4   903 0001:0000B0FB
   906 0001:0000B114   910 0001:0000B125   911 0001:0000B134   913 0001:0000B143
   915 0001:0000B153   916 0001:0000B16B   917 0001:0000B17C   918 0001:0000B18C
   919 0001:0000B19F   920 0001:0000B1BB   922 0001:0000B1D7   923 0001:0000B1EB
   924 0001:0000B202   925 0001:0000B20D   926 0001:0000B21E   927 0001:0000B22F
   928 0001:0000B240   929 0001:0000B24D   931 0001:0000B259   932 0001:0000B271
   933 0001:0000B282   934 0001:0000B292   935 0001:0000B2A4   936 0001:0000B2B6
   938 0001:0000B2D2   939 0001:0000B2E2   940 0001:0000B2F2   941 0001:0000B303
   942 0001:0000B314   943 0001:0000B344   944 0001:0000B364   946 0001:0000B374
   948 0001:0000B380   949 0001:0000B398   950 0001:0000B3A9   951 0001:0000B3B9
   952 0001:0000B3D7   954 0001:0000B3F3   955 0001:0000B402   956 0001:0000B410
   957 0001:0000B421   958 0001:0000B432   959 0001:0000B443   962 0001:0000B45C
   963 0001:0000B46B   964 0001:0000B480   965 0001:0000B48B   966 0001:0000B493
   967 0001:0000B49D   969 0001:0000B4B2   972 0001:0000B4DB   975 0001:0000B4ED
   978 0001:0000B544   979 0001:0000B550   980 0001:0000B565   981 0001:0000B56A
   982 0001:0000B586   983 0001:0000B58B   985 0001:0000B599   986 0001:0000B5A5
   988 0001:0000B5B1   989 0001:0000B5D0   990 0001:0000B5DA   992 0001:0000B5F1
   994 0001:0000B5F9   997 0001:0000B600   998 0001:0000B60C  1000 0001:0000B61A
  1001 0001:0000B626  1003 0001:0000B62E  1006 0001:0000B634  1007 0001:0000B640
  1008 0001:0000B652  1009 0001:0000B656  1011 0001:0000B664  1012 0001:0000B670
  1013 0001:0000B681  1015 0001:0000B689  1018 0001:0000B690  1019 0001:0000B69C
  1021 0001:0000B6AA  1022 0001:0000B6B6  1024 0001:0000B6BC  1025 0001:0000B6C6
  1026 0001:0000B6D1  1028 0001:0000B6DC  1030 0001:0000B6E4  1033 0001:0000B6E8
  1034 0001:0000B6F4  1035 0001:0000B709  1036 0001:0000B70E  1037 0001:0000B71A
  1038 0001:0000B71F  1040 0001:0000B72D  1041 0001:0000B739  1042 0001:0000B745
  1043 0001:0000B75C  1044 0001:0000B764  1046 0001:0000B76C  1049 0001:0000B770
  1050 0001:0000B77C  1052 0001:0000B78A  1053 0001:0000B796  1055 0001:0000B79E
  1058 0001:0000B7A4  1059 0001:0000B7C3  1061 0001:0000B7D5  1062 0001:0000B7E1
  1063 0001:0000B7FF  1064 0001:0000B80A  1066 0001:0000B83A  1067 0001:0000B844
  1068 0001:0000B852  1070 0001:0000B85E  1071 0001:0000B871  1075 0001:0000B885
  1076 0001:0000B8A7  1079 0001:0000B8E4  1082 0001:0000B8F6  1083 0001:0000B902
  1084 0001:0000B90C  1085 0001:0000B914  1087 0001:0000B939  1090 0001:0000B950
  1091 0001:0000B95C  1092 0001:0000B973  1093 0001:0000B97F  1094 0001:0000B98A
  1095 0001:0000B992  1096 0001:0000B99A  1099 0001:0000B9A0  1100 0001:0000B9AC
  1101 0001:0000B9C3  1102 0001:0000B9CF  1103 0001:0000B9DA  1104 0001:0000B9E4
  1105 0001:0000B9EC  1106 0001:0000B9F4  1109 0001:0000B9F8  1110 0001:0000BA17
  1111 0001:0000BA27  1112 0001:0000BA31  1113 0001:0000BA3F  1114 0001:0000BA63
  1115 0001:0000BA81  1116 0001:0000BA8C  1117 0001:0000BA98  1119 0001:0000BAAC
  1120 0001:0000BADC  1121 0001:0000BAE8  1122 0001:0000BAF2  1123 0001:0000BAFA
  1125 0001:0000BB0F  1127 0001:0000BB3E  1133 0001:0000BB44  1134 0001:0000BB4D
  1136 0001:0000BB6D  1137 0001:0000BB88  1138 0001:0000BB94  1139 0001:0000BB9E
  1141 0001:0000BBC2  1142 0001:0000BBEE  1143 0001:0000BC08  1144 0001:0000BC16
  1147 0001:0000BC21  1150 0001:0000BC28  1151 0001:0000BC2F  1152 0001:0000BC37
  1153 0001:0000BC43  1154 0001:0000BC4B  1157 0001:0000BC50  1158 0001:0000BC57
  1159 0001:0000BC63  1160 0001:0000BC6B  1161 0001:0000BC73  1169 0001:0000BC78
  1170 0001:0000BC84  1171 0001:0000BC96  1172 0001:0000BCA4  1173 0001:0000BCB0
  1174 0001:0000BCBC  1175 0001:0000BCC8  1176 0001:0000BCE2  1177 0001:0000BCFB
  1179 0001:0000BD0C  1181 0001:0000BD35  1182 0001:0000BD42  1185 0001:0000BD4F
  1186 0001:0000BD5B  1187 0001:0000BD68  1188 0001:0000BD74  1189 0001:0000BD81
  1190 0001:0000BD98  1191 0001:0000BDA2  1192 0001:0000BDAC  1194 0001:0000BDB8
  1195 0001:0000BDC3  1196 0001:0000BDCE  1197 0001:0000BDD9  1201 0001:0000BDF2
  1202 0001:0000BDFD  1203 0001:0000BE08  1206 0001:0000BE20  1208 0001:0000BE30
  1215 0001:0000BE34  1216 0001:0000BE57  1217 0001:0000BE67  1218 0001:0000BE71
  1219 0001:0000BE7F  1221 0001:0000BE93  1222 0001:0000BEAD  1223 0001:0000BEBA
  1224 0001:0000BEE5  1227 0001:0000BEED  1228 0001:0000BEFA  1229 0001:0000BF18
  1230 0001:0000BF23  1231 0001:0000BF2F  1233 0001:0000BF44  1234 0001:0000BF66
  1235 0001:0000BF72  1236 0001:0000BF7C  1237 0001:0000BF84  1239 0001:0000BF99
  1241 0001:0000BFC8  1244 0001:0000BFE0  1245 0001:0000C006  1247 0001:0000C031
  1248 0001:0000C05C  1249 0001:0000C062  1250 0001:0000C078  1252 0001:0000C0AD
  1255 0001:0000C0D0  1256 0001:0000C0D9  1257 0001:0000C0E8  1259 0001:0000C0F2
  1260 0001:0000C14B  1266 0001:0000C150  1267 0001:0000C16C  1269 0001:0000C17A
  1270 0001:0000C184  1274 0001:0000C193  1275 0001:0000C1AC  1277 0001:0000C1C4
  1278 0001:0000C1D2  1279 0001:0000C1E0  1280 0001:0000C1EE  1281 0001:0000C1FC
  1282 0001:0000C214  1283 0001:0000C21F  1284 0001:0000C229  1286 0001:0000C251
  1289 0001:0000C25C  1290 0001:0000C27E  1291 0001:0000C286  1293 0001:0000C296
  1295 0001:0000C2A6  1296 0001:0000C2B2  1298 0001:0000C2DB  1299 0001:0000C302
  1300 0001:0000C30E  1301 0001:0000C339  1303 0001:0000C349  1305 0001:0000C38A
  1308 0001:0000C3A8  1309 0001:0000C3B0  1310 0001:0000C3BD  1311 0001:0000C3CF
  1314 0001:0000C3D4  1315 0001:0000C3E0  1316 0001:0000C3E8  1319 0001:0000C3EC
  1320 0001:0000C3F8  1321 0001:0000C403  1322 0001:0000C40B  1328 0001:0000C410
  1329 0001:0000C430  1330 0001:0000C438  1331 0001:0000C44F  1333 0001:0000C47D
  1334 0001:0000C489  1336 0001:0000C498  1337 0001:0000C4A5  1338 0001:0000C4CA
  1340 0001:0000C4D9  1341 0001:0000C4FE  1343 0001:0000C510  1344 0001:0000C520
  1346 0001:0000C550  1351 0001:0000C5CC  1352 0001:0000C5D2  1353 0001:0000C5FC
  1356 0001:0000C610  1357 0001:0000C61C  1359 0001:0000C62A  1360 0001:0000C636
  1362 0001:0000C63E  1364 0001:0000C674  1365 0001:0000C680  1367 0001:0000C68E

Line numbers for ORDtTmRng(ORDtTmRng.pas) segment .text

    51 0001:0000CB24    52 0001:0000CB39    53 0001:0000CB42    54 0001:0000CB4F
    55 0001:0000CB5C    56 0001:0000CB69    57 0001:0000CB8D    62 0001:0000CBF4
    63 0001:0000CC12    64 0001:0000CC29    67 0001:0000CC37    68 0001:0000CC48
    69 0001:0000CC59    71 0001:0000CC67    72 0001:0000CC7B    74 0001:0000CC9D
    75 0001:0000CCAB    76 0001:0000CCBF    78 0001:0000CCE1    79 0001:0000CD58
    80 0001:0000CD68    82 0001:0000CD72    83 0001:0000CD8E    84 0001:0000CDAA
    85 0001:0000CDBC    86 0001:0000CDCE    87 0001:0000CDEA    91 0001:0000CE13
    93 0001:0000CE62    96 0001:0000CE6C    97 0001:0000CE72    98 0001:0000CE77
   100 0001:0000CE7B   101 0001:0000CE7F   102 0001:0000CE95   103 0001:0000CEAB
   105 0001:0000CEC7   108 0001:0000CEF8   109 0001:0000CEFE   110 0001:0000CF03
   112 0001:0000CF07   113 0001:0000CF23   115 0001:0000CF2C   118 0001:0000CF5C
   119 0001:0000CF72   120 0001:0000CF7E   121 0001:0000CFB7   124 0001:0000CFC0
   125 0001:0000CFD6   126 0001:0000CFE2   127 0001:0000D01B   130 0001:0000D024
   131 0001:0000D02D   132 0001:0000D037   133 0001:0000D03F   136 0001:0000D044
   137 0001:0000D04D   138 0001:0000D057   139 0001:0000D05F   147 0001:0000D064
   148 0001:0000D07A   149 0001:0000D088   151 0001:0000D08E   152 0001:0000D0AB
   154 0001:0000D0AD   155 0001:0000D0BB   157 0001:0000D0C1   158 0001:0000D0DE
   160 0001:0000D0E0   161 0001:0000D107   165 0001:0000D130   166 0001:0000D13A
   170 0001:0000D13C   171 0001:0000D140   172 0001:0000D157   176 0001:0000D16C
   177 0001:0000D173   178 0001:0000D189   179 0001:0000D192   180 0001:0000D1AE
   181 0001:0000D1BB   182 0001:0000D1D1   183 0001:0000D1DA   184 0001:0000D1F6
   185 0001:0000D205   186 0001:0000D20C   189 0001:0000D210   190 0001:0000D216
   191 0001:0000D221   192 0001:0000D22C   194 0001:0000D260   194 0001:0000D267

Line numbers for ORDateLib60(C:\cprs\OR_3_215v26\CPRS-Lib\ORDateLib60.dpk) segment .text

    45 0001:0000D5D0

Bound resource files

ORDtTm.RES
ORDtTm.DFM
ORDtTmRng.DFM
ORDateLib60.res
ORDtTm.dcr
ORDtTmRng.dcr
ORDateLib60.drf


Program entry point at 0001:0000D5D0
