
 Start         Length     Name                   Class
 0001:00401000 00016BD8H .text                   CODE
 0002:00418000 00000320H .itext                  ICODE
 0003:00419000 0000034CH .data                   DATA
 0004:0041A000 00000090H .bss                    BSS
 0005:00000000 00000000H .tls                    TLS


Detailed map of segments

 0001:00000000 0000024E C=CODE     S=.text    G=(none)   M=System   ACBP=A9
 0001:00000250 000001C3 C=CODE     S=.text    G=(none)   M=SysInit  ACBP=A9
 0001:00000414 0000000E C=CODE     S=.text    G=(none)   M=Dialogs  ACBP=A9
 0001:00000424 00000006 C=CODE     S=.text    G=(none)   M=ActiveX  ACBP=A9
 0001:0000042C 000000D0 C=CODE     S=.text    G=(none)   M=Windows  ACBP=A9
 0001:000004FC 0000003E C=CODE     S=.text    G=(none)   M=StdCtrls ACBP=A9
 0001:0000053C 00000006 C=CODE     S=.text    G=(none)   M=ActnList ACBP=A9
 0001:00000544 00000016 C=CODE     S=.text    G=(none)   M=Contnrs  ACBP=A9
 0001:0000055C 0000021E C=CODE     S=.text    G=(none)   M=Classes  ACBP=A9
 0001:0000077C 0000003E C=CODE     S=.text    G=(none)   M=TypInfo  ACBP=A9
 0001:000007BC 000000AE C=CODE     S=.text    G=(none)   M=SysUtils ACBP=A9
 0001:0000086C 0000001E C=CODE     S=.text    G=(none)   M=Variants ACBP=A9
 0001:0000088C 00000006 C=CODE     S=.text    G=(none)   M=VarUtils ACBP=A9
 0001:00000894 0000002E C=CODE     S=.text    G=(none)   M=ImgList  ACBP=A9
 0001:000008C4 0000006E C=CODE     S=.text    G=(none)   M=Graphics ACBP=A9
 0001:00000934 00000006 C=CODE     S=.text    G=(none)   M=Registry ACBP=A9
 0001:0000093C 00000006 C=CODE     S=.text    G=(none)   M=IniFiles ACBP=A9
 0001:00000944 00000176 C=CODE     S=.text    G=(none)   M=Forms    ACBP=A9
 0001:00000ABC 00000006 C=CODE     S=.text    G=(none)   M=HelpIntfs ACBP=A9
 0001:00000AC4 00000006 C=CODE     S=.text    G=(none)   M=MultiMon ACBP=A9
 0001:00000ACC 0000027E C=CODE     S=.text    G=(none)   M=Controls ACBP=A9
 0001:00000D4C 00000006 C=CODE     S=.text    G=(none)   M=Menus    ACBP=A9
 0001:00000D54 00000006 C=CODE     S=.text    G=(none)   M=UxTheme  ACBP=A9
 0001:00000D5C 00000006 C=CODE     S=.text    G=(none)   M=Themes   ACBP=A9
 0001:00000D64 00000006 C=CODE     S=.text    G=(none)   M=Printers ACBP=A9
 0001:00000D6C 00000056 C=CODE     S=.text    G=(none)   M=ExtCtrls ACBP=A9
 0001:00000DC4 00000006 C=CODE     S=.text    G=(none)   M=GraphUtil ACBP=A9
 0001:00000DCC 0000000E C=CODE     S=.text    G=(none)   M=StrUtils ACBP=A9
 0001:00000DDC 00000006 C=CODE     S=.text    G=(none)   M=Clipbrd  ACBP=A9
 0001:00000DE4 00000006 C=CODE     S=.text    G=(none)   M=FlatSB   ACBP=A9
 0001:00000DEC 0000004A C=CODE     S=.text    G=(none)   M=VA508AccessibilityConst ACBP=A9
 0001:00000E38 00000066 C=CODE     S=.text    G=(none)   M=VAUtils  ACBP=A9
 0001:00000EA0 0000001E C=CODE     S=.text    G=(none)   M=ComObj   ACBP=A9
 0001:00000EC0 0000002E C=CODE     S=.text    G=(none)   M=VAClasses ACBP=A9
 0001:00000EF0 00000066 C=CODE     S=.text    G=(none)   M=ComCtrls ACBP=A9
 0001:00000F58 00000006 C=CODE     S=.text    G=(none)   M=ExtActns ACBP=A9
 0001:00000F60 00000006 C=CODE     S=.text    G=(none)   M=ExtDlgs  ACBP=A9
 0001:00000F68 00000006 C=CODE     S=.text    G=(none)   M=Buttons  ACBP=A9
 0001:00000F70 00000006 C=CODE     S=.text    G=(none)   M=Mapi     ACBP=A9
 0001:00000F78 0000002E C=CODE     S=.text    G=(none)   M=MSAAConstants ACBP=A9
 0001:00000FA8 00000006 C=CODE     S=.text    G=(none)   M=OleServer ACBP=A9
 0001:00000FB0 000002EA C=CODE     S=.text    G=(none)   M=oleacc2  ACBP=A9
 0001:0000129C 00001887 C=CODE     S=.text    G=(none)   M=VA508MSAASupport ACBP=A9
 0001:00002B24 0000000E C=CODE     S=.text    G=(none)   M=DateUtils ACBP=A9
 0001:00002B34 0000186D C=CODE     S=.text    G=(none)   M=VA508AccessibilityRouter ACBP=A9
 0001:000043A4 00000890 C=CODE     S=.text    G=(none)   M=VA508ScreenReaderDLLLinker ACBP=A9
 0001:00004C34 00000006 C=CODE     S=.text    G=(none)   M=DB       ACBP=A9
 0001:00004C3C 00000006 C=CODE     S=.text    G=(none)   M=WideStrings ACBP=A9
 0001:00004C44 00000006 C=CODE     S=.text    G=(none)   M=FMTBcd   ACBP=A9
 0001:00004C4C 00000006 C=CODE     S=.text    G=(none)   M=SqlTimSt ACBP=A9
 0001:00004C54 00000006 C=CODE     S=.text    G=(none)   M=DBCtrls  ACBP=A9
 0001:00004C5C 00000006 C=CODE     S=.text    G=(none)   M=DBPWDlg  ACBP=A9
 0001:00004C64 00000006 C=CODE     S=.text    G=(none)   M=DBLogDlg ACBP=A9
 0001:00004C6C 00000016 C=CODE     S=.text    G=(none)   M=CheckLst ACBP=A9
 0001:00004C84 00001196 C=CODE     S=.text    G=(none)   M=VA508DelphiCompatibility ACBP=A9
 0001:00005E1C 00000006 C=CODE     S=.text    G=(none)   M=HRParserPas ACBP=A9
 0001:00005E24 00000016 C=CODE     S=.text    G=(none)   M=HRParser ACBP=A9
 0001:00005E3C 000014F6 C=CODE     S=.text    G=(none)   M=VA508ImageListLabeler ACBP=A9
 0001:00007334 000019B6 C=CODE     S=.text    G=(none)   M=VA508Classes ACBP=A9
 0001:00008CEC 00006E3E C=CODE     S=.text    G=(none)   M=VA508AccessibilityManager ACBP=A9
 0001:0000FB2C 00000026 C=CODE     S=.text    G=(none)   M=ToolsAPI ACBP=A9
 0001:0000FB54 00000006 C=CODE     S=.text    G=(none)   M=XMLIntf  ACBP=A9
 0001:0000FB5C 00000006 C=CODE     S=.text    G=(none)   M=xmldom   ACBP=A9
 0001:0000FB64 00000006 C=CODE     S=.text    G=(none)   M=msxmldom ACBP=A9
 0001:0000FB6C 0000000E C=CODE     S=.text    G=(none)   M=DesignIntf ACBP=A9
 0001:0000FB7C 00000006 C=CODE     S=.text    G=(none)   M=DockForm ACBP=A9
 0001:0000FB84 00000006 C=CODE     S=.text    G=(none)   M=IDEMessages ACBP=A9
 0001:0000FB8C 00000006 C=CODE     S=.text    G=(none)   M=DeskForm ACBP=A9
 0001:0000FB94 00000006 C=CODE     S=.text    G=(none)   M=BaseDock ACBP=A9
 0001:0000FB9C 00000006 C=CODE     S=.text    G=(none)   M=PercentageDockTree ACBP=A9
 0001:0000FBA4 00000006 C=CODE     S=.text    G=(none)   M=CaptionedDockTree ACBP=A9
 0001:0000FBAC 00000006 C=CODE     S=.text    G=(none)   M=DockTabSet ACBP=A9
 0001:0000FBB4 00000006 C=CODE     S=.text    G=(none)   M=Tabs     ACBP=A9
 0001:0000FBBC 00000006 C=CODE     S=.text    G=(none)   M=DeskUtil ACBP=A9
 0001:0000FBC4 00000006 C=CODE     S=.text    G=(none)   M=ActnMan  ACBP=A9
 0001:0000FBCC 00000006 C=CODE     S=.text    G=(none)   M=ActnMenus ACBP=A9
 0001:0000FBD4 00000006 C=CODE     S=.text    G=(none)   M=XPStyleActnCtrls ACBP=A9
 0001:0000FBDC 00000176 C=CODE     S=.text    G=(none)   M=DesignEditors ACBP=A9
 0001:0000FD54 00000006 C=CODE     S=.text    G=(none)   M=Proxies  ACBP=A9
 0001:0000FD5C 00000056 C=CODE     S=.text    G=(none)   M=ColnEdit ACBP=A9
 0001:0000FDB4 0000000E C=CODE     S=.text    G=(none)   M=ToolWnds ACBP=A9
 0001:0000FDC4 00000046 C=CODE     S=.text    G=(none)   M=DesignWindows ACBP=A9
 0001:0000FE0C 00000006 C=CODE     S=.text    G=(none)   M=ComponentDesigner ACBP=A9
 0001:0000FE14 00000006 C=CODE     S=.text    G=(none)   M=AxCtrls  ACBP=A9
 0001:0000FE1C 00000006 C=CODE     S=.text    G=(none)   M=StFilSys ACBP=A9
 0001:0000FE24 00000006 C=CODE     S=.text    G=(none)   M=TopLevels ACBP=A9
 0001:0000FE2C 00000006 C=CODE     S=.text    G=(none)   M=TreeIntf ACBP=A9
 0001:0000FE34 00000006 C=CODE     S=.text    G=(none)   M=VCLEditors ACBP=A9
 0001:0000FE3C 00001A96 C=CODE     S=.text    G=(none)   M=VA508AccessibilityPE ACBP=A9
 0001:000118D4 00000701 C=CODE     S=.text    G=(none)   M=VA508AccessibilityCompileInfo ACBP=A9
 0001:00011FD8 000034C3 C=CODE     S=.text    G=(none)   M=VA508AccessibilityCompiler ACBP=A9
 0001:0001549C 00001212 C=CODE     S=.text    G=(none)   M=VA508ImageListLabelerPE ACBP=A9
 0001:000166B0 00000527 C=CODE     S=.text    G=(none)   M=.VA508Access2006 ACBP=A9
 0002:00000000 00000006 C=ICODE    S=.itext   G=(none)   M=System   ACBP=A9
 0002:00000008 00000006 C=ICODE    S=.itext   G=(none)   M=Dialogs  ACBP=A9
 0002:00000010 00000011 C=ICODE    S=.itext   G=(none)   M=Windows  ACBP=A9
 0002:00000024 00000006 C=ICODE    S=.itext   G=(none)   M=ActnList ACBP=A9
 0002:0000002C 00000006 C=ICODE    S=.itext   G=(none)   M=Classes  ACBP=A9
 0002:00000034 00000006 C=ICODE    S=.itext   G=(none)   M=TypInfo  ACBP=A9
 0002:0000003C 00000006 C=ICODE    S=.itext   G=(none)   M=SysUtils ACBP=A9
 0002:00000044 00000006 C=ICODE    S=.itext   G=(none)   M=Variants ACBP=A9
 0002:0000004C 00000006 C=ICODE    S=.itext   G=(none)   M=VarUtils ACBP=A9
 0002:00000054 00000006 C=ICODE    S=.itext   G=(none)   M=Graphics ACBP=A9
 0002:0000005C 00000006 C=ICODE    S=.itext   G=(none)   M=Registry ACBP=A9
 0002:00000064 00000006 C=ICODE    S=.itext   G=(none)   M=IniFiles ACBP=A9
 0002:0000006C 00000006 C=ICODE    S=.itext   G=(none)   M=Forms    ACBP=A9
 0002:00000074 00000006 C=ICODE    S=.itext   G=(none)   M=HelpIntfs ACBP=A9
 0002:0000007C 00000006 C=ICODE    S=.itext   G=(none)   M=MultiMon ACBP=A9
 0002:00000084 00000006 C=ICODE    S=.itext   G=(none)   M=Controls ACBP=A9
 0002:0000008C 00000006 C=ICODE    S=.itext   G=(none)   M=Menus    ACBP=A9
 0002:00000094 00000006 C=ICODE    S=.itext   G=(none)   M=UxTheme  ACBP=A9
 0002:0000009C 00000006 C=ICODE    S=.itext   G=(none)   M=Themes   ACBP=A9
 0002:000000A4 00000006 C=ICODE    S=.itext   G=(none)   M=Printers ACBP=A9
 0002:000000AC 00000006 C=ICODE    S=.itext   G=(none)   M=ExtCtrls ACBP=A9
 0002:000000B4 00000006 C=ICODE    S=.itext   G=(none)   M=GraphUtil ACBP=A9
 0002:000000BC 00000006 C=ICODE    S=.itext   G=(none)   M=Clipbrd  ACBP=A9
 0002:000000C4 00000006 C=ICODE    S=.itext   G=(none)   M=FlatSB   ACBP=A9
 0002:000000CC 00000008 C=ICODE    S=.itext   G=(none)   M=VA508AccessibilityConst ACBP=A9
 0002:000000D4 00000006 C=ICODE    S=.itext   G=(none)   M=VAUtils  ACBP=A9
 0002:000000DC 00000006 C=ICODE    S=.itext   G=(none)   M=ComObj   ACBP=A9
 0002:000000E4 00000006 C=ICODE    S=.itext   G=(none)   M=ComCtrls ACBP=A9
 0002:000000EC 00000006 C=ICODE    S=.itext   G=(none)   M=ExtActns ACBP=A9
 0002:000000F4 00000006 C=ICODE    S=.itext   G=(none)   M=ExtDlgs  ACBP=A9
 0002:000000FC 00000006 C=ICODE    S=.itext   G=(none)   M=Buttons  ACBP=A9
 0002:00000104 00000006 C=ICODE    S=.itext   G=(none)   M=Mapi     ACBP=A9
 0002:0000010C 00000008 C=ICODE    S=.itext   G=(none)   M=MSAAConstants ACBP=A9
 0002:00000114 00000006 C=ICODE    S=.itext   G=(none)   M=OleServer ACBP=A9
 0002:0000011C 00000008 C=ICODE    S=.itext   G=(none)   M=oleacc2  ACBP=A9
 0002:00000124 00000014 C=ICODE    S=.itext   G=(none)   M=VA508MSAASupport ACBP=A9
 0002:00000138 00000021 C=ICODE    S=.itext   G=(none)   M=VA508AccessibilityRouter ACBP=A9
 0002:0000015C 00000008 C=ICODE    S=.itext   G=(none)   M=VA508ScreenReaderDLLLinker ACBP=A9
 0002:00000164 00000006 C=ICODE    S=.itext   G=(none)   M=DB       ACBP=A9
 0002:0000016C 00000006 C=ICODE    S=.itext   G=(none)   M=WideStrings ACBP=A9
 0002:00000174 00000006 C=ICODE    S=.itext   G=(none)   M=FMTBcd   ACBP=A9
 0002:0000017C 00000006 C=ICODE    S=.itext   G=(none)   M=SqlTimSt ACBP=A9
 0002:00000184 00000006 C=ICODE    S=.itext   G=(none)   M=DBCtrls  ACBP=A9
 0002:0000018C 00000006 C=ICODE    S=.itext   G=(none)   M=DBPWDlg  ACBP=A9
 0002:00000194 00000006 C=ICODE    S=.itext   G=(none)   M=DBLogDlg ACBP=A9
 0002:0000019C 00000006 C=ICODE    S=.itext   G=(none)   M=CheckLst ACBP=A9
 0002:000001A4 0000000F C=ICODE    S=.itext   G=(none)   M=VA508DelphiCompatibility ACBP=A9
 0002:000001B4 00000008 C=ICODE    S=.itext   G=(none)   M=VA508ImageListLabeler ACBP=A9
 0002:000001BC 00000008 C=ICODE    S=.itext   G=(none)   M=VA508Classes ACBP=A9
 0002:000001C4 00000014 C=ICODE    S=.itext   G=(none)   M=VA508AccessibilityManager ACBP=A9
 0002:000001D8 00000006 C=ICODE    S=.itext   G=(none)   M=ToolsAPI ACBP=A9
 0002:000001E0 00000006 C=ICODE    S=.itext   G=(none)   M=XMLIntf  ACBP=A9
 0002:000001E8 00000006 C=ICODE    S=.itext   G=(none)   M=xmldom   ACBP=A9
 0002:000001F0 00000006 C=ICODE    S=.itext   G=(none)   M=msxmldom ACBP=A9
 0002:000001F8 00000006 C=ICODE    S=.itext   G=(none)   M=DockForm ACBP=A9
 0002:00000200 00000006 C=ICODE    S=.itext   G=(none)   M=IDEMessages ACBP=A9
 0002:00000208 00000006 C=ICODE    S=.itext   G=(none)   M=DeskForm ACBP=A9
 0002:00000210 00000006 C=ICODE    S=.itext   G=(none)   M=BaseDock ACBP=A9
 0002:00000218 00000006 C=ICODE    S=.itext   G=(none)   M=PercentageDockTree ACBP=A9
 0002:00000220 00000006 C=ICODE    S=.itext   G=(none)   M=CaptionedDockTree ACBP=A9
 0002:00000228 00000006 C=ICODE    S=.itext   G=(none)   M=DockTabSet ACBP=A9
 0002:00000230 00000006 C=ICODE    S=.itext   G=(none)   M=Tabs     ACBP=A9
 0002:00000238 00000006 C=ICODE    S=.itext   G=(none)   M=DeskUtil ACBP=A9
 0002:00000240 00000006 C=ICODE    S=.itext   G=(none)   M=ActnMan  ACBP=A9
 0002:00000248 00000006 C=ICODE    S=.itext   G=(none)   M=ActnMenus ACBP=A9
 0002:00000250 00000006 C=ICODE    S=.itext   G=(none)   M=XPStyleActnCtrls ACBP=A9
 0002:00000258 00000006 C=ICODE    S=.itext   G=(none)   M=DesignEditors ACBP=A9
 0002:00000260 00000006 C=ICODE    S=.itext   G=(none)   M=Proxies  ACBP=A9
 0002:00000268 00000006 C=ICODE    S=.itext   G=(none)   M=ColnEdit ACBP=A9
 0002:00000270 00000006 C=ICODE    S=.itext   G=(none)   M=ToolWnds ACBP=A9
 0002:00000278 00000006 C=ICODE    S=.itext   G=(none)   M=ComponentDesigner ACBP=A9
 0002:00000280 00000006 C=ICODE    S=.itext   G=(none)   M=AxCtrls  ACBP=A9
 0002:00000288 00000006 C=ICODE    S=.itext   G=(none)   M=StFilSys ACBP=A9
 0002:00000290 00000006 C=ICODE    S=.itext   G=(none)   M=TopLevels ACBP=A9
 0002:00000298 00000006 C=ICODE    S=.itext   G=(none)   M=TreeIntf ACBP=A9
 0002:000002A0 00000006 C=ICODE    S=.itext   G=(none)   M=VCLEditors ACBP=A9
 0002:000002A8 00000008 C=ICODE    S=.itext   G=(none)   M=VA508AccessibilityPE ACBP=A9
 0002:000002B0 0000002F C=ICODE    S=.itext   G=(none)   M=VA508AccessibilityCompileInfo ACBP=A9
 0002:000002E0 0000002F C=ICODE    S=.itext   G=(none)   M=VA508AccessibilityCompiler ACBP=A9
 0002:00000310 00000008 C=ICODE    S=.itext   G=(none)   M=VA508ImageListLabelerPE ACBP=A9
 0002:00000318 00000005 C=ICODE    S=.itext   G=(none)   M=.VA508Access2006 ACBP=A9
 0003:00000000 00000030 C=DATA     S=.data    G=DGROUP   M=SysInit  ACBP=A9
 0003:00000030 00000180 C=DATA     S=.data    G=DGROUP   M=MSAAConstants ACBP=A9
 0003:000001B0 00000070 C=DATA     S=.data    G=DGROUP   M=oleacc2  ACBP=A9
 0003:00000220 00000018 C=DATA     S=.data    G=DGROUP   M=VA508MSAASupport ACBP=A9
 0003:00000238 00000024 C=DATA     S=.data    G=DGROUP   M=VA508AccessibilityRouter ACBP=A9
 0003:0000025C 00000030 C=DATA     S=.data    G=DGROUP   M=VA508ScreenReaderDLLLinker ACBP=A9
 0003:0000028C 00000061 C=DATA     S=.data    G=DGROUP   M=VA508AccessibilityManager ACBP=A9
 0003:000002F0 00000004 C=DATA     S=.data    G=DGROUP   M=VA508AccessibilityCompileInfo ACBP=A9
 0003:000002F4 00000005 C=DATA     S=.data    G=DGROUP   M=VA508AccessibilityCompiler ACBP=A9
 0004:00000000 00000010 C=BSS      S=.bss     G=DGROUP   M=SysInit  ACBP=A9
 0004:00000010 00000008 C=BSS      S=.bss     G=DGROUP   M=Windows  ACBP=A9
 0004:00000018 00000004 C=BSS      S=.bss     G=DGROUP   M=VA508AccessibilityConst ACBP=A9
 0004:0000001C 00000004 C=BSS      S=.bss     G=DGROUP   M=MSAAConstants ACBP=A9
 0004:00000020 00000004 C=BSS      S=.bss     G=DGROUP   M=oleacc2  ACBP=A9
 0004:00000024 00000018 C=BSS      S=.bss     G=DGROUP   M=VA508MSAASupport ACBP=A9
 0004:0000003C 00000004 C=BSS      S=.bss     G=DGROUP   M=VA508AccessibilityRouter ACBP=A9
 0004:00000040 00000004 C=BSS      S=.bss     G=DGROUP   M=VA508ScreenReaderDLLLinker ACBP=A9
 0004:00000044 00000004 C=BSS      S=.bss     G=DGROUP   M=VA508DelphiCompatibility ACBP=A9
 0004:00000048 00000004 C=BSS      S=.bss     G=DGROUP   M=VA508ImageListLabeler ACBP=A9
 0004:0000004C 00000004 C=BSS      S=.bss     G=DGROUP   M=VA508Classes ACBP=A9
 0004:00000050 0000000C C=BSS      S=.bss     G=DGROUP   M=VA508AccessibilityManager ACBP=A9
 0004:0000005C 00000004 C=BSS      S=.bss     G=DGROUP   M=VA508AccessibilityPE ACBP=A9
 0004:00000060 00000020 C=BSS      S=.bss     G=DGROUP   M=VA508AccessibilityCompileInfo ACBP=A9
 0004:00000080 0000000C C=BSS      S=.bss     G=DGROUP   M=VA508AccessibilityCompiler ACBP=A9
 0004:0000008C 00000004 C=BSS      S=.bss     G=DGROUP   M=VA508ImageListLabelerPE ACBP=A9


  Address             Publics by Name

 0002:00000318       .VA508Access2006..VA508Access2006
 0001:00016BB8       .VA508Access2006.@GetPackageInfoTable
 0001:00016BC0       .VA508Access2006.@PackageLoad
 0001:00016BCC       .VA508Access2006.@PackageUnload
 0004:0000001C       MSAAConstants..1
 0001:00000F78       MSAAConstants.Finalization
 0002:0000010C       MSAAConstants.MSAAConstants
 0003:00000050       MSAAConstants.PROPID_ACC_DESCRIPTION
 0003:00000190       MSAAConstants.PROPID_ACC_DESCRIPTIONMAP
 0003:000001A0       MSAAConstants.PROPID_ACC_DODEFAULTACTION
 0003:000000B0       MSAAConstants.PROPID_ACC_FOCUS
 0003:00000080       MSAAConstants.PROPID_ACC_HELP
 0003:000000A0       MSAAConstants.PROPID_ACC_HELPTOPIC
 0003:00000090       MSAAConstants.PROPID_ACC_KEYBOARDSHORTCUT
 0003:00000030       MSAAConstants.PROPID_ACC_NAME
 0003:000000F0       MSAAConstants.PROPID_ACC_NAV_DOWN
 0003:00000140       MSAAConstants.PROPID_ACC_NAV_FIRSTCHILD
 0003:00000150       MSAAConstants.PROPID_ACC_NAV_LASTCHILD
 0003:00000100       MSAAConstants.PROPID_ACC_NAV_LEFT
 0003:00000130       MSAAConstants.PROPID_ACC_NAV_NEXT
 0003:00000120       MSAAConstants.PROPID_ACC_NAV_PREV
 0003:00000110       MSAAConstants.PROPID_ACC_NAV_RIGHT
 0003:000000E0       MSAAConstants.PROPID_ACC_NAV_UP
 0003:000000D0       MSAAConstants.PROPID_ACC_PARENT
 0003:00000060       MSAAConstants.PROPID_ACC_ROLE
 0003:00000160       MSAAConstants.PROPID_ACC_ROLEMAP
 0003:000000C0       MSAAConstants.PROPID_ACC_SELECTION
 0003:00000070       MSAAConstants.PROPID_ACC_STATE
 0003:00000180       MSAAConstants.PROPID_ACC_STATEMAP
 0003:00000040       MSAAConstants.PROPID_ACC_VALUE
 0003:00000170       MSAAConstants.PROPID_ACC_VALUEMAP
 0004:00000020       oleacc2..2
 0001:000010FC       oleacc2..CoCAccPropServices
 0003:00000210       oleacc2.CLASS_CAccPropServices
 0001:00001188       oleacc2.CoCAccPropServices.Create
 0001:000011EC       oleacc2.CoCAccPropServices.CreateRemote
 0001:0000126C       oleacc2.Finalization
 0003:000001C0       oleacc2.IID_IAccessible
 0003:000001D0       oleacc2.IID_IAccessibleHandler
 0003:000001E0       oleacc2.IID_IAccIdentity
 0003:000001F0       oleacc2.IID_IAccPropServer
 0003:00000200       oleacc2.IID_IAccPropServices
 0003:000001B0       oleacc2.LIBID_Accessibility
 0002:0000011C       oleacc2.oleacc2
 0001:00000398       SysInit.@InitPkg
 0001:000003FC       SysInit.@PackageLoad
 0001:00000408       SysInit.@PackageUnload
 0001:00000288       SysInit.AllocTlsBuffer
 0004:00000008       SysInit.DllProc
 0001:00000344       SysInit.ExitProcessTLS
 0001:0000030C       SysInit.ExitThreadTLS
 0001:00000250       SysInit.FreeLibrary
 0001:00000294       SysInit.GetTlsSize
 0004:00000004       SysInit.HInstance
 0001:00000368       SysInit.InitializeModule
 0001:000002E0       SysInit.InitProcessTLS
 0001:0000029C       SysInit.InitThreadTLS
 0001:00000258       SysInit.LocalAlloc
 0001:00000260       SysInit.LocalFree
 0003:00000008       SysInit.Module
 0004:00000000       SysInit.ModuleIsLib
 0004:00000001       SysInit.ModuleIsPackage
 0003:00000004       SysInit.PtrToNil
 0001:00000268       SysInit.TlsAlloc
 0004:0000000C       SysInit.tlsBuffer
 0001:00000270       SysInit.TlsFree
 0001:00000278       SysInit.TlsGetValue
 0003:00000000       SysInit.TlsIndex
 0005:00000000       SysInit.TlsLast
 0003:00000020       SysInit.TlsProc
 0001:00000280       SysInit.TlsSetValue
 0001:00000374       SysInit.UninitializeModule
 0004:00000060       VA508AccessibilityCompileInfo..2
 0001:000118D4       VA508AccessibilityCompileInfo..TfrmProgress
 0001:00011F88       VA508AccessibilityCompileInfo.Finalization
 0003:000002F0       VA508AccessibilityCompileInfo.frmProgress
 0001:00011C44       VA508AccessibilityCompileInfo.Hookup
 0001:00011CE4       VA508AccessibilityCompileInfo.StartMonitor
 0001:00011D6C       VA508AccessibilityCompileInfo.StopMonitor
 0001:00011F14       VA508AccessibilityCompileInfo.TfrmProgress.btnReleaseClick
 0001:00011F44       VA508AccessibilityCompileInfo.TfrmProgress.FormCreate
 0004:00000070       VA508AccessibilityCompileInfo.uLastUpdate
 0001:00011D80       VA508AccessibilityCompileInfo.Update508Monitor
 0004:00000064       VA508AccessibilityCompileInfo.uProjectText
 0004:00000078       VA508AccessibilityCompileInfo.uStartTime
 0004:00000068       VA508AccessibilityCompileInfo.uStopProc
 0002:000002B0       VA508AccessibilityCompileInfo.VA508AccessibilityCompileInfo
 0004:00000080       VA508AccessibilityCompiler..2
 0001:000120F0       VA508AccessibilityCompiler..TVA508Compiler
 0001:00012EA4       VA508AccessibilityCompiler.Add2Cache
 0001:00013FC0       VA508AccessibilityCompiler.AttemptAutoFix
 0001:00013214       VA508AccessibilityCompiler.ClearWarningList
 0001:00013F38       VA508AccessibilityCompiler.CloseEditor
 0001:000149FC       VA508AccessibilityCompiler.CloseModules
 0001:0001502C       VA508AccessibilityCompiler.CreateResources
 0001:0001522C       VA508AccessibilityCompiler.DestroyResources
 0001:00013B50       VA508AccessibilityCompiler.DFMSuccessfullyLoaded
 0001:000122D0       VA508AccessibilityCompiler.DLLUnload
 0001:000123E4       VA508AccessibilityCompiler.Do508Scan
 0001:000139C8       VA508AccessibilityCompiler.FileLoaded
 0001:0001545C       VA508AccessibilityCompiler.Finalization
 0001:00013168       VA508AccessibilityCompiler.GetComponentName
 0001:00012F18       VA508AccessibilityCompiler.GetDFMFileName
 0001:000132F0       VA508AccessibilityCompiler.GetManagerInfo
 0001:0001231C       VA508AccessibilityCompiler.GetPluralStr
 0001:00013288       VA508AccessibilityCompiler.GetWarningList
 0001:00014500       VA508AccessibilityCompiler.HandleInheritenceProblems
 0001:000122E8       VA508AccessibilityCompiler.HaveMessageServices
 0001:00012E00       VA508AccessibilityCompiler.IncCacheIndexes
 0001:00015310       VA508AccessibilityCompiler.Init
 0001:00013754       VA508AccessibilityCompiler.InitCache
 0001:000144B0       VA508AccessibilityCompiler.IsFileReadOnly
 0001:00014BA0       VA508AccessibilityCompiler.LoadCacheFile
 0001:00012838       VA508AccessibilityCompiler.MessageOK
 0004:00000088       VA508AccessibilityCompiler.MessageService
 0003:000002F4       VA508AccessibilityCompiler.NotifierIndex
 0003:000002F8       VA508AccessibilityCompiler.NotifierRegistered
 0001:00013EA0       VA508AccessibilityCompiler.OpenEditor
 0001:00012188       VA508AccessibilityCompiler.Register
 0001:0001363C       VA508AccessibilityCompiler.ReportComponentWarnings
 0001:00014E84       VA508AccessibilityCompiler.SaveCacheFile
 0004:00000084       VA508AccessibilityCompiler.SaveDllProc
 0001:00013C28       VA508AccessibilityCompiler.ScanForErrors
 0001:00013DCC       VA508AccessibilityCompiler.ScanFormFiles
 0001:00012E58       VA508AccessibilityCompiler.SetCacheSize
 0001:00012348       VA508AccessibilityCompiler.ShowErrorMessage
 0001:00012720       VA508AccessibilityCompiler.TVA508Compiler.AfterCompile
 0001:00012724       VA508AccessibilityCompiler.TVA508Compiler.AfterCompile
 0001:00012730       VA508AccessibilityCompiler.TVA508Compiler.AfterCompile
 0001:000126F0       VA508AccessibilityCompiler.TVA508Compiler.BeforeCompile
 0001:0001271C       VA508AccessibilityCompiler.TVA508Compiler.BeforeCompile
 0001:00012744       VA508AccessibilityCompiler.TVA508Compiler.CompileNA
 0001:00012758       VA508AccessibilityCompiler.TVA508Compiler.Create
 0001:000127A8       VA508AccessibilityCompiler.TVA508Compiler.Destroy
 0001:00012B3C       VA508AccessibilityCompiler.TVA508Compiler.error
 0001:00012CF8       VA508AccessibilityCompiler.TVA508Compiler.FileNotification
 0001:00012D40       VA508AccessibilityCompiler.TVA508Compiler.infoMessage
 0001:00012CA4       VA508AccessibilityCompiler.TVA508Compiler.msg
 0001:00015364       VA508AccessibilityCompiler.TVA508Compiler.ScanFor508Errors
 0001:000127E0       VA508AccessibilityCompiler.TVA508Compiler.startMessages
 0001:000127D8       VA508AccessibilityCompiler.TVA508Compiler.StopCompile
 0001:0001294C       VA508AccessibilityCompiler.TVA508Compiler.stopMessages
 0001:00012ABC       VA508AccessibilityCompiler.TVA508Compiler.UpdateMonitor
 0001:00012BF0       VA508AccessibilityCompiler.TVA508Compiler.warning
 0001:00012234       VA508AccessibilityCompiler.Unregister
 0002:000002E0       VA508AccessibilityCompiler.VA508AccessibilityCompiler
 0001:000130C8       VA508AccessibilityCompiler.ValidateDFM
 0001:00012FA4       VA508AccessibilityCompiler.ValidObjectLine
 0004:00000018       VA508AccessibilityConst..1
 0001:00000E08       VA508AccessibilityConst.Finalization
 0002:000000CC       VA508AccessibilityConst.VA508AccessibilityConst
 0004:00000050       VA508AccessibilityManager..21
 0001:0000BBFC       VA508AccessibilityManager..TAlternateHandleData
 0001:0000F5B4       VA508AccessibilityManager..TComplexDataItem
 0001:00009DB0       VA508AccessibilityManager..TComponentHelper
 0001:00009EDC       VA508AccessibilityManager..TDFMData
 0001:00009F5C       VA508AccessibilityManager..TMSAAData
 0001:00008F24       VA508AccessibilityManager..TVA508AccessibilityCollection
 0001:00008D5C       VA508AccessibilityManager..TVA508AccessibilityItem
 0001:0000900C       VA508AccessibilityManager..TVA508AccessibilityManager
 0001:000096C4       VA508AccessibilityManager..TVA508ChainedLabel
 0001:00009C78       VA508AccessibilityManager..TVA508ComplexComponentManager
 0001:000091F8       VA508AccessibilityManager..TVA508ComponentAccessibility
 0001:000095CC       VA508AccessibilityManager..TVA508ComponentManager
 0001:00009B78       VA508AccessibilityManager..TVA508ManagedComponentClass
 0001:00009A80       VA508AccessibilityManager..TVA508SilentComponent
 0001:000097FC       VA508AccessibilityManager..TVA508StaticText
 0001:00009E60       VA508AccessibilityManager..TVAGlobalComponentRegistry
 0001:0000C3F4       VA508AccessibilityManager.AddControlType
 0001:0000ACD0       VA508AccessibilityManager.AddLabels
 0003:000002DC       VA508AccessibilityManager.AltHandleClasses
 0001:0000AB0C       VA508AccessibilityManager.BasicComponentCheck
 0003:000002EC       VA508AccessibilityManager.CanCheckEvent
 0001:0000D27C       VA508AccessibilityManager.CheckComplexClasses
 0001:0000D1D4       VA508AccessibilityManager.CheckManagedClasses
 0003:000002E4       VA508AccessibilityManager.ComplexClasses
 0003:0000028C       VA508AccessibilityManager.ControlsWithDefaultPropertySettings
 0001:00009FB4       VA508AccessibilityManager.CreateGlobalRegistry
 0001:00009FD8       VA508AccessibilityManager.CreateGlobalVars
 0001:0000D2F4       VA508AccessibilityManager.CreateHelper
 0001:0000ED78       VA508AccessibilityManager.DrawBottom
 0001:0000F448       VA508AccessibilityManager.DrawBottom
 0001:0000F2BC       VA508AccessibilityManager.DrawPartials
 0001:0000F3E8       VA508AccessibilityManager.DrawSides
 0001:0000F170       VA508AccessibilityManager.DrawText
 0001:0000F358       VA508AccessibilityManager.DrawTop
 0001:0000ED18       VA508AccessibilityManager.DrawTop
 0001:0000AAC8       VA508AccessibilityManager.error
 0001:0000FAD0       VA508AccessibilityManager.Finalization
 0001:0000BDC4       VA508AccessibilityManager.FindMSAAQueryData
 0001:0000A850       VA508AccessibilityManager.FindOwnedComponent
 0001:0000D984       VA508AccessibilityManager.FindRootHandle
 0001:00009FF8       VA508AccessibilityManager.FreeGlobalVars
 0001:0000C7BC       VA508AccessibilityManager.GetDataValues
 0001:0000CC3C       VA508AccessibilityManager.GetMessageHookProc
 0003:000002D8       VA508AccessibilityManager.GlobalRegistry
 0001:0000BE78       VA508AccessibilityManager.HandleStillValid
 0001:0000C5A4       VA508AccessibilityManager.HelperValid
 0001:0000BF24       VA508AccessibilityManager.Init
 0001:0000EC24       VA508AccessibilityManager.Init
 0001:0000F11C       VA508AccessibilityManager.Init
 0001:0000F1EC       VA508AccessibilityManager.InitDrawBorder
 0001:0000EC78       VA508AccessibilityManager.InitDrawBorder
 0001:0000E020       VA508AccessibilityManager.InitializeComponentHelper
 0001:0000C730       VA508AccessibilityManager.InitializeVars
 0003:000002E0       VA508AccessibilityManager.ManagedClasses
 0003:000002D4       VA508AccessibilityManager.MasterPropertyList
 0003:000002E8       VA508AccessibilityManager.MSAAQueryClasses
 0003:000002BC       VA508AccessibilityManager.NewComponentData
 0001:0000BEAC       VA508AccessibilityManager.NoChangeNeeded
 0001:0000BF78       VA508AccessibilityManager.ProcessCaptionChange
 0001:0000C034       VA508AccessibilityManager.ProcessItemChange
 0001:0000C32C       VA508AccessibilityManager.ProcessStateChange
 0001:0000BC60       VA508AccessibilityManager.RegisterAlternateHandleComponent
 0001:0000BCD8       VA508AccessibilityManager.RegisterComplexComponentManager
 0001:0000D390       VA508AccessibilityManager.RegisterComponent
 0001:0000BD4C       VA508AccessibilityManager.RegisterManagedComponentClass
 0001:0000BE10       VA508AccessibilityManager.RegisterMSAAProc
 0001:0000BE64       VA508AccessibilityManager.RegisterMSAAQueryClassProc
 0001:0000BE6C       VA508AccessibilityManager.RegisterMSAAQueryListClassProc
 0001:0000C474       VA508AccessibilityManager.SendChangeData
 0001:0000D51C       VA508AccessibilityManager.SkipCheck
 0001:0000F614       VA508AccessibilityManager.TComplexDataItem.Create
 0001:0000F66C       VA508AccessibilityManager.TComplexDataItem.Destroy
 0001:0000E22C       VA508AccessibilityManager.TComponentHelper.ClearRedirect
 0001:0000E23C       VA508AccessibilityManager.TComponentHelper.Create
 0001:0000E270       VA508AccessibilityManager.TComponentHelper.Destroy
 0001:0000E2CC       VA508AccessibilityManager.TComponentHelper.GetCaption
 0001:0000E36C       VA508AccessibilityManager.TComponentHelper.GetComponentName
 0001:0000E400       VA508AccessibilityManager.TComponentHelper.GetData
 0001:0000E4A4       VA508AccessibilityManager.TComponentHelper.GetInstructions
 0001:0000E538       VA508AccessibilityManager.TComponentHelper.GetItem
 0001:0000E5A0       VA508AccessibilityManager.TComponentHelper.GetItemInstructions
 0001:0000E634       VA508AccessibilityManager.TComponentHelper.GetState
 0001:0000E6E4       VA508AccessibilityManager.TComponentHelper.GetValue
 0001:0000E1A8       VA508AccessibilityManager.TComponentHelper.InitializeComponentManager
 0001:0000E86C       VA508AccessibilityManager.TComponentHelper.ManageCaption
 0001:0000E760       VA508AccessibilityManager.TComponentHelper.ManageComponentName
 0001:0000E7AC       VA508AccessibilityManager.TComponentHelper.ManageData
 0001:0000E7DC       VA508AccessibilityManager.TComponentHelper.ManageItemInstructions
 0001:0000E828       VA508AccessibilityManager.TComponentHelper.ManageValue
 0001:0000E8B8       VA508AccessibilityManager.TComponentHelper.MonitorForItemChange
 0001:0000E8FC       VA508AccessibilityManager.TComponentHelper.MonitorForStateChange
 0001:0000E958       VA508AccessibilityManager.TComponentHelper.Redirect
 0001:0000E970       VA508AccessibilityManager.TComponentHelper.StandardComponent
 0001:0000A448       VA508AccessibilityManager.TVA508AccessibilityCollection.Add
 0001:0000A454       VA508AccessibilityManager.TVA508AccessibilityCollection.ComponentNotifyEvent
 0001:0000A4A0       VA508AccessibilityManager.TVA508AccessibilityCollection.Create
 0001:0000A51C       VA508AccessibilityManager.TVA508AccessibilityCollection.Destroy
 0001:0000A55C       VA508AccessibilityManager.TVA508AccessibilityCollection.EnsureItemExists
 0001:0000A564       VA508AccessibilityManager.TVA508AccessibilityCollection.FindItem
 0001:0000A608       VA508AccessibilityManager.TVA508AccessibilityCollection.GetItem
 0001:0000A61C       VA508AccessibilityManager.TVA508AccessibilityCollection.GetOwner
 0001:0000A620       VA508AccessibilityManager.TVA508AccessibilityCollection.IsComponentRegistered
 0001:0000A710       VA508AccessibilityManager.TVA508AccessibilityCollection.RegisterComponent
 0001:0000A708       VA508AccessibilityManager.TVA508AccessibilityCollection.SetItem
 0001:0000A684       VA508AccessibilityManager.TVA508AccessibilityCollection.UnregisterComponent
 0001:0000A06C       VA508AccessibilityManager.TVA508AccessibilityItem.Assign
 0001:0000A0C8       VA508AccessibilityManager.TVA508AccessibilityItem.Create
 0001:0000A100       VA508AccessibilityManager.TVA508AccessibilityItem.Destroy
 0001:0000A144       VA508AccessibilityManager.TVA508AccessibilityItem.GetDisplayName
 0001:0000A21C       VA508AccessibilityManager.TVA508AccessibilityItem.InitComponent
 0001:0000A240       VA508AccessibilityManager.TVA508AccessibilityItem.Manager
 0001:0000A248       VA508AccessibilityManager.TVA508AccessibilityItem.Parent
 0001:0000A24C       VA508AccessibilityManager.TVA508AccessibilityItem.SetComponent
 0001:0000A2BC       VA508AccessibilityManager.TVA508AccessibilityItem.SetDefault
 0001:0000A348       VA508AccessibilityManager.TVA508AccessibilityItem.SetLabel
 0001:0000A370       VA508AccessibilityManager.TVA508AccessibilityItem.SetProperty
 0001:0000A3CC       VA508AccessibilityManager.TVA508AccessibilityItem.SetText
 0001:0000A404       VA508AccessibilityManager.TVA508AccessibilityItem.UpdateStatus
 0001:0000A7A0       VA508AccessibilityManager.TVA508AccessibilityManager.Create
 0001:0000B394       VA508AccessibilityManager.TVA508AccessibilityManager.DefineProperties
 0001:0000A808       VA508AccessibilityManager.TVA508AccessibilityManager.Destroy
 0001:0000A974       VA508AccessibilityManager.TVA508AccessibilityManager.FindComponentOnForm
 0001:0000AA50       VA508AccessibilityManager.TVA508AccessibilityManager.GetAccessLabel
 0001:0000AA68       VA508AccessibilityManager.TVA508AccessibilityManager.GetAccessProperty
 0001:0000AA8C       VA508AccessibilityManager.TVA508AccessibilityManager.GetAccessText
 0001:0000AAB0       VA508AccessibilityManager.TVA508AccessibilityManager.GetComponentManager
 0001:0000AB8C       VA508AccessibilityManager.TVA508AccessibilityManager.GetComponentName
 0001:0000AC04       VA508AccessibilityManager.TVA508AccessibilityManager.GetData
 0001:0000AC08       VA508AccessibilityManager.TVA508AccessibilityManager.GetDefaultStringProperty
 0001:0000ADF4       VA508AccessibilityManager.TVA508AccessibilityManager.GetLabelStrings
 0001:0000AE1C       VA508AccessibilityManager.TVA508AccessibilityManager.GetProperties
 0001:0000AE3C       VA508AccessibilityManager.TVA508AccessibilityManager.GetPropertList
 0001:0000B004       VA508AccessibilityManager.TVA508AccessibilityManager.GetRootComponent
 0001:0000B0E0       VA508AccessibilityManager.TVA508AccessibilityManager.GetUseDefault
 0001:0000BAEC       VA508AccessibilityManager.TVA508AccessibilityManager.Initialize
 0001:0000B0FC       VA508AccessibilityManager.TVA508AccessibilityManager.IsPropertyNameValid
 0001:0000B168       VA508AccessibilityManager.TVA508AccessibilityManager.Loaded
 0001:0000B320       VA508AccessibilityManager.TVA508AccessibilityManager.Notification
 0001:0000B378       VA508AccessibilityManager.TVA508AccessibilityManager.OwnerCheck
 0001:0000B3D0       VA508AccessibilityManager.TVA508AccessibilityManager.ReadData
 0001:0000B630       VA508AccessibilityManager.TVA508AccessibilityManager.RefreshComponents
 0001:0000B864       VA508AccessibilityManager.TVA508AccessibilityManager.ScreenReaderInquiry
 0001:0000B9BC       VA508AccessibilityManager.TVA508AccessibilityManager.SetAccessLabel
 0001:0000B9DC       VA508AccessibilityManager.TVA508AccessibilityManager.SetAccessProperty
 0001:0000B9FC       VA508AccessibilityManager.TVA508AccessibilityManager.SetAccessText
 0001:0000BA1C       VA508AccessibilityManager.TVA508AccessibilityManager.SetComponentManager
 0001:0000BA38       VA508AccessibilityManager.TVA508AccessibilityManager.SetUseDefault
 0001:0000B638       VA508AccessibilityManager.TVA508AccessibilityManager.WriteData
 0001:0000F0D0       VA508AccessibilityManager.TVA508ChainedLabel.Notification
 0001:0000F4F4       VA508AccessibilityManager.TVA508ChainedLabel.Paint
 0001:0000F560       VA508AccessibilityManager.TVA508ChainedLabel.SetNextLabel
 0001:0000F6A0       VA508AccessibilityManager.TVA508ComplexComponentManager.AddSubControl
 0001:0000F79C       VA508AccessibilityManager.TVA508ComplexComponentManager.ClearSubControls
 0001:0000F9C0       VA508AccessibilityManager.TVA508ComplexComponentManager.ComponentNotifyEvent
 0001:0000F814       VA508AccessibilityManager.TVA508ComplexComponentManager.Create
 0001:0000F890       VA508AccessibilityManager.TVA508ComplexComponentManager.Destroy
 0001:0000F8D8       VA508AccessibilityManager.TVA508ComplexComponentManager.GetSubComponentList
 0001:0000F928       VA508AccessibilityManager.TVA508ComplexComponentManager.GetSubControl
 0001:0000F950       VA508AccessibilityManager.TVA508ComplexComponentManager.IndexOfComponentItem
 0001:0000F988       VA508AccessibilityManager.TVA508ComplexComponentManager.IndexOfSubComponentXRef
 0001:0000F734       VA508AccessibilityManager.TVA508ComplexComponentManager.RemoveSubControl
 0001:0000FA0C       VA508AccessibilityManager.TVA508ComplexComponentManager.SubComponentNotifyEvent
 0001:0000FA64       VA508AccessibilityManager.TVA508ComplexComponentManager.SubControlCount
 0001:0000DE38       VA508AccessibilityManager.TVA508ComponentAccessibility.Create
 0001:0000DE88       VA508AccessibilityManager.TVA508ComponentAccessibility.SetComponent
 0001:0000DC60       VA508AccessibilityManager.TVA508ComponentManager.Create
 0001:0000DC94       VA508AccessibilityManager.TVA508ComponentManager.GetCaption
 0001:0000DCA0       VA508AccessibilityManager.TVA508ComponentManager.GetComponentName
 0001:0000DCAC       VA508AccessibilityManager.TVA508ComponentManager.GetData
 0001:0000DCE0       VA508AccessibilityManager.TVA508ComponentManager.GetInstructions
 0001:0000DCEC       VA508AccessibilityManager.TVA508ComponentManager.GetItem
 0001:0000DCF0       VA508AccessibilityManager.TVA508ComponentManager.GetItemInstructions
 0001:0000DCFC       VA508AccessibilityManager.TVA508ComponentManager.GetState
 0001:0000DD08       VA508AccessibilityManager.TVA508ComponentManager.GetValue
 0001:0000DD14       VA508AccessibilityManager.TVA508ComponentManager.ManageCaption
 0001:0000DD1C       VA508AccessibilityManager.TVA508ComponentManager.ManageComponentName
 0001:0000DD24       VA508AccessibilityManager.TVA508ComponentManager.ManageData
 0001:0000DD2C       VA508AccessibilityManager.TVA508ComponentManager.ManageInstructions
 0001:0000DD34       VA508AccessibilityManager.TVA508ComponentManager.ManageItemInstructions
 0001:0000DD3C       VA508AccessibilityManager.TVA508ComponentManager.ManageState
 0001:0000DD44       VA508AccessibilityManager.TVA508ComponentManager.ManageValue
 0001:0000DD4C       VA508AccessibilityManager.TVA508ComponentManager.MonitorForItemChange
 0001:0000DD54       VA508AccessibilityManager.TVA508ComponentManager.MonitorForStateChange
 0001:0000DD5C       VA508AccessibilityManager.TVA508ComponentManager.Redirect
 0001:0000DD64       VA508AccessibilityManager.TVA508ComponentManager.RedirectsComponent
 0001:0000DD6C       VA508AccessibilityManager.TVA508ManagedComponentClass.Create
 0001:0000DDB8       VA508AccessibilityManager.TVA508SilentComponent.GetComponentName
 0001:0000DDD8       VA508AccessibilityManager.TVA508SilentComponent.GetInstructions
 0001:0000DDF8       VA508AccessibilityManager.TVA508SilentComponent.GetState
 0001:0000DE18       VA508AccessibilityManager.TVA508SilentComponent.GetValue
 0001:0000E984       VA508AccessibilityManager.TVA508StaticText.CMFontChanged
 0001:0000E998       VA508AccessibilityManager.TVA508StaticText.CMTextChanged
 0001:0000E9AC       VA508AccessibilityManager.TVA508StaticText.Create
 0001:0000EA38       VA508AccessibilityManager.TVA508StaticText.DeleteChain
 0001:0000EAD4       VA508AccessibilityManager.TVA508StaticText.Destroy
 0001:0000EB10       VA508AccessibilityManager.TVA508StaticText.DoEnter
 0001:0000EB3C       VA508AccessibilityManager.TVA508StaticText.DoExit
 0001:0000EB68       VA508AccessibilityManager.TVA508StaticText.GetAlignment
 0001:0000EB78       VA508AccessibilityManager.TVA508StaticText.GetLabelCaption
 0001:0000EB90       VA508AccessibilityManager.TVA508StaticText.GetRootName
 0001:0000EBA4       VA508AccessibilityManager.TVA508StaticText.GetShowAccelChar
 0001:0000EBB4       VA508AccessibilityManager.TVA508StaticText.InvalidateAll
 0001:0000EBE4       VA508AccessibilityManager.TVA508StaticText.Notification
 0001:0000EE70       VA508AccessibilityManager.TVA508StaticText.Paint
 0001:0000EE9C       VA508AccessibilityManager.TVA508StaticText.SetAlignment
 0001:0000EEA8       VA508AccessibilityManager.TVA508StaticText.SetLabelCaption
 0001:0000EF98       VA508AccessibilityManager.TVA508StaticText.SetNextLabel
 0001:0000EFDC       VA508AccessibilityManager.TVA508StaticText.SetParent
 0001:0000EF14       VA508AccessibilityManager.TVA508StaticText.SetRootName
 0001:0000F034       VA508AccessibilityManager.TVA508StaticText.SetShowAccelChar
 0001:0000F040       VA508AccessibilityManager.TVA508StaticText.UpdateSize
 0001:0000C4D8       VA508AccessibilityManager.TVAGlobalComponentRegistry.CheckForChangeEvent
 0001:0000CA1C       VA508AccessibilityManager.TVAGlobalComponentRegistry.ComponentDataNeededEvent
 0001:0000CCCC       VA508AccessibilityManager.TVAGlobalComponentRegistry.Create
 0001:0000CDD0       VA508AccessibilityManager.TVAGlobalComponentRegistry.Destroy
 0004:00000054       VA508AccessibilityManager.TVAGlobalComponentRegistry.FActive
 0004:00000058       VA508AccessibilityManager.TVAGlobalComponentRegistry.FGetMsgHookHandle
 0001:0000CE44       VA508AccessibilityManager.TVAGlobalComponentRegistry.GetCompKey
 0001:0000CE58       VA508AccessibilityManager.TVAGlobalComponentRegistry.GetComponentHandle
 0001:0000CF2C       VA508AccessibilityManager.TVAGlobalComponentRegistry.GetComponentHelper
 0001:0000CFD8       VA508AccessibilityManager.TVAGlobalComponentRegistry.HasHandle
 0001:0000D4B8       VA508AccessibilityManager.TVAGlobalComponentRegistry.RegisterComponent
 0001:0000D0CC       VA508AccessibilityManager.TVAGlobalComponentRegistry.RegisterFieldObject
 0001:0000D190       VA508AccessibilityManager.TVAGlobalComponentRegistry.RegisterMSAA
 0001:0000D540       VA508AccessibilityManager.TVAGlobalComponentRegistry.TimerEvent
 0001:0000D660       VA508AccessibilityManager.TVAGlobalComponentRegistry.UnregisterComponent
 0001:0000D790       VA508AccessibilityManager.TVAGlobalComponentRegistry.UnregisterMSAA
 0001:0000DBD4       VA508AccessibilityManager.TVAGlobalComponentRegistry.UpdateHandles
 0001:0000BA58       VA508AccessibilityManager.Update
 0001:0000DA0C       VA508AccessibilityManager.UpdateAllHandles
 0001:0000DA80       VA508AccessibilityManager.UpdateChildrenHandles
 0001:0000B274       VA508AccessibilityManager.UpdateComponent
 0001:0000C63C       VA508AccessibilityManager.UpdateComponentData
 0001:0000D7D4       VA508AccessibilityManager.UpdateHandle
 0002:000001C4       VA508AccessibilityManager.VA508AccessibilityManager
 0004:0000005C       VA508AccessibilityPE..8
 0001:000104B4       VA508AccessibilityPE..TVA508AccessibilityComponentPropertyEditor
 0001:0001028C       VA508AccessibilityPE..TVA508AccessibilityLabelPropertyEditor
 0001:0000FE3C       VA508AccessibilityPE..TVA508AccessibilityManager4PE
 0001:0000FF1C       VA508AccessibilityPE..TVA508AccessibilityPropertyMapper
 0001:000103A4       VA508AccessibilityPE..TVA508AccessibilityPropertyPropertyEditor
 0001:00010188       VA508AccessibilityPE..TVA508CollectionPropertyEditor
 0001:00010080       VA508AccessibilityPE..TVA508NestedPropertyEditor
 0001:00010684       VA508AccessibilityPE.AllComponentsHaveSameManager
 0001:000118A4       VA508AccessibilityPE.Finalization
 0001:000105D4       VA508AccessibilityPE.GetAccessibilityManager
 0001:000106D8       VA508AccessibilityPE.GetStringPropertyNames
 0001:000107B4       VA508AccessibilityPE.QVal
 0001:00011774       VA508AccessibilityPE.Register
 0001:00010828       VA508AccessibilityPE.StripQVal
 0001:00011768       VA508AccessibilityPE.TVA508AccessibilityComponentPropertyEditor.GetAttributes
 0001:00011254       VA508AccessibilityPE.TVA508AccessibilityLabelPropertyEditor.GetAttributes
 0001:00011260       VA508AccessibilityPE.TVA508AccessibilityLabelPropertyEditor.GetManager
 0001:00011280       VA508AccessibilityPE.TVA508AccessibilityLabelPropertyEditor.GetProperties
 0001:00011288       VA508AccessibilityPE.TVA508AccessibilityLabelPropertyEditor.GetValue
 0001:0001131C       VA508AccessibilityPE.TVA508AccessibilityLabelPropertyEditor.GetValues
 0001:000113D8       VA508AccessibilityPE.TVA508AccessibilityLabelPropertyEditor.SetValue
 0001:000108A8       VA508AccessibilityPE.TVA508AccessibilityPropertyMapper.GetAttributes
 0001:000108D4       VA508AccessibilityPE.TVA508AccessibilityPropertyMapper.GetProperties
 0001:00011428       VA508AccessibilityPE.TVA508AccessibilityPropertyPropertyEditor.AllEqual
 0001:000114D0       VA508AccessibilityPE.TVA508AccessibilityPropertyPropertyEditor.GetAttributes
 0001:000114DC       VA508AccessibilityPE.TVA508AccessibilityPropertyPropertyEditor.GetEditLimit
 0001:000114E4       VA508AccessibilityPE.TVA508AccessibilityPropertyPropertyEditor.GetManager
 0001:00011504       VA508AccessibilityPE.TVA508AccessibilityPropertyPropertyEditor.GetRootComponent
 0001:0001151C       VA508AccessibilityPE.TVA508AccessibilityPropertyPropertyEditor.GetValue
 0001:000115B0       VA508AccessibilityPE.TVA508AccessibilityPropertyPropertyEditor.GetValues
 0001:00011718       VA508AccessibilityPE.TVA508AccessibilityPropertyPropertyEditor.SetValue
 0001:00011248       VA508AccessibilityPE.TVA508CollectionPropertyEditor.GetColOptions
 0001:000109D4       VA508AccessibilityPE.TVA508NestedPropertyEditor.AllEqual
 0001:00010BA8       VA508AccessibilityPE.TVA508NestedPropertyEditor.Create
 0001:00010C3C       VA508AccessibilityPE.TVA508NestedPropertyEditor.Edit
 0001:00010C9C       VA508AccessibilityPE.TVA508NestedPropertyEditor.GetAttributes
 0001:00010CDC       VA508AccessibilityPE.TVA508NestedPropertyEditor.GetEditLimit
 0001:00010CFC       VA508AccessibilityPE.TVA508NestedPropertyEditor.GetName
 0001:00010D10       VA508AccessibilityPE.TVA508NestedPropertyEditor.GetValue
 0001:00010E9C       VA508AccessibilityPE.TVA508NestedPropertyEditor.GetValues
 0001:000110C0       VA508AccessibilityPE.TVA508NestedPropertyEditor.SetValue
 0002:000002A8       VA508AccessibilityPE.VA508AccessibilityPE
 0004:0000003C       VA508AccessibilityRouter..2
 0001:00002D6C       VA508AccessibilityRouter..TMasterScreenReader
 0001:00002CF0       VA508AccessibilityRouter..TNullScreenReader
 0001:00002C34       VA508AccessibilityRouter..TVA508ScreenReader
 0003:00000238       VA508AccessibilityRouter.ActiveScreenReader
 0001:00003DC8       VA508AccessibilityRouter.AddDescription
 0003:00000250       VA508AccessibilityRouter.CheckScreenReaderSystemActive
 0001:000035E4       VA508AccessibilityRouter.Coded
 0001:00004110       VA508AccessibilityRouter.ComponentDataRequested
 0001:00003168       VA508AccessibilityRouter.CreateTimer
 0001:00003428       VA508AccessibilityRouter.Decode
 0001:00003A40       VA508AccessibilityRouter.EnsureDialogAreSpecified
 0001:000039EC       VA508AccessibilityRouter.EnumResNameProc
 0001:00004338       VA508AccessibilityRouter.Finalization
 0001:00002E24       VA508AccessibilityRouter.GetScreenReader
 0003:0000023C       VA508AccessibilityRouter.MasterScreenReader
 0003:00000248       VA508AccessibilityRouter.Need2RegisterData
 0003:0000024C       VA508AccessibilityRouter.OK2RegisterData
 0001:00002E6C       VA508AccessibilityRouter.PostScreenReaderCheckEvent
 0003:00000244       VA508AccessibilityRouter.SaveInitProc
 0001:000031CC       VA508AccessibilityRouter.ScreenReaderSystemActive
 0001:000032AC       VA508AccessibilityRouter.SpecifyFormIsNotADialog
 0001:000033B0       VA508AccessibilityRouter.TMasterScreenReader.AddComponentDataNeededEventHandler
 0001:000033C4       VA508AccessibilityRouter.TMasterScreenReader.Create
 0001:000034C8       VA508AccessibilityRouter.TMasterScreenReader.DecodeBehavior
 0001:000035A0       VA508AccessibilityRouter.TMasterScreenReader.Destroy
 0001:000036BC       VA508AccessibilityRouter.TMasterScreenReader.EncodeBehavior
 0001:0000375C       VA508AccessibilityRouter.TMasterScreenReader.HandleSRException
 0001:000037D0       VA508AccessibilityRouter.TMasterScreenReader.ProcessCustomKeyCommand
 0001:000037FC       VA508AccessibilityRouter.TMasterScreenReader.RegisterClassAsMSAA
 0001:00003860       VA508AccessibilityRouter.TMasterScreenReader.RegisterCustomBehavior
 0001:00003974       VA508AccessibilityRouter.TMasterScreenReader.RegisterCustomClassBehavior
 0001:00003C78       VA508AccessibilityRouter.TMasterScreenReader.RegisterCustomData
 0001:00003EF8       VA508AccessibilityRouter.TMasterScreenReader.RegisterCustomKeyMapping
 0001:00003FD8       VA508AccessibilityRouter.TMasterScreenReader.RegisterDictionaryChange
 0001:00004040       VA508AccessibilityRouter.TMasterScreenReader.RegistrationAllowed
 0001:00004058       VA508AccessibilityRouter.TMasterScreenReader.RemoveComponentDataNeededEventHandler
 0001:0000406C       VA508AccessibilityRouter.TMasterScreenReader.Speak
 0001:00004240       VA508AccessibilityRouter.TNullScreenReader.AddComponentDataNeededEventHandler
 0001:00004248       VA508AccessibilityRouter.TNullScreenReader.RegisterClassAsMSAA
 0001:00004270       VA508AccessibilityRouter.TNullScreenReader.RegisterCustomClassBehavior
 0001:00004298       VA508AccessibilityRouter.TNullScreenReader.RegisterCustomKeyMapping
 0001:000042E0       VA508AccessibilityRouter.TNullScreenReader.RegisterDictionaryChange
 0001:00004308       VA508AccessibilityRouter.TNullScreenReader.RemoveComponentDataNeededEventHandler
 0001:00004310       VA508AccessibilityRouter.TNullScreenReader.Speak
 0003:00000240       VA508AccessibilityRouter.uNonDialogClassNames
 0003:00000258       VA508AccessibilityRouter.uPostScreenReaderActivationTimer
 0003:00000254       VA508AccessibilityRouter.uScreenReaderSystemActive
 0002:00000138       VA508AccessibilityRouter.VA508AccessibilityRouter
 0001:00002DE8       VA508AccessibilityRouter.VA508RouterInitProc
 0004:0000004C       VA508Classes..5
 0001:000073DC       VA508Classes..EVA508AccessibilityException
 0001:00007334       VA508Classes..TFormData
 0001:00007544       VA508Classes..TParentChildFormTracker
 0001:000076CC       VA508Classes..TVA508Parser
 0001:000077F4       VA508Classes.EnsureManager
 0001:00008CBC       VA508Classes.Finalization
 0001:0000777C       VA508Classes.HasAnotherAccessibilityManager
 0001:00008980       VA508Classes.IgnoreToken
 0001:000089B0       VA508Classes.InvalidSection
 0001:00007ED8       VA508Classes.TFormData.HasManager
 0001:00007EE4       VA508Classes.TFormData.HasParent
 0001:00007EEC       VA508Classes.TFormData.SetFormClassName
 0001:00007F48       VA508Classes.TParentChildFormTracker.AddForm
 0001:00008010       VA508Classes.TParentChildFormTracker.AddLink
 0001:00008088       VA508Classes.TParentChildFormTracker.Clear
 0001:00008094       VA508Classes.TParentChildFormTracker.Create
 0001:000080D0       VA508Classes.TParentChildFormTracker.Destroy
 0001:00008100       VA508Classes.TParentChildFormTracker.FindForm
 0001:0000819C       VA508Classes.TParentChildFormTracker.FormCount
 0001:000081A4       VA508Classes.TParentChildFormTracker.GetFormData
 0001:000081B8       VA508Classes.TParentChildFormTracker.ParentChildErrorDescription
 0001:000086B4       VA508Classes.TParentChildFormTracker.ParentChildErrorStatus
 0001:000087B4       VA508Classes.TVA508Parser.GetParentClassName
 0001:00008974       VA508Classes.TVA508Parser.LastLineRead
 0001:00008978       VA508Classes.TVA508Parser.LastPosition
 0001:00008A5C       VA508Classes.TVA508Parser.ParseToken
 0002:000001BC       VA508Classes.VA508Classes
 0001:00007910       VA508Classes.VA508ComponentCreationCheck
 0001:00007C34       VA508Classes.VA508ComponentDestructionCheck
 0004:00000044       VA508DelphiCompatibility..2
 0001:00004D7C       VA508DelphiCompatibility..TCheckBox508Manager
 0001:00004E2C       VA508DelphiCompatibility..TCheckListBox508Manager
 0001:00005040       VA508DelphiCompatibility..TCustomGrid508Manager
 0001:00004F90       VA508DelphiCompatibility..TVA508ComboManager
 0001:00004EE0       VA508DelphiCompatibility..TVA508EditManager
 0001:00004C84       VA508DelphiCompatibility..TVA508StaticTextManager
 0001:000050F4       VA508DelphiCompatibility.Append
 0001:00005190       VA508DelphiCompatibility.AppendHeader
 0001:0000551C       VA508DelphiCompatibility.CustomComboAlternateHandle
 0001:00005DEC       VA508DelphiCompatibility.Finalization
 0001:00005524       VA508DelphiCompatibility.GetCheckBoxComponentName
 0001:0000557C       VA508DelphiCompatibility.GetCheckBoxInstructionMessage
 0001:000055F0       VA508DelphiCompatibility.GetCheckBoxStateText
 0001:00005208       VA508DelphiCompatibility.ListViewIndexQueryProc
 0001:000053B8       VA508DelphiCompatibility.RegisterStandardDelphiComponents
 0001:00005674       VA508DelphiCompatibility.TCheckBox508Manager.Create
 0001:000056C0       VA508DelphiCompatibility.TCheckBox508Manager.GetComponentName
 0001:000056D8       VA508DelphiCompatibility.TCheckBox508Manager.GetInstructions
 0001:000056F4       VA508DelphiCompatibility.TCheckBox508Manager.GetState
 0001:0000570C       VA508DelphiCompatibility.TCheckListBox508Manager.Create
 0001:00005758       VA508DelphiCompatibility.TCheckListBox508Manager.GetComponentName
 0001:000057F0       VA508DelphiCompatibility.TCheckListBox508Manager.GetIndex
 0001:00005824       VA508DelphiCompatibility.TCheckListBox508Manager.GetItem
 0001:000057C0       VA508DelphiCompatibility.TCheckListBox508Manager.GetItemInstructions
 0001:00005850       VA508DelphiCompatibility.TCheckListBox508Manager.GetState
 0001:00005880       VA508DelphiCompatibility.TCustomGrid508Manager.Create
 0001:000058CC       VA508DelphiCompatibility.TCustomGrid508Manager.GetComponentName
 0001:000058F0       VA508DelphiCompatibility.TCustomGrid508Manager.GetInstructions
 0001:0000597C       VA508DelphiCompatibility.TCustomGrid508Manager.GetItem
 0001:000059B0       VA508DelphiCompatibility.TCustomGrid508Manager.GetValue
 0001:00005D8C       VA508DelphiCompatibility.TVA508ComboManager.Create
 0001:00005DD8       VA508DelphiCompatibility.TVA508ComboManager.GetValue
 0001:00005D2C       VA508DelphiCompatibility.TVA508EditManager.Create
 0001:00005D78       VA508DelphiCompatibility.TVA508EditManager.GetValue
 0001:00005C18       VA508DelphiCompatibility.TVA508StaticTextManager.Create
 0001:00005C64       VA508DelphiCompatibility.TVA508StaticTextManager.GetCaption
 0001:00005C84       VA508DelphiCompatibility.TVA508StaticTextManager.GetComponentName
 0001:00005CA8       VA508DelphiCompatibility.TVA508StaticTextManager.GetValue
 0002:000001A4       VA508DelphiCompatibility.VA508DelphiCompatibility
 0004:00000048       VA508ImageListLabeler..6
 0001:00006060       VA508ImageListLabeler..TVA508ImageListComponent
 0001:0000614C       VA508ImageListLabeler..TVA508ImageListComponents
 0001:00005E3C       VA508ImageListLabeler..TVA508ImageListLabel
 0001:00006228       VA508ImageListLabeler..TVA508ImageListLabeler
 0001:00005F7C       VA508ImageListLabeler..TVA508ImageListLabels
 0001:00007304       VA508ImageListLabeler.Finalization
 0001:0000638C       VA508ImageListLabeler.Register
 0001:00006F84       VA508ImageListLabeler.TVA508ImageListComponent.Assign
 0001:00006FB4       VA508ImageListLabeler.TVA508ImageListComponent.ComponentNotifyEvent
 0001:00006FCC       VA508ImageListLabeler.TVA508ImageListComponent.Destroy
 0001:00007008       VA508ImageListLabeler.TVA508ImageListComponent.GetDisplayName
 0001:000070CC       VA508ImageListLabeler.TVA508ImageListComponent.ImageListTypes
 0001:00007198       VA508ImageListLabeler.TVA508ImageListComponent.Labeler
 0001:000071B4       VA508ImageListLabeler.TVA508ImageListComponent.SetComponent
 0001:00006ED0       VA508ImageListLabeler.TVA508ImageListComponents.Add
 0001:00006EDC       VA508ImageListLabeler.TVA508ImageListComponents.Create
 0001:00006F20       VA508ImageListLabeler.TVA508ImageListComponents.Destroy
 0001:00006F4C       VA508ImageListLabeler.TVA508ImageListComponents.GetItem
 0001:00006F60       VA508ImageListLabeler.TVA508ImageListComponents.GetOwner
 0001:00006F64       VA508ImageListLabeler.TVA508ImageListComponents.Notify
 0001:00006F7C       VA508ImageListLabeler.TVA508ImageListComponents.SetItem
 0001:00006D2C       VA508ImageListLabeler.TVA508ImageListLabel.Assign
 0001:00006D68       VA508ImageListLabeler.TVA508ImageListLabel.Changed
 0001:00006D7C       VA508ImageListLabeler.TVA508ImageListLabel.Create
 0001:00006DC0       VA508ImageListLabeler.TVA508ImageListLabel.Destroy
 0001:00006DE8       VA508ImageListLabeler.TVA508ImageListLabel.Labeler
 0001:00006E04       VA508ImageListLabeler.TVA508ImageListLabel.Refresh
 0001:00006E10       VA508ImageListLabeler.TVA508ImageListLabel.SetCaption
 0001:00006E44       VA508ImageListLabeler.TVA508ImageListLabel.SetImageIndex
 0001:00006EBC       VA508ImageListLabeler.TVA508ImageListLabel.SetOverlayIndex
 0001:000063B8       VA508ImageListLabeler.TVA508ImageListLabeler.ComponentImageListChanged
 0001:000063C0       VA508ImageListLabeler.TVA508ImageListLabeler.Create
 0001:00006464       VA508ImageListLabeler.TVA508ImageListLabeler.Destroy
 0001:000064CC       VA508ImageListLabeler.TVA508ImageListLabeler.ImageIndexQuery
 0001:00006584       VA508ImageListLabeler.TVA508ImageListLabeler.ImageListChange
 0001:00006624       VA508ImageListLabeler.TVA508ImageListLabeler.ItemChanged
 0001:00006644       VA508ImageListLabeler.TVA508ImageListLabeler.Loaded
 0001:000067BC       VA508ImageListLabeler.TVA508ImageListLabeler.Notification
 0001:0000666C       VA508ImageListLabeler.TVA508ImageListLabeler.SaveChanges
 0001:000067E8       VA508ImageListLabeler.TVA508ImageListLabeler.SetImageList
 0001:00006988       VA508ImageListLabeler.TVA508ImageListLabeler.SetRemoteLabeler
 0001:000069B0       VA508ImageListLabeler.TVA508ImageListLabels.Add
 0001:000069BC       VA508ImageListLabeler.TVA508ImageListLabels.Create
 0001:00006AAC       VA508ImageListLabeler.TVA508ImageListLabels.Destroy
 0001:00006AF0       VA508ImageListLabeler.TVA508ImageListLabels.GetAttr
 0001:00006B0C       VA508ImageListLabeler.TVA508ImageListLabels.GetAttrCount
 0001:00006B18       VA508ImageListLabeler.TVA508ImageListLabels.GetImageData
 0001:00006B8C       VA508ImageListLabeler.TVA508ImageListLabels.GetItem
 0001:00006BA0       VA508ImageListLabeler.TVA508ImageListLabels.GetItemAttr
 0001:00006C64       VA508ImageListLabeler.TVA508ImageListLabels.GetOverlayData
 0001:00006CDC       VA508ImageListLabeler.TVA508ImageListLabels.GetOwner
 0001:00006CE0       VA508ImageListLabeler.TVA508ImageListLabels.Notify
 0001:00006CF4       VA508ImageListLabeler.TVA508ImageListLabels.ResetData
 0001:00006D10       VA508ImageListLabeler.TVA508ImageListLabels.SetItem
 0001:00006D18       VA508ImageListLabeler.TVA508ImageListLabels.Update
 0002:000001B4       VA508ImageListLabeler.VA508ImageListLabeler
 0004:0000008C       VA508ImageListLabelerPE..7
 0001:000154F4       VA508ImageListLabelerPE..TfrmImageListEditor
 0001:00015814       VA508ImageListLabelerPE..TVA508ImageListComponentEditor
 0001:000158E4       VA508ImageListLabelerPE..TVA508ImageListComponentProperty
 0001:00015710       VA508ImageListLabelerPE..TVA508ImageListItemsProperty
 0001:000159F4       VA508ImageListLabelerPE..TVA508LabelerImageListProperty
 0001:00015AFC       VA508ImageListLabelerPE..TVA508LabelerRemoteLabelerProperty
 0001:00016680       VA508ImageListLabelerPE.Finalization
 0001:00015C0C       VA508ImageListLabelerPE.Register
 0001:00015CDC       VA508ImageListLabelerPE.TfrmImageListEditor.Create
 0001:00015D88       VA508ImageListLabelerPE.TfrmImageListEditor.Destroy
 0001:00015EF0       VA508ImageListLabelerPE.TfrmImageListEditor.GetImageList
 0001:00015F20       VA508ImageListLabelerPE.TfrmImageListEditor.GetSize
 0001:00015DD8       VA508ImageListLabelerPE.TfrmImageListEditor.ImageDataChanged
 0001:00015DE0       VA508ImageListLabelerPE.TfrmImageListEditor.ItemChange
 0001:00015E2C       VA508ImageListLabelerPE.TfrmImageListEditor.IterateItems
 0001:00015F50       VA508ImageListLabelerPE.TfrmImageListEditor.RedrawImages
 0001:000161C0       VA508ImageListLabelerPE.TfrmImageListEditor.UpdateImages
 0001:000162C0       VA508ImageListLabelerPE.TVA508ImageListComponentEditor.Edit
 0001:0001633C       VA508ImageListLabelerPE.TVA508ImageListComponentEditor.ExecuteVerb
 0001:0001634C       VA508ImageListLabelerPE.TVA508ImageListComponentEditor.GetVerb
 0001:0001639C       VA508ImageListLabelerPE.TVA508ImageListComponentEditor.GetVerbCount
 0001:000163A4       VA508ImageListLabelerPE.TVA508ImageListComponentProperty.FilterValues
 0001:0001648C       VA508ImageListLabelerPE.TVA508ImageListComponentProperty.GetValue
 0001:00016538       VA508ImageListLabelerPE.TVA508ImageListComponentProperty.GetValues
 0001:0001656C       VA508ImageListLabelerPE.TVA508ImageListComponentProperty.SetValue
 0001:00015D40       VA508ImageListLabelerPE.TVA508ImageListItemsProperty.GetAttributes
 0001:00015D80       VA508ImageListLabelerPE.TVA508ImageListItemsProperty.GetEditorClass
 0001:000165E8       VA508ImageListLabelerPE.TVA508LabelerImageListProperty.GetAttributes
 0001:0001661C       VA508ImageListLabelerPE.TVA508LabelerRemoteLabelerProperty.FilterValues
 0001:0001664C       VA508ImageListLabelerPE.TVA508LabelerRemoteLabelerProperty.GetValues
 0002:00000310       VA508ImageListLabelerPE.VA508ImageListLabelerPE
 0004:00000024       VA508MSAASupport..1
 0001:000013C8       VA508MSAASupport..TImageEventData
 0001:00001424       VA508MSAASupport..TListProcData
 0001:000015E4       VA508MSAASupport..TMSAAServer
 0001:00001480       VA508MSAASupport..TProcData
 0003:00000230       VA508MSAASupport.AccPropServices
 0003:00000234       VA508MSAASupport.AccServicesCount
 0001:00002090       VA508MSAASupport.Append
 0001:000017A8       VA508MSAASupport.Cleanup
 0001:00001784       VA508MSAASupport.DecAccServices
 0001:00002638       VA508MSAASupport.DoListComponent
 0001:0000231C       VA508MSAASupport.DoListView
 0001:000026A4       VA508MSAASupport.DoNormalComponent
 0001:000021DC       VA508MSAASupport.DoTreeView
 0003:0000022C       VA508MSAASupport.Events
 0001:00002AE4       VA508MSAASupport.Finalization
 0001:000017C8       VA508MSAASupport.FindServer
 0001:00002148       VA508MSAASupport.GetImageLabelText
 0001:0000270C       VA508MSAASupport.HasProperty
 0001:000016E8       VA508MSAASupport.IncAccServices
 0004:00000028       VA508MSAASupport.NamePropIDs
 0001:00002734       VA508MSAASupport.NoProperty
 0001:0000163C       VA508MSAASupport.NotifyEvent
 0001:00001884       VA508MSAASupport.RegisterComponentImageListQueryEvent
 0001:00001BE4       VA508MSAASupport.RegisterMSAAComponentListQueryProc
 0001:00001A40       VA508MSAASupport.RegisterMSAAComponentQueryProc
 0001:00001D88       VA508MSAASupport.TMSAAServer.AddImageEvent
 0001:00001DF0       VA508MSAASupport.TMSAAServer.AddListProc
 0001:00001E28       VA508MSAASupport.TMSAAServer.AddProc
 0001:00001E60       VA508MSAASupport.TMSAAServer.AssignServerType
 0001:00001E80       VA508MSAASupport.TMSAAServer.Attach
 0001:00001ED8       VA508MSAASupport.TMSAAServer.Create
 0001:00001F38       VA508MSAASupport.TMSAAServer.Destroy
 0001:00001F74       VA508MSAASupport.TMSAAServer.Detatch
 0001:00001FD8       VA508MSAASupport.TMSAAServer.EventCount
 0001:0000208C       VA508MSAASupport.TMSAAServer.GetComponent
 0001:00002750       VA508MSAASupport.TMSAAServer.GetPropValue
 0001:00002910       VA508MSAASupport.TMSAAServer.Hook
 0001:00001FE0       VA508MSAASupport.TMSAAServer.ImageEventIndex
 0001:0000203C       VA508MSAASupport.TMSAAServer.ListProcIndex
 0001:00002A50       VA508MSAASupport.TMSAAServer.MSAAWindowProc
 0001:00002A78       VA508MSAASupport.TMSAAServer.ProcIndex
 0001:00002930       VA508MSAASupport.TMSAAServer.RemoveImageEvent
 0001:00002960       VA508MSAASupport.TMSAAServer.RemoveListProc
 0001:00002984       VA508MSAASupport.TMSAAServer.RemoveProc
 0001:00002A1C       VA508MSAASupport.TMSAAServer.UnassignServerType
 0001:00002A40       VA508MSAASupport.TMSAAServer.UnHook
 0001:000029A8       VA508MSAASupport.TMSAAServer.ValidateServerType
 0004:00000038       VA508MSAASupport.uNotifier
 0001:00001974       VA508MSAASupport.UnregisterComponentImageListQueryEvent
 0001:00001CCC       VA508MSAASupport.UnregisterMSAAComponentListQueryProc
 0001:00001B28       VA508MSAASupport.UnregisterMSAAComponentQueryProc
 0003:00000228       VA508MSAASupport.uShutDown
 0003:00000220       VA508MSAASupport.VA508ImageListLabelerClasses
 0002:00000124       VA508MSAASupport.VA508MSAASupport
 0004:00000040       VA508ScreenReaderDLLLinker..1
 0001:000047E8       VA508ScreenReaderDLLLinker.CheckFile
 0001:00004638       VA508ScreenReaderDLLLinker.CheckProcs
 0001:000045EC       VA508ScreenReaderDLLLinker.CheckRunning
 0001:000043DC       VA508ScreenReaderDLLLinker.ClearProcPointers
 0001:00004458       VA508ScreenReaderDLLLinker.CloseScreenReaderLink
 0001:000043BC       VA508ScreenReaderDLLLinker.ComponentData
 0001:000043D8       VA508ScreenReaderDLLLinker.ConfigChangePending
 0003:00000288       VA508ScreenReaderDLLLinker.DLLHandle
 0003:00000278       VA508ScreenReaderDLLLinker.DoInitialize
 0003:00000274       VA508ScreenReaderDLLLinker.ExecuteFind
 0001:00004BEC       VA508ScreenReaderDLLLinker.Finalization
 0001:00004A84       VA508ScreenReaderDLLLinker.FindScreenReaders
 0001:000043A4       VA508ScreenReaderDLLLinker.Initialize
 0003:0000027C       VA508ScreenReaderDLLLinker.InitializeResult
 0001:0000441C       VA508ScreenReaderDLLLinker.InitializeScreenReaderLink
 0001:000043CC       VA508ScreenReaderDLLLinker.IsRunning
 0001:00004B60       VA508ScreenReaderDLLLinker.IsScreenReaderSupported
 0001:00004480       VA508ScreenReaderDLLLinker.LoadScreenReader
 0001:000043B4       VA508ScreenReaderDLLLinker.RegisterCustomBehavior
 0001:000048D0       VA508ScreenReaderDLLLinker.ScanScreenReaders
 0001:00004B48       VA508ScreenReaderDLLLinker.ScreenReaderDLLsExist
 0001:000043B0       VA508ScreenReaderDLLLinker.ShutDown
 0001:000043C4       VA508ScreenReaderDLLLinker.SpeakText
 0003:00000268       VA508ScreenReaderDLLLinker.SRComponentData
 0003:0000026C       VA508ScreenReaderDLLLinker.SRConfigChangePending
 0003:00000280       VA508ScreenReaderDLLLinker.SRInitialize
 0003:00000260       VA508ScreenReaderDLLLinker.SRIsRunning
 0003:00000264       VA508ScreenReaderDLLLinker.SRRegisterCustomBehavior
 0003:00000284       VA508ScreenReaderDLLLinker.SRShutDown
 0003:0000025C       VA508ScreenReaderDLLLinker.SRSpeakText
 0002:0000015C       VA508ScreenReaderDLLLinker.VA508ScreenReaderDLLLinker
 0003:00000270       VA508ScreenReaderDLLLinker.ValidSRFiles
 0004:00000010       Windows..3
 0001:00000470       Windows.CallNextHookEx
 0001:00000440       Windows.CompareString
 0001:00000448       Windows.EnumResourceNames
 0001:000004B8       Windows.Finalization
 0001:00000450       Windows.FreeLibrary
 0001:00000478       Windows.GetAncestor
 0001:00000458       Windows.GetCurrentThreadId
 0001:00000460       Windows.GetProcAddress
 0004:00000014       Windows.HtmlHelpModule
 0001:00000480       Windows.IsWindow
 0001:00000488       Windows.IsWindowVisible
 0001:00000468       Windows.LoadLibrary
 0001:00000490       Windows.MessageBox
 0001:00000498       Windows.PeekMessage
 0001:000004A0       Windows.PostMessage
 0001:000004A8       Windows.SetWindowsHookEx
 0001:000004B0       Windows.UnhookWindowsHookEx
 0002:00000010       Windows.Windows


  Address             Publics by Value

 0001:00000250       SysInit.FreeLibrary
 0001:00000258       SysInit.LocalAlloc
 0001:00000260       SysInit.LocalFree
 0001:00000268       SysInit.TlsAlloc
 0001:00000270       SysInit.TlsFree
 0001:00000278       SysInit.TlsGetValue
 0001:00000280       SysInit.TlsSetValue
 0001:00000288       SysInit.AllocTlsBuffer
 0001:00000294       SysInit.GetTlsSize
 0001:0000029C       SysInit.InitThreadTLS
 0001:000002E0       SysInit.InitProcessTLS
 0001:0000030C       SysInit.ExitThreadTLS
 0001:00000344       SysInit.ExitProcessTLS
 0001:00000368       SysInit.InitializeModule
 0001:00000374       SysInit.UninitializeModule
 0001:00000398       SysInit.@InitPkg
 0001:000003FC       SysInit.@PackageLoad
 0001:00000408       SysInit.@PackageUnload
 0001:00000440       Windows.CompareString
 0001:00000448       Windows.EnumResourceNames
 0001:00000450       Windows.FreeLibrary
 0001:00000458       Windows.GetCurrentThreadId
 0001:00000460       Windows.GetProcAddress
 0001:00000468       Windows.LoadLibrary
 0001:00000470       Windows.CallNextHookEx
 0001:00000478       Windows.GetAncestor
 0001:00000480       Windows.IsWindow
 0001:00000488       Windows.IsWindowVisible
 0001:00000490       Windows.MessageBox
 0001:00000498       Windows.PeekMessage
 0001:000004A0       Windows.PostMessage
 0001:000004A8       Windows.SetWindowsHookEx
 0001:000004B0       Windows.UnhookWindowsHookEx
 0001:000004B8       Windows.Finalization
 0001:00000E08       VA508AccessibilityConst.Finalization
 0001:00000F78       MSAAConstants.Finalization
 0001:000010FC       oleacc2..CoCAccPropServices
 0001:00001188       oleacc2.CoCAccPropServices.Create
 0001:000011EC       oleacc2.CoCAccPropServices.CreateRemote
 0001:0000126C       oleacc2.Finalization
 0001:000013C8       VA508MSAASupport..TImageEventData
 0001:00001424       VA508MSAASupport..TListProcData
 0001:00001480       VA508MSAASupport..TProcData
 0001:000015E4       VA508MSAASupport..TMSAAServer
 0001:0000163C       VA508MSAASupport.NotifyEvent
 0001:000016E8       VA508MSAASupport.IncAccServices
 0001:00001784       VA508MSAASupport.DecAccServices
 0001:000017A8       VA508MSAASupport.Cleanup
 0001:000017C8       VA508MSAASupport.FindServer
 0001:00001884       VA508MSAASupport.RegisterComponentImageListQueryEvent
 0001:00001974       VA508MSAASupport.UnregisterComponentImageListQueryEvent
 0001:00001A40       VA508MSAASupport.RegisterMSAAComponentQueryProc
 0001:00001B28       VA508MSAASupport.UnregisterMSAAComponentQueryProc
 0001:00001BE4       VA508MSAASupport.RegisterMSAAComponentListQueryProc
 0001:00001CCC       VA508MSAASupport.UnregisterMSAAComponentListQueryProc
 0001:00001D88       VA508MSAASupport.TMSAAServer.AddImageEvent
 0001:00001DF0       VA508MSAASupport.TMSAAServer.AddListProc
 0001:00001E28       VA508MSAASupport.TMSAAServer.AddProc
 0001:00001E60       VA508MSAASupport.TMSAAServer.AssignServerType
 0001:00001E80       VA508MSAASupport.TMSAAServer.Attach
 0001:00001ED8       VA508MSAASupport.TMSAAServer.Create
 0001:00001F38       VA508MSAASupport.TMSAAServer.Destroy
 0001:00001F74       VA508MSAASupport.TMSAAServer.Detatch
 0001:00001FD8       VA508MSAASupport.TMSAAServer.EventCount
 0001:00001FE0       VA508MSAASupport.TMSAAServer.ImageEventIndex
 0001:0000203C       VA508MSAASupport.TMSAAServer.ListProcIndex
 0001:0000208C       VA508MSAASupport.TMSAAServer.GetComponent
 0001:00002090       VA508MSAASupport.Append
 0001:00002148       VA508MSAASupport.GetImageLabelText
 0001:000021DC       VA508MSAASupport.DoTreeView
 0001:0000231C       VA508MSAASupport.DoListView
 0001:00002638       VA508MSAASupport.DoListComponent
 0001:000026A4       VA508MSAASupport.DoNormalComponent
 0001:0000270C       VA508MSAASupport.HasProperty
 0001:00002734       VA508MSAASupport.NoProperty
 0001:00002750       VA508MSAASupport.TMSAAServer.GetPropValue
 0001:00002910       VA508MSAASupport.TMSAAServer.Hook
 0001:00002930       VA508MSAASupport.TMSAAServer.RemoveImageEvent
 0001:00002960       VA508MSAASupport.TMSAAServer.RemoveListProc
 0001:00002984       VA508MSAASupport.TMSAAServer.RemoveProc
 0001:000029A8       VA508MSAASupport.TMSAAServer.ValidateServerType
 0001:00002A1C       VA508MSAASupport.TMSAAServer.UnassignServerType
 0001:00002A40       VA508MSAASupport.TMSAAServer.UnHook
 0001:00002A50       VA508MSAASupport.TMSAAServer.MSAAWindowProc
 0001:00002A78       VA508MSAASupport.TMSAAServer.ProcIndex
 0001:00002AE4       VA508MSAASupport.Finalization
 0001:00002C34       VA508AccessibilityRouter..TVA508ScreenReader
 0001:00002CF0       VA508AccessibilityRouter..TNullScreenReader
 0001:00002D6C       VA508AccessibilityRouter..TMasterScreenReader
 0001:00002DE8       VA508AccessibilityRouter.VA508RouterInitProc
 0001:00002E24       VA508AccessibilityRouter.GetScreenReader
 0001:00002E6C       VA508AccessibilityRouter.PostScreenReaderCheckEvent
 0001:00003168       VA508AccessibilityRouter.CreateTimer
 0001:000031CC       VA508AccessibilityRouter.ScreenReaderSystemActive
 0001:000032AC       VA508AccessibilityRouter.SpecifyFormIsNotADialog
 0001:000033B0       VA508AccessibilityRouter.TMasterScreenReader.AddComponentDataNeededEventHandler
 0001:000033C4       VA508AccessibilityRouter.TMasterScreenReader.Create
 0001:00003428       VA508AccessibilityRouter.Decode
 0001:000034C8       VA508AccessibilityRouter.TMasterScreenReader.DecodeBehavior
 0001:000035A0       VA508AccessibilityRouter.TMasterScreenReader.Destroy
 0001:000035E4       VA508AccessibilityRouter.Coded
 0001:000036BC       VA508AccessibilityRouter.TMasterScreenReader.EncodeBehavior
 0001:0000375C       VA508AccessibilityRouter.TMasterScreenReader.HandleSRException
 0001:000037D0       VA508AccessibilityRouter.TMasterScreenReader.ProcessCustomKeyCommand
 0001:000037FC       VA508AccessibilityRouter.TMasterScreenReader.RegisterClassAsMSAA
 0001:00003860       VA508AccessibilityRouter.TMasterScreenReader.RegisterCustomBehavior
 0001:00003974       VA508AccessibilityRouter.TMasterScreenReader.RegisterCustomClassBehavior
 0001:000039EC       VA508AccessibilityRouter.EnumResNameProc
 0001:00003A40       VA508AccessibilityRouter.EnsureDialogAreSpecified
 0001:00003C78       VA508AccessibilityRouter.TMasterScreenReader.RegisterCustomData
 0001:00003DC8       VA508AccessibilityRouter.AddDescription
 0001:00003EF8       VA508AccessibilityRouter.TMasterScreenReader.RegisterCustomKeyMapping
 0001:00003FD8       VA508AccessibilityRouter.TMasterScreenReader.RegisterDictionaryChange
 0001:00004040       VA508AccessibilityRouter.TMasterScreenReader.RegistrationAllowed
 0001:00004058       VA508AccessibilityRouter.TMasterScreenReader.RemoveComponentDataNeededEventHandler
 0001:0000406C       VA508AccessibilityRouter.TMasterScreenReader.Speak
 0001:00004110       VA508AccessibilityRouter.ComponentDataRequested
 0001:00004240       VA508AccessibilityRouter.TNullScreenReader.AddComponentDataNeededEventHandler
 0001:00004248       VA508AccessibilityRouter.TNullScreenReader.RegisterClassAsMSAA
 0001:00004270       VA508AccessibilityRouter.TNullScreenReader.RegisterCustomClassBehavior
 0001:00004298       VA508AccessibilityRouter.TNullScreenReader.RegisterCustomKeyMapping
 0001:000042E0       VA508AccessibilityRouter.TNullScreenReader.RegisterDictionaryChange
 0001:00004308       VA508AccessibilityRouter.TNullScreenReader.RemoveComponentDataNeededEventHandler
 0001:00004310       VA508AccessibilityRouter.TNullScreenReader.Speak
 0001:00004338       VA508AccessibilityRouter.Finalization
 0001:000043A4       VA508ScreenReaderDLLLinker.Initialize
 0001:000043B0       VA508ScreenReaderDLLLinker.ShutDown
 0001:000043B4       VA508ScreenReaderDLLLinker.RegisterCustomBehavior
 0001:000043BC       VA508ScreenReaderDLLLinker.ComponentData
 0001:000043C4       VA508ScreenReaderDLLLinker.SpeakText
 0001:000043CC       VA508ScreenReaderDLLLinker.IsRunning
 0001:000043D8       VA508ScreenReaderDLLLinker.ConfigChangePending
 0001:000043DC       VA508ScreenReaderDLLLinker.ClearProcPointers
 0001:0000441C       VA508ScreenReaderDLLLinker.InitializeScreenReaderLink
 0001:00004458       VA508ScreenReaderDLLLinker.CloseScreenReaderLink
 0001:00004480       VA508ScreenReaderDLLLinker.LoadScreenReader
 0001:000045EC       VA508ScreenReaderDLLLinker.CheckRunning
 0001:00004638       VA508ScreenReaderDLLLinker.CheckProcs
 0001:000047E8       VA508ScreenReaderDLLLinker.CheckFile
 0001:000048D0       VA508ScreenReaderDLLLinker.ScanScreenReaders
 0001:00004A84       VA508ScreenReaderDLLLinker.FindScreenReaders
 0001:00004B48       VA508ScreenReaderDLLLinker.ScreenReaderDLLsExist
 0001:00004B60       VA508ScreenReaderDLLLinker.IsScreenReaderSupported
 0001:00004BEC       VA508ScreenReaderDLLLinker.Finalization
 0001:00004C84       VA508DelphiCompatibility..TVA508StaticTextManager
 0001:00004D7C       VA508DelphiCompatibility..TCheckBox508Manager
 0001:00004E2C       VA508DelphiCompatibility..TCheckListBox508Manager
 0001:00004EE0       VA508DelphiCompatibility..TVA508EditManager
 0001:00004F90       VA508DelphiCompatibility..TVA508ComboManager
 0001:00005040       VA508DelphiCompatibility..TCustomGrid508Manager
 0001:000050F4       VA508DelphiCompatibility.Append
 0001:00005190       VA508DelphiCompatibility.AppendHeader
 0001:00005208       VA508DelphiCompatibility.ListViewIndexQueryProc
 0001:000053B8       VA508DelphiCompatibility.RegisterStandardDelphiComponents
 0001:0000551C       VA508DelphiCompatibility.CustomComboAlternateHandle
 0001:00005524       VA508DelphiCompatibility.GetCheckBoxComponentName
 0001:0000557C       VA508DelphiCompatibility.GetCheckBoxInstructionMessage
 0001:000055F0       VA508DelphiCompatibility.GetCheckBoxStateText
 0001:00005674       VA508DelphiCompatibility.TCheckBox508Manager.Create
 0001:000056C0       VA508DelphiCompatibility.TCheckBox508Manager.GetComponentName
 0001:000056D8       VA508DelphiCompatibility.TCheckBox508Manager.GetInstructions
 0001:000056F4       VA508DelphiCompatibility.TCheckBox508Manager.GetState
 0001:0000570C       VA508DelphiCompatibility.TCheckListBox508Manager.Create
 0001:00005758       VA508DelphiCompatibility.TCheckListBox508Manager.GetComponentName
 0001:000057C0       VA508DelphiCompatibility.TCheckListBox508Manager.GetItemInstructions
 0001:000057F0       VA508DelphiCompatibility.TCheckListBox508Manager.GetIndex
 0001:00005824       VA508DelphiCompatibility.TCheckListBox508Manager.GetItem
 0001:00005850       VA508DelphiCompatibility.TCheckListBox508Manager.GetState
 0001:00005880       VA508DelphiCompatibility.TCustomGrid508Manager.Create
 0001:000058CC       VA508DelphiCompatibility.TCustomGrid508Manager.GetComponentName
 0001:000058F0       VA508DelphiCompatibility.TCustomGrid508Manager.GetInstructions
[...]
   451 0001:00011212   440 0001:00011213   452 0001:0001121A   453 0001:00011221
   617 0001:00011248   618 0001:0001124F   625 0001:00011254   626 0001:0001125B
   629 0001:00011260   630 0001:00011263   631 0001:00011269   632 0001:0001127A
   633 0001:0001127D   637 0001:00011280   639 0001:00011283   644 0001:00011288
   645 0001:000112A6   646 0001:000112B2   647 0001:000112B6   648 0001:000112EB
   654 0001:0001131C   655 0001:0001133A   656 0001:00011349   657 0001:00011357
   658 0001:00011366   659 0001:00011378   658 0001:0001138F   661 0001:0001139F
   663 0001:000113AF   666 0001:000113D8   667 0001:000113F1   668 0001:00011405
   676 0001:00011428   677 0001:00011444   679 0001:0001144A   680 0001:0001144E
   681 0001:00011468   682 0001:00011475   681 0001:00011499   684 0001:0001149C
   685 0001:000114A0   689 0001:000114D0   690 0001:000114D7   694 0001:000114DC
   695 0001:000114E1   698 0001:000114E4   699 0001:000114E7   700 0001:000114ED
   701 0001:000114FE   702 0001:00011501   706 0001:00011504   707 0001:0001150A
   708 0001:00011516   711 0001:0001151C   712 0001:0001153B   713 0001:00011544
   714 0001:00011549   715 0001:0001157F   724 0001:000115B0   725 0001:000115D3
   726 0001:000115E2   727 0001:000115F0   728 0001:0001160C   730 0001:00011614
   731 0001:00011622   730 0001:0001163E   733 0001:00011641   734 0001:0001164C
   736 0001:00011663   737 0001:00011671   738 0001:00011677   739 0001:000116AF
   740 0001:000116B8   734 0001:000116BB   742 0001:000116CB   744 0001:000116DB
   748 0001:00011718   749 0001:00011731   750 0001:00011745   756 0001:00011768
   757 0001:0001176F   760 0001:00011774   761 0001:00011777   763 0001:000117A2
   765 0001:000117BD   767 0001:000117D8   769 0001:000117F3   771 0001:0001180E
   773 0001:00011829

Line numbers for VA508AccessibilityPE(VA508AccessibilityPE.pas) segment .itext

   775 0002:000002A8

Line numbers for VA508AccessibilityCompileInfo(VA508AccessibilityCompileInfo.pas) segment .text

    77 0001:00011C44    78 0001:00011C5E    79 0001:00011C63    80 0001:00011C73
    81 0001:00011C9F    82 0001:00011CAE    83 0001:00011CB5    84 0001:00011CC1
    87 0001:00011CE4    88 0001:00011D01    89 0001:00011D0F    90 0001:00011D1C
    92 0001:00011D2E    93 0001:00011D37    95 0001:00011D3E    99 0001:00011D4A
   103 0001:00011D6C   104 0001:00011D75   105 0001:00011D7F   109 0001:00011D80
   111 0001:00011DAE   113 0001:00011DB7   114 0001:00011DE6   117 0001:00011DEB
   119 0001:00011DF8   120 0001:00011E0B   121 0001:00011E28   122 0001:00011E45
   123 0001:00011E63   124 0001:00011E81   125 0001:00011E9F   127 0001:00011EC8
   128 0001:00011ED4   131 0001:00011EE0   134 0001:00011F14   135 0001:00011F17
   136 0001:00011F24   137 0001:00011F2E   138 0001:00011F3A   139 0001:00011F41
   142 0001:00011F44   143 0001:00011F47   144 0001:00011F66   145 0001:00011F86
   150 0001:00011F88   151 0001:00011FAA   152 0001:00011FB4

Line numbers for VA508AccessibilityCompileInfo(VA508AccessibilityCompileInfo.pas) segment .itext

   147 0002:000002B0   149 0002:000002C8

Line numbers for VA508AccessibilityCompiler(VA508AccessibilityCompiler.pas) segment .text

    96 0001:00012188    98 0001:0001219B    99 0001:000121B0   100 0001:000121BB
   102 0001:000121CD   103 0001:000121EF   104 0001:000121F9   107 0001:00012203
   112 0001:00012234   113 0001:00012247   115 0001:00012259   116 0001:0001226E
   118 0001:00012274   119 0001:00012282   120 0001:0001228C   122 0001:00012293
   124 0001:0001229D   127 0001:000122D0   128 0001:000122D3   129 0001:000122DB
   130 0001:000122DF   131 0001:000122E4   137 0001:000122E8   138 0001:000122FF
   139 0001:00012309   144 0001:0001231C   145 0001:0001231F   146 0001:00012322
   148 0001:0001232B   149 0001:00012337   152 0001:00012348   153 0001:00012372
   154 0001:00012376   155 0001:000123B3   158 0001:000123E4   159 0001:0001240C
   160 0001:00012413   162 0001:0001241F   164 0001:0001242C   166 0001:00012444
   167 0001:00012455   171 0001:000124B2   172 0001:000124C3   175 0001:000124D7
   177 0001:000124DF   178 0001:000124E8   182 0001:000124F1   183 0001:000124FD
   186 0001:000126F0   187 0001:000126FF   189 0001:0001270C   191 0001:00012713
   196 0001:0001271C   201 0001:00012720   205 0001:00012724   206 0001:00012728
   207 0001:0001272D   211 0001:00012730   212 0001:00012733   213 0001:00012739
   214 0001:0001273E   218 0001:00012744   219 0001:00012755   222 0001:00012758
   223 0001:0001276B   224 0001:0001277C   225 0001:00012785   226 0001:0001278C
   229 0001:000127A8   230 0001:000127B3   231 0001:000127BB   232 0001:000127C7
   236 0001:000127D8   237 0001:000127DC   240 0001:000127E0   241 0001:000127E4
   242 0001:000127EE   243 0001:000127F5   245 0001:000127FE   246 0001:0001280D
   247 0001:00012812   248 0001:00012817   249 0001:0001281C   250 0001:00012821
   251 0001:00012825   252 0001:00012829   253 0001:0001282D   254 0001:00012832
   267 0001:00012838   268 0001:0001286F   270 0001:0001288F   271 0001:00012891
   272 0001:000128A0   273 0001:000128AD   275 0001:000128B1   276 0001:000128C5
   277 0001:000128D6   282 0001:000128FF   283 0001:00012901   285 0001:0001294C
   286 0001:0001296A   287 0001:00012979   289 0001:00012990   290 0001:0001299C
   291 0001:000129A8   293 0001:000129C3   294 0001:000129D1   297 0001:00012A1F
   298 0001:00012A3C   291 0001:00012A3F   300 0001:00012A42   301 0001:00012A48
   302 0001:00012A50   305 0001:00012ABC   306 0001:00012AE3   307 0001:00012AE9
   308 0001:00012B13   311 0001:00012B3C   312 0001:00012B6F   313 0001:00012B76
   314 0001:00012B9D   315 0001:00012BA0   316 0001:00012BA4   317 0001:00012BAE
   320 0001:00012BF0   321 0001:00012C23   322 0001:00012C2A   323 0001:00012C51
   324 0001:00012C54   325 0001:00012C58   326 0001:00012C62   329 0001:00012CA4
   330 0001:00012CC5   331 0001:00012CCC   332 0001:00012CD6   339 0001:00012CF8
   340 0001:00012D03   342 0001:00012D0A   343 0001:00012D14   346 0001:00012D20
   347 0001:00012D2A   348 0001:00012D2E   352 0001:00012D38   355 0001:00012D40
   356 0001:00012D73   357 0001:00012D7A   358 0001:00012DA6   359 0001:00012DB0
   449 0001:00012E00   450 0001:00012E09   451 0001:00012E0B   452 0001:00012E1D
   455 0001:00012E20   456 0001:00012E32   457 0001:00012E41   453 0001:00012E44
   459 0001:00012E53   464 0001:00012E58   465 0001:00012E5D   466 0001:00012E65
   467 0001:00012E6B   468 0001:00012E83   469 0001:00012E98   470 0001:00012E9F
   473 0001:00012EA4   474 0001:00012EC2   476 0001:00012ECB   477 0001:00012EDF
   478 0001:00012EE5   480 0001:00012EF6   483 0001:00012F18   484 0001:00012F3F
   485 0001:00012F6C   490 0001:00012FA4   491 0001:00012FC9   492 0001:00012FD4
   493 0001:00012FDB   494 0001:00012FFB   496 0001:00012FFF   497 0001:0001301F
   499 0001:0001302A   501 0001:0001302E   502 0001:0001303D   503 0001:00013041
   505 0001:0001306E   509 0001:000130C8   510 0001:000130E9   511 0001:00013106
   512 0001:00013125   513 0001:0001312E   514 0001:0001313C   519 0001:00013168
   520 0001:00013191   521 0001:00013198   522 0001:000131A7   524 0001:000131AC
   525 0001:000131AD   527 0001:000131B1   526 0001:000131B2   528 0001:000131C0
   530 0001:000131DD   535 0001:00013214   536 0001:00013232   537 0001:00013242
   539 0001:00013246   540 0001:00013258   542 0001:00013265   547 0001:00013288
   548 0001:000132A7   549 0001:000132A9   550 0001:000132B9   551 0001:000132BD
   552 0001:000132CC   561 0001:000132F0   562 0001:00013316   563 0001:00013329
   564 0001:00013330   565 0001:00013333   566 0001:00013335   567 0001:00013339
   568 0001:0001333D   569 0001:00013345   570 0001:00013349   573 0001:00013350
   574 0001:0001336B   576 0001:00013373   577 0001:00013380   579 0001:0001338A
   581 0001:00013394   583 0001:000133B3   584 0001:000133B7   586 0001:000133CE
   588 0001:000133ED   589 0001:000133F1   592 0001:00013408   593 0001:00013427
   595 0001:00013448   596 0001:00013458   598 0001:0001345C   600 0001:00013475
   602 0001:0001347B   603 0001:0001348A   605 0001:0001349E   610 0001:000134AE
   612 0001:000134C1   613 0001:000134C5   614 0001:000134CD   620 0001:000134D6
   622 0001:000134E5   623 0001:000134E9   626 0001:000134F2   635 0001:00013505
   636 0001:00013514   640 0001:00013518   642 0001:00013529   644 0001:0001353C
   645 0001:00013549   646 0001:00013572   647 0001:0001357F   648 0001:00013584
   649 0001:0001358C   652 0001:0001358E   571 0001:0001358F   654 0001:000135A2
   662 0001:0001363C   663 0001:0001365E   665 0001:0001367D   666 0001:0001368E
   667 0001:0001369F   669 0001:000136B1   670 0001:000136EC   667 0001:000136ED
   671 0001:000136F0   663 0001:000136F3   672 0001:000136F8   680 0001:00013754
   681 0001:0001379F   682 0001:000137AD   684 0001:000137C8   685 0001:0001380E
   686 0001:00013822   688 0001:0001382B   689 0001:00013834   690 0001:00013845
   691 0001:0001384D   692 0001:00013854   693 0001:0001386E   694 0001:00013882
   698 0001:0001388E   699 0001:000138A5   700 0001:000138BD   701 0001:000138EA
   702 0001:000138F3   705 0001:000138FE   706 0001:00013907   707 0001:0001391C
   708 0001:00013926   707 0001:00013937   709 0001:0001393A   712 0001:00013946
   715 0001:00013961   717 0001:00013974   722 0001:000139C8   723 0001:000139F7
   724 0001:000139FB   725 0001:00013A09   727 0001:00013A19   728 0001:00013A26
   729 0001:00013A2D   731 0001:00013A36   732 0001:00013A54   733 0001:00013A5D
   734 0001:00013A6B   735 0001:00013A6F   736 0001:00013A85   735 0001:00013AA9
   740 0001:00013AAE   741 0001:00013AB8   742 0001:00013AC5   744 0001:00013ACB
   745 0001:00013ADB   746 0001:00013AF7   751 0001:00013B14   752 0001:00013B19
   755 0001:00013B50   756 0001:00013B68   757 0001:00013B6A   759 0001:00013B73
   761 0001:00013B82   762 0001:00013B9E   764 0001:00013BCB   768 0001:00013BEE
   775 0001:00013C28   776 0001:00013C44   777 0001:00013C4F   778 0001:00013C57
   779 0001:00013C5B   780 0001:00013C5F   781 0001:00013C63   782 0001:00013C6A
   783 0001:00013C7D   785 0001:00013C87   786 0001:00013C97   788 0001:00013CC4
   789 0001:00013CCA   790 0001:00013CD4   792 0001:00013CDA   793 0001:00013CEA
   797 0001:00013D20   798 0001:00013D36   803 0001:00013DCC   804 0001:00013DE6
   806 0001:00013E05   807 0001:00013E11   808 0001:00013E30   809 0001:00013E3E
   810 0001:00013E4C   812 0001:00013E63   814 0001:00013E76   804 0001:00013E79
   815 0001:00013E7E   818 0001:00013EA0   819 0001:00013EB5   821 0001:00013ECD
   822 0001:00013EE9   824 0001:00013EF2   827 0001:00013F0E   830 0001:00013F38
   831 0001:00013F3E   832 0001:00013F49   833 0001:00013F57   835 0001:00013F6C
   836 0001:00013F7A   838 0001:00013F96   841 0001:00013FA8   843 0001:00013FBB
   852 0001:00013FC0   853 0001:00013FFC   854 0001:0001400C   855 0001:0001401E
   856 0001:0001402E   857 0001:00014053   859 0001:0001405C   860 0001:00014069
   863 0001:0001406E   864 0001:00014078   865 0001:00014086   867 0001:00014098
   868 0001:000140A3   869 0001:000140B2   870 0001:000140B9   871 0001:000140BF
   874 0001:00014105   878 0001:00014156   880 0001:00014168   882 0001:0001417E
   883 0001:0001418C   884 0001:0001419A   885 0001:000141A9   886 0001:000141B7
   887 0001:000141C2   889 0001:00014202   890 0001:00014235   891 0001:00014242
   892 0001:0001424D   893 0001:00014254   896 0001:00014295   899 0001:000142C0
   900 0001:000142C2   903 0001:000142E1   907 0001:000144B0   908 0001:000144CE
   909 0001:000144DB   925 0001:00014500   926 0001:00014521   928 0001:00014540
   929 0001:00014550   930 0001:00014561   931 0001:00014571   933 0001:0001457A
   934 0001:00014582   935 0001:00014590   934 0001:000145BF   936 0001:000145C2
   939 0001:000145D5   940 0001:000145D7   941 0001:000145F7   943 0001:00014601
   944 0001:0001460F   946 0001:0001461C   947 0001:00014629   948 0001:00014635
   949 0001:00014644   950 0001:00014652   951 0001:0001465A   952 0001:00014664
   953 0001:00014678   954 0001:00014683   955 0001:00014695   954 0001:000146B0
   957 0001:000146C0   961 0001:000146DD   964 0001:000146ED   965 0001:00014701
   966 0001:00014712   967 0001:00014726   926 0001:00014729   968 0001:00014732
   970 0001:00014751   971 0001:00014761   972 0001:00014771   974 0001:0001477D
   975 0001:0001478E   976 0001:0001479F   977 0001:000147AF   978 0001:000147BD
   979 0001:000147C5   981 0001:000147D6   982 0001:000147DE   983 0001:000147E2
   984 0001:000147ED   985 0001:000147F1   988 0001:00014803   990 0001:00014830
   992 0001:00014862   996 0001:00014874   997 0001:0001487F   998 0001:00014885
  1000 0001:00014896   968 0001:00014899  1001 0001:000148A2  1006 0001:000149FC
  1007 0001:00014A18  1009 0001:00014A3A  1011 0001:00014A64  1012 0001:00014A9A
  1014 0001:00014AA7  1015 0001:00014AB5  1016 0001:00014AD1  1018 0001:00014ADA
  1019 0001:00014AE8  1020 0001:00014AF6  1022 0001:00014B12  1024 0001:00014B24
  1028 0001:00014B44  1032 0001:00014B57  1007 0001:00014B5A  1033 0001:00014B63
  1040 0001:00014BA0  1041 0001:00014BC7  1042 0001:00014BD5  1043 0001:00014BFD
  1044 0001:00014C02  1045 0001:00014C17  1046 0001:00014C2B  1047 0001:00014C40
  1048 0001:00014C7F  1049 0001:00014C91  1050 0001:00014CA3  1052 0001:00014CB2
  1053 0001:00014CBF  1054 0001:00014CD1  1055 0001:00014CE7  1058 0001:00014CF7
  1059 0001:00014D03  1061 0001:00014D0E  1062 0001:00014D2E  1063 0001:00014D4E
  1065 0001:00014D56  1066 0001:00014D61  1067 0001:00014D6C  1069 0001:00014D71
  1070 0001:00014D91  1071 0001:00014DB4  1072 0001:00014DC1  1073 0001:00014DCE
  1074 0001:00014DDB  1059 0001:00014DE8  1076 0001:00014DF1  1079 0001:00014DFE
  1080 0001:00014E05  1088 0001:00014E84  1089 0001:00014EA1  1091 0001:00014EAE
  1092 0001:00014ECE  1093 0001:00014EDE  1094 0001:00014EEC  1095 0001:00014EFE
  1096 0001:00014F00  1097 0001:00014F02  1098 0001:00014F14  1100 0001:00014F21
  1101 0001:00014F31  1102 0001:00014F51  1103 0001:00014F52  1104 0001:00014F53
  1105 0001:00014F63  1106 0001:00014F83  1107 0001:00014F84  1108 0001:00014F85
  1109 0001:00014FA0  1110 0001:00014FA1  1111 0001:00014FBC  1098 0001:00014FBD
  1113 0001:00014FC6  1115 0001:00014FD7  1116 0001:00014FE2  1117 0001:00014FED
  1123 0001:0001502C  1124 0001:00015052  1125 0001:00015059  1126 0001:00015061
  1127 0001:00015069  1128 0001:0001508A  1130 0001:000150BF  1131 0001:000150CA
  1132 0001:000150D5  1133 0001:000150E0  1135 0001:000150E5  1136 0001:00015113
  1138 0001:00015140  1139 0001:00015152  1140 0001:00015164  1141 0001:00015176
  1143 0001:0001518A  1144 0001:0001519E  1145 0001:000151B2  1146 0001:000151C8
  1148 0001:000151D2  1149 0001:000151D8  1133 0001:000151D9  1150 0001:000151E2
  1155 0001:0001522C  1156 0001:00015233  1158 0001:00015245  1159 0001:00015253
  1160 0001:00015282  1161 0001:0001528E  1162 0001:0001529A  1163 0001:000152A7
  1165 0001:000152B4  1166 0001:000152BF  1167 0001:000152CA  1168 0001:000152D5
  1170 0001:000152E2  1173 0001:000152F6  1174 0001:000152FB  1156 0001:000152FE
  1175 0001:00015308  1180 0001:00015310  1181 0001:0001531C  1182 0001:0001532D
  1181 0001:0001533C  1183 0001:0001533F  1184 0001:00015346  1185 0001:00015351
  1186 0001:00015358  1187 0001:0001535E  1189 0001:00015364  1190 0001:0001539B
  1191 0001:000153A9  1194 0001:000153B2  1195 0001:000153B9  1196 0001:000153C0
  1197 0001:000153CC  1192 0001:000153D3  1199 0001:000153DF  1200 0001:000153EB
  1203 0001:000153FF  1205 0001:0001540E  1209 0001:0001545C  1211 0001:0001547A

Line numbers for VA508AccessibilityCompiler(VA508AccessibilityCompiler.pas) segment .itext

  1206 0002:000002E0  1208 0002:000002F8

Line numbers for VA508ImageListLabelerPE(VA508ImageListLabelerPE.pas) segment .text

    86 0001:00015C0C    87 0001:00015C27    88 0001:00015C42    89 0001:00015C5D
    90 0001:00015C78    91 0001:00015C88   103 0001:00015CDC   104 0001:00015CF2
   106 0001:00015CFB   107 0001:00015D11   108 0001:00015D21   115 0001:00015D40
   116 0001:00015D44   117 0001:00015D4D   118 0001:00015D57   120 0001:00015D60
   121 0001:00015D70   125 0001:00015D80   126 0001:00015D85   129 0001:00015D88
   130 0001:00015D93   132 0001:00015D9C   133 0001:00015DB4   135 0001:00015DBB
   136 0001:00015DC7   140 0001:00015DD8   141 0001:00015DDF   147 0001:00015DE0
   148 0001:00015DE6   149 0001:00015DED   150 0001:00015E0F   151 0001:00015E25
   160 0001:00015E2C   161 0001:00015E37   163 0001:00015E42   164 0001:00015E56
   165 0001:00015E64   167 0001:00015E83   168 0001:00015E9B   169 0001:00015EAB
   170 0001:00015EAF   171 0001:00015EB9   165 0001:00015EBA   173 0001:00015ECC
   176 0001:00015EE8   180 0001:00015EF0   181 0001:00015F07   182 0001:00015F0E
   183 0001:00015F15   184 0001:00015F1C   186 0001:00015F1E   192 0001:00015F20
   193 0001:00015F21   194 0001:00015F2A   196 0001:00015F2E   197 0001:00015F31
   198 0001:00015F38   201 0001:00015F3C   202 0001:00015F3E   203 0001:00015F46
   204 0001:00015F4C   211 0001:00015F50   212 0001:00015F59   214 0001:00015F69
   215 0001:00015F73   216 0001:00015F87   217 0001:00015F95   219 0001:00015FA1
   220 0001:00015FBF   221 0001:00015FD5   224 0001:00015FDF   225 0001:00015FE8
   227 0001:00015FF5   228 0001:00015FFD   229 0001:0001600B   230 0001:0001601A
   231 0001:0001601F   233 0001:0001602E   235 0001:0001603B   236 0001:00016046
   238 0001:0001606D   239 0001:00016077   240 0001:00016086   239 0001:00016090
   241 0001:00016094   242 0001:000160A4   244 0001:000160B4   245 0001:000160C9
   246 0001:000160DE   247 0001:000160EC   248 0001:000160FD   249 0001:0001610E
   250 0001:00016119   251 0001:00016124   252 0001:0001613B   254 0001:00016152
   256 0001:00016170   257 0001:0001617D   260 0001:0001619F   263 0001:000161BB
   272 0001:000161C0   273 0001:000161D0   274 0001:000161D9   276 0001:000161EF
   277 0001:000161F8   279 0001:0001620E   281 0001:00016212   282 0001:00016226
   285 0001:00016244   287 0001:00016258   288 0001:00016267   289 0001:0001627B
   290 0001:00016291   291 0001:00016295   294 0001:000162AD   295 0001:000162B9
   300 0001:000162C0   301 0001:000162D7   303 0001:00016305   307 0001:0001633C
   308 0001:00016346   309 0001:0001634B   312 0001:0001634C   313 0001:00016355
   314 0001:00016359   316 0001:00016367   317 0001:00016372   321 0001:0001639C
   322 0001:000163A1   332 0001:000163A4   333 0001:000163CC   334 0001:000163DD
   336 0001:000163E3   338 0001:000163EE   339 0001:000163FC   340 0001:00016443
   336 0001:00016446   342 0001:00016449   348 0001:0001648C   349 0001:000164AE
   350 0001:000164B7   351 0001:000164C3   352 0001:000164C7   353 0001:000164FD
   356 0001:00016538   357 0001:0001653E   358 0001:0001654A   359 0001:00016566
   365 0001:0001656C   366 0001:00016585   367 0001:0001658F   368 0001:0001659C
   369 0001:000165A0   370 0001:000165AE   371 0001:000165B8   379 0001:000165E8
   380 0001:000165EC   381 0001:000165F5   382 0001:000165FF   384 0001:0001660A
   385 0001:00016611   391 0001:0001661C   392 0001:00016622   393 0001:00016632
   394 0001:0001663A   397 0001:0001664C   398 0001:00016652   399 0001:0001665E
   400 0001:0001667A

Line numbers for VA508ImageListLabelerPE(VA508ImageListLabelerPE.pas) segment .itext

   402 0002:00000310

Line numbers for .VA508Access2006(C:\CPRSDev\cprs\main\VA\VA508Accessibility\VA508Access2006.dpk) segment .itext

    58 0002:00000318

Bound resource files

VA508AccessibilityCompileInfo.dfm
VA508ImageListLabelerPE.dfm
VA508Access2006.res
VA508AccessibilityManager.dcr
VA508ImageListLabeler.dcr
VA508Access2006.drf


Program entry point at 0002:00000318
